Component: Arm Compiler for Embedded 6.19 Tool: armlink [5e73cb00]

==============================================================================

Section Cross References

    app_wifi_bt.o(.text.WiFiBtAppTest) refers to dev_uart.o(.text.UartDevicesRegister) for UartDevicesRegister
    app_wifi_bt.o(.text.WiFiBtAppTest) refers to dev_timer.o(.text.TimerDevicesRegister) for TimerDevicesRegister
    app_wifi_bt.o(.text.WiFiBtAppTest) refers to dev_wifi_bt.o(.text.WiFiBtDevInit) for WiFiBtDevInit
    app_wifi_bt.o(.text.WiFiBtAppTest) refers to app_wifi_bt.o(.rodata.str1.1) for .L.str
    app_wifi_bt.o(.text.WiFiBtAppTest) refers to printfa.o(i.__0printf) for printf
    app_wifi_bt.o(.text.WiFiBtAppTest) refers to dev_wifi_bt.o(.text.WiFiBtDevSetWorkType) for WiFiBtDevSetWorkType
    app_wifi_bt.o(.text.WiFiBtAppTest) refers to dev_wifi_bt.o(.text.WiFiBtDevEnableDHCP) for WiFiBtDevEnableDHCP
    app_wifi_bt.o(.text.WiFiBtAppTest) refers to dev_wifi_bt.o(.text.WiFiBtDevConnectWiFi) for WiFiBtDevConnectWiFi
    app_wifi_bt.o(.text.WiFiBtAppTest) refers to dev_wifi_bt.o(.text.WiFiBtDevGetLocalIP) for WiFiBtDevGetLocalIP
    app_wifi_bt.o(.text.WiFiBtAppTest) refers to bsp_delay.o(.text.R_BSP_SoftwareDelay) for R_BSP_SoftwareDelay
    app_wifi_bt.o(.text.WiFiBtAppTest) refers to app_wifi_bt.o(.rodata..L__const.WiFiBtAppTest.connect) for .L__const.WiFiBtAppTest.connect
    app_wifi_bt.o(.text.WiFiBtAppTest) refers to dev_wifi_bt.o(.text.WiFiBtDevConnect) for WiFiBtDevConnect
    app_wifi_bt.o(.text.WiFiBtAppTest) refers to dev_wifi_bt.o(.text.TCP_Connect) for TCP_Connect
    app_wifi_bt.o(.text.WiFiBtAppTest) refers to memseta.o(.text) for __aeabi_memclr
    app_wifi_bt.o(.text.WiFiBtAppTest) refers to dev_wifi_bt.o(.text.WiFiBtDevRead) for WiFiBtDevRead
    app_wifi_bt.o(.text.WiFiBtAppTest) refers to dev_wifi_bt.o(.text.WiFiBtDevWrite) for WiFiBtDevWrite
    app_wifi_bt.o(.text.WiFiBtAppTest) refers to dev_wifi_bt.o(.text.TCP_Data) for TCP_Data
    app_wifi_bt.o(.ARM.exidx.text.WiFiBtAppTest) refers to app_wifi_bt.o(.text.WiFiBtAppTest) for [Anonymous Symbol]
    app_wifi_bt.o(.text.WiFiTCP_Init) refers to dev_wifi_bt.o(.text.WiFiBtDevInit) for WiFiBtDevInit
    app_wifi_bt.o(.text.WiFiTCP_Init) refers to app_wifi_bt.o(.rodata.str1.1) for .L.str
    app_wifi_bt.o(.text.WiFiTCP_Init) refers to printfa.o(i.__0printf) for printf
    app_wifi_bt.o(.text.WiFiTCP_Init) refers to dev_wifi_bt.o(.text.WiFiBtDevSetWorkType) for WiFiBtDevSetWorkType
    app_wifi_bt.o(.text.WiFiTCP_Init) refers to dev_wifi_bt.o(.text.WiFiBtDevEnableDHCP) for WiFiBtDevEnableDHCP
    app_wifi_bt.o(.text.WiFiTCP_Init) refers to dev_wifi_bt.o(.text.WiFiBtDevConnectWiFi) for WiFiBtDevConnectWiFi
    app_wifi_bt.o(.text.WiFiTCP_Init) refers to dev_wifi_bt.o(.text.WiFiBtDevGetLocalIP) for WiFiBtDevGetLocalIP
    app_wifi_bt.o(.text.WiFiTCP_Init) refers to bsp_delay.o(.text.R_BSP_SoftwareDelay) for R_BSP_SoftwareDelay
    app_wifi_bt.o(.text.WiFiTCP_Init) refers to dev_wifi_bt.o(.text.WiFiBtDevConnect) for WiFiBtDevConnect
    app_wifi_bt.o(.text.WiFiTCP_Init) refers to dev_wifi_bt.o(.text.TCP_Connect) for TCP_Connect
    app_wifi_bt.o(.ARM.exidx.text.WiFiTCP_Init) refers to app_wifi_bt.o(.text.WiFiTCP_Init) for [Anonymous Symbol]
    app_wifi_bt.o(.text.TCP_CmdRet) refers to app_wifi_bt.o(.rodata.str1.1) for .L.str.7
    app_wifi_bt.o(.text.TCP_CmdRet) refers to printfa.o(i.__0printf) for printf
    app_wifi_bt.o(.text.TCP_CmdRet) refers to bsp_delay.o(.text.R_BSP_SoftwareDelay) for R_BSP_SoftwareDelay
    app_wifi_bt.o(.ARM.exidx.text.TCP_CmdRet) refers to app_wifi_bt.o(.text.TCP_CmdRet) for [Anonymous Symbol]
    app_wifi_bt.o(.rodata..L__const.WiFiBtAppTest.connect) refers to app_wifi_bt.o(.rodata.str1.1) for [Anonymous Symbol]
    app_adc.o(.text.ADCAppTest) refers to dev_uart.o(.text.UartDevicesRegister) for UartDevicesRegister
    app_adc.o(.text.ADCAppTest) refers to dev_timer.o(.text.TimerDevicesRegister) for TimerDevicesRegister
    app_adc.o(.text.ADCAppTest) refers to dev_gpio.o(.text.IODevicesRegister) for IODevicesRegister
    app_adc.o(.text.ADCAppTest) refers to dev_mh.o(.text.MHGetDevice) for MHGetDevice
    app_adc.o(.text.ADCAppTest) refers to app_adc.o(.rodata.str1.1) for .L.str
    app_adc.o(.text.ADCAppTest) refers to printfa.o(i.__0printf) for printf
    app_adc.o(.text.ADCAppTest) refers to dev_mq.o(.text.MQGetDevice) for MQGetDevice
    app_adc.o(.text.ADCAppTest) refers to dev_ph.o(.text.PHGetDevice) for PHGetDevice
    app_adc.o(.text.ADCAppTest) refers to dev_mh.o(.text.MHData) for MHData
    app_adc.o(.text.ADCAppTest) refers to dev_mq.o(.text.MQData) for MQData
    app_adc.o(.text.ADCAppTest) refers to dev_ph.o(.text.PHData) for PHData
    app_adc.o(.text.ADCAppTest) refers to delay.o(.text.mdelay) for mdelay
    app_adc.o(.ARM.exidx.text.ADCAppTest) refers to app_adc.o(.text.ADCAppTest) for [Anonymous Symbol]
    app_dht11.o(.text.DeviceTest) refers to dev_uart.o(.text.UartDevicesRegister) for UartDevicesRegister
[...]
    g_bsp_pin_cfg                            0x0000a098   Data           8  pin_data.o(.rodata.g_bsp_pin_cfg)
    g_bsp_pin_cfg_data                       0x0000a0a0   Data         384  pin_data.o(.rodata.g_bsp_pin_cfg_data)
    g_external_irq6                          0x0000a220   Data          12  common_data.o(.rodata.g_external_irq6)
    g_external_irq6_cfg                      0x0000a22c   Data          32  common_data.o(.rodata.g_external_irq6_cfg)
    g_external_irq8                          0x0000a24c   Data          12  common_data.o(.rodata.g_external_irq8)
    g_external_irq8_cfg                      0x0000a258   Data          32  common_data.o(.rodata.g_external_irq8_cfg)
    g_external_irq9                          0x0000a278   Data          12  common_data.o(.rodata.g_external_irq9)
    g_external_irq9_cfg                      0x0000a284   Data          32  common_data.o(.rodata.g_external_irq9_cfg)
    g_external_irq_on_icu                    0x0000a2a4   Data          20  r_icu.o(.rodata.g_external_irq_on_icu)
    g_interrupt_event_link_select            0x0000a2b8   Data         384  vector_data.o(.rodata.g_interrupt_event_link_select)
    g_ioport                                 0x0000a438   Data          12  common_data.o(.rodata.g_ioport)
    g_ioport_on_ioport                       0x0000a444   Data          52  r_ioport.o(.rodata.g_ioport_on_ioport)
    g_timer0                                 0x0000a480   Data          12  hal_data.o(.rodata.g_timer0)
    g_timer0_cfg                             0x0000a48c   Data          36  hal_data.o(.rodata.g_timer0_cfg)
    g_timer0_extend                          0x0000a4b0   Data          72  hal_data.o(.rodata.g_timer0_extend)
    g_timer1                                 0x0000a4f8   Data          12  hal_data.o(.rodata.g_timer1)
    g_timer1_cfg                             0x0000a504   Data          36  hal_data.o(.rodata.g_timer1_cfg)
    g_timer1_extend                          0x0000a528   Data          72  hal_data.o(.rodata.g_timer1_extend)
    g_timer2                                 0x0000a570   Data          12  hal_data.o(.rodata.g_timer2)
    g_timer2_cfg                             0x0000a57c   Data          36  hal_data.o(.rodata.g_timer2_cfg)
    g_timer2_extend                          0x0000a5a0   Data          72  hal_data.o(.rodata.g_timer2_extend)
    g_timer5                                 0x0000a5e8   Data          12  hal_data.o(.rodata.g_timer5)
    g_timer5_cfg                             0x0000a5f4   Data          36  hal_data.o(.rodata.g_timer5_cfg)
    g_timer5_extend                          0x0000a618   Data          72  hal_data.o(.rodata.g_timer5_extend)
    g_timer_on_gpt                           0x0000a660   Data          48  r_gpt.o(.rodata.g_timer_on_gpt)
    g_uart6                                  0x0000a690   Data          12  hal_data.o(.rodata.g_uart6)
    g_uart6_cfg                              0x0000a69c   Data          68  hal_data.o(.rodata.g_uart6_cfg)
    g_uart6_cfg_extend                       0x0000a6e0   Data          40  hal_data.o(.rodata.g_uart6_cfg_extend)
    g_uart7                                  0x0000a708   Data          12  hal_data.o(.rodata.g_uart7)
    g_uart7_cfg                              0x0000a714   Data          68  hal_data.o(.rodata.g_uart7_cfg)
    g_uart7_cfg_extend                       0x0000a758   Data          40  hal_data.o(.rodata.g_uart7_cfg_extend)
    g_uart_on_sci                            0x0000a780   Data          36  r_sci_uart.o(.rodata.g_uart_on_sci)
    Load$$DATA$$Base                         0x0000ad28   Number         0  anon$$obj.o ABSOLUTE
    Image$$__tz_FLASH_C$$Base                0x0000f800   Number         0  anon$$obj.o ABSOLUTE
    Image$$__tz_FLASH_N$$Base                0x00010000   Number         0  anon$$obj.o ABSOLUTE
    Image$$__tz_DATA_FLASH_N$$Base           0x08000000   Number         0  anon$$obj.o ABSOLUTE
    Image$$__tz_DATA_FLASH_S$$Base           0x08000000   Number         0  anon$$obj.o ABSOLUTE
    Image$$DATA$$Base                        0x20000000   Number         0  anon$$obj.o ABSOLUTE
    Image$$__tz_RAM_S$$Base                  0x20000000   Number         0  anon$$obj.o ABSOLUTE
    __microlib_freelist                      0x20000000   Data           4  mvars.o(.data)
    __microlib_freelist_initialised          0x20000004   Data           4  mvars.o(.data)
    Font_11x18                               0x20000008   Data           8  dev_lcd.o(.data.Font_11x18)
    Font_7x10                                0x20000010   Data           8  dev_lcd.o(.data.Font_7x10)
    g_uart6_baud_setting                     0x2000012c   Data           4  hal_data.o(.data.g_uart6_baud_setting)
    g_uart7_baud_setting                     0x20000130   Data           4  hal_data.o(.data.g_uart7_baud_setting)
    measurementNoise                         0x20000138   Data           8  kalman.o(.data.measurementNoise)
    processNoise                             0x20000140   Data           8  kalman.o(.data.processNoise)
    weights                                  0x20000148   Data          24  kalman.o(.data.weights)
    BH1750_Buf                               0x20000160   Data           8  dev_bh1750_1.o(.bss.BH1750_Buf)
    Image$$BSS$$ZI$$Base                     0x20000160   Number         0  anon$$obj.o ABSOLUTE
    Data                                     0x20000178   Data          24  hal_entry.o(.bss.Data)
    Data_Stream                              0x20000190   Data         128  hal_entry.o(.bss.Data_Stream)
    SystemCoreClock                          0x20000210   Data           4  system.o(.bss.SystemCoreClock)
    __stdout                                 0x2000021c   Data          84  printf.o(.bss.__stdout)
    dis_data                                 0x20000274   Data           4  dev_bh1750_1.o(.bss.dis_data)
    estimates                                0x20000280   Data           8  kalman.o(.bss.estimates)
    g_adc5_ctrl                              0x200003c8   Data          36  hal_data.o(.bss.g_adc5_ctrl)
    g_bsp_group_irq_sources                  0x200003ec   Data          64  bsp_group_irq.o(.bss.g_bsp_group_irq_sources)
    g_external_irq6_ctrl                     0x2000042c   Data          20  common_data.o(.bss.g_external_irq6_ctrl)
    g_external_irq8_ctrl                     0x20000440   Data          20  common_data.o(.bss.g_external_irq8_ctrl)
    g_external_irq9_ctrl                     0x20000454   Data          20  common_data.o(.bss.g_external_irq9_ctrl)
    g_ioport_ctrl                            0x20000468   Data           8  common_data.o(.bss.g_ioport_ctrl)
    g_protect_counters                       0x20000470   Data           8  bsp_register_protection.o(.bss.g_protect_counters)
    g_protect_pfswe_counter                  0x20000478   Data           4  bsp_io.o(.bss.g_protect_pfswe_counter)
    g_timer0_ctrl                            0x2000047c   Data          32  hal_data.o(.bss.g_timer0_ctrl)
    g_timer1_ctrl                            0x2000049c   Data          32  hal_data.o(.bss.g_timer1_ctrl)
    g_timer2_ctrl                            0x200004bc   Data          32  hal_data.o(.bss.g_timer2_ctrl)
    g_timer5_ctrl                            0x200004dc   Data          32  hal_data.o(.bss.g_timer5_ctrl)
    g_uart6_ctrl                             0x200004fc   Data          48  hal_data.o(.bss.g_uart6_ctrl)
    g_uart7_ctrl                             0x2000052c   Data          48  hal_data.o(.bss.g_uart7_ctrl)
    gp_renesas_isr_context                   0x2000055c   Data         384  bsp_irq.o(.bss.gp_renesas_isr_context)
    key_sw1_press                            0x200006dc   Data           1  drv_gpio.o(.bss.key_sw1_press)
    key_sw2_press                            0x200006dd   Data           1  drv_gpio.o(.bss.key_sw2_press)
    key_sw3_press                            0x200006de   Data           1  drv_gpio.o(.bss.key_sw3_press)
    key_sw4_press                            0x200006df   Data           1  drv_gpio.o(.bss.key_sw4_press)
    last_interrupt_time                      0x200006e0   Data           4  drv_gpio.o(.bss.last_interrupt_time)
    measurements                             0x200006e8   Data          24  kalman.o(.bss.measurements)
    str                                      0x20000704   Data         100  hal_entry.o(.bss.str)
    Image$$ARM_LIB_HEAP$$ZI$$Base            0x20000788   Number         0  anon$$obj.o ABSOLUTE
    Image$$ARM_LIB_HEAP$$ZI$$Limit           0x20002788   Number         0  anon$$obj.o ABSOLUTE
    Image$$__tz_RAM_C$$Base                  0x20080000   Number         0  anon$$obj.o ABSOLUTE
    Image$$__tz_RAM_N$$Base                  0x20080000   Number         0  anon$$obj.o ABSOLUTE



==============================================================================

Memory Map of the image

  Image Entry point : 0x000043e5

  Load Region LOAD_REGION_FLASH (Base: 0x00000000, Size: 0x0000ae88, Max: 0x00100000, ABSOLUTE)

    Execution Region __tz_FLASH_S (Exec base: 0x00000000, Load base: 0x00000000, Size: 0x00000000, Max: 0x00000000, ABSOLUTE)

    Exec Addr    Load Addr    Size         Type   Attr      Idx    E Section Name        Object

    0x00000000        -       0x00000000   Zero   RW            1    __tz_FLASH_S.bss    anon$$obj.o


    Execution Region VECTORS (Exec base: 0x00000000, Load base: 0x00000000, Size: 0x000001c0, Max: 0xffffffff, ABSOLUTE, FIXED)

    Exec Addr    Load Addr    Size         Type   Attr      Idx    E Section Name        Object

    0x00000000   0x00000000   0x00000040   Data   RO          716    .fixed_vectors      startup.o
    0x00000040   0x00000040   0x00000180   Data   RO         1304    .application_vectors  vector_data.o


    Execution Region MCUBOOT_SCE9_KEY (Exec base: 0x000001c0, Load base: 0x000001c0, Size: 0x00000000, Max: 0xffffffff, ABSOLUTE, FIXED)

    **** No section assigned to this execution region ****


    Execution Region INIT_ARRAY (Exec base: 0x000001c0, Load base: 0x000001c0, Size: 0x00000000, Max: 0xffffffff, ABSOLUTE, FIXED)

    **** No section assigned to this execution region ****


    Execution Region USB_DESC_FS (Exec base: 0x000001c0, Load base: 0x000001c0, Size: 0x00000000, Max: 0xffffffff, ABSOLUTE, FIXED)

    **** No section assigned to this execution region ****


    Execution Region RO_CODE_DATA (Exec base: 0x000001c0, Load base: 0x000001c0, Size: 0x0000ab64, Max: 0xffffffff, ABSOLUTE, FIXED)

    Exec Addr    Load Addr    Size         Type   Attr      Idx    E Section Name        Object

    0x000001c0   0x000001c0   0x00000062   Code   RO         1312    .text               mc_w.l(uldiv.o)
    0x00000222   0x00000222   0x00000024   Code   RO         1320    .text               mc_w.l(memcpya.o)
    0x00000246   0x00000246   0x00000024   Code   RO         1322    .text               mc_w.l(memseta.o)
    0x0000026a   0x0000026a   0x00000024   Code   RO         1324    .text               mc_w.l(strstr.o)
    0x0000028e   0x0000028e   0x0000000e   Code   RO         1326    .text               mc_w.l(strlen.o)
    0x0000029c   0x0000029c   0x0000001c   Code   RO         1328    .text               mc_w.l(strcmp.o)
    0x000002b8   0x000002b8   0x0000014e   Code   RO         1388    .text               mf_w.l(dadd.o)
    0x00000406   0x00000406   0x000000e4   Code   RO         1390    .text               mf_w.l(dmul.o)
    0x000004ea   0x000004ea   0x000000de   Code   RO         1392    .text               mf_w.l(ddiv.o)
    0x000005c8   0x000005c8   0x00000036   Code   RO         1394    .text               mf_w.l(dcmple.o)
    0x000005fe   0x000005fe   0x00000036   Code   RO         1396    .text               mf_w.l(dcmpge.o)
    0x00000634   0x00000634   0x00000022   Code   RO         1398    .text               mf_w.l(dflti.o)
    0x00000656   0x00000656   0x00000026   Code   RO         1400    .text               mf_w.l(f2d.o)
    0x0000067c   0x0000067c   0x00000038   Code   RO         1402    .text               mf_w.l(d2f.o)
    0x000006b4   0x000006b4   0x0000002c   Code   RO         1413    .text               mc_w.l(uidiv.o)
    0x000006e0   0x000006e0   0x0000001e   Code   RO         1415    .text               mc_w.l(llshl.o)
    0x000006fe   0x000006fe   0x00000020   Code   RO         1417    .text               mc_w.l(llushr.o)
    0x0000071e   0x0000071e   0x00000024   Code   RO         1419    .text               mc_w.l(llsshr.o)
    0x00000742   0x00000742   0x00000000   Code   RO         1423    .text               mc_w.l(iusefp.o)
    0x00000742   0x00000742   0x0000006e   Code   RO         1424    .text               mf_w.l(fepilogue.o)
    0x000007b0   0x000007b0   0x000000ba   Code   RO         1426    .text               mf_w.l(depilogue.o)
    0x0000086a   0x0000086a   0x00000030   Code   RO         1428    .text               mf_w.l(dfixul.o)
    0x0000089a   0x0000089a   0x00000002   PAD
    0x0000089c   0x0000089c   0x00000030   Code   RO         1430    .text               mf_w.l(cdrcmple.o)
    0x000008cc   0x000008cc   0x00000034   Code   RO           78    .text.BH1750Data    app_bh1750.o
    0x00000900   0x00000900   0x0000003e   Code   RO          634    .text.BH1750_IIC_ACK  drv_bh1750_iic.o
    0x0000093e   0x0000093e   0x00000002   PAD
    0x00000940   0x00000940   0x0000000a   Code   RO          622    .text.BH1750_IIC_Delay  drv_bh1750_iic.o
    0x0000094a   0x0000094a   0x00000002   PAD
    0x0000094c   0x0000094c   0x0000009c   Code   RO          630    .text.BH1750_IIC_Get_ack  drv_bh1750_iic.o
    0x000009e8   0x000009e8   0x0000002e   Code   RO          624    .text.BH1750_IIC_Init  drv_bh1750_iic.o
    0x00000a16   0x00000a16   0x00000002   PAD
    0x00000a18   0x00000a18   0x0000003a   Code   RO          636    .text.BH1750_IIC_NACK  drv_bh1750_iic.o
    0x00000a52   0x00000a52   0x00000002   PAD
    0x00000a54   0x00000a54   0x000000ac   Code   RO          640    .text.BH1750_IIC_read_byte  drv_bh1750_iic.o
    0x00000b00   0x00000b00   0x0000004c   Code   RO          626    .text.BH1750_IIC_start  drv_bh1750_iic.o
    0x00000b4c   0x00000b4c   0x0000004c   Code   RO          628    .text.BH1750_IIC_stop  drv_bh1750_iic.o
    0x00000b98   0x00000b98   0x000000a8   Code   RO          638    .text.BH1750_IIC_write_byte  drv_bh1750_iic.o
    0x00000c40   0x00000c40   0x000000e0   Code   RO          114    .text.Control_WaterPump  kalman.o
    0x00000d20   0x00000d20   0x00000078   Code   RO          187    .text.DHT11DevInit  dev_dht11.o
    0x00000d98   0x00000d98   0x0000033e   Code   RO          189    .text.DHT11DevRead  dev_dht11.o
    0x000010d6   0x000010d6   0x00000002   PAD
    0x000010d8   0x000010d8   0x0000000a   Code   RO          185    .text.DHT11GetDevice  dev_dht11.o
    0x000010e2   0x000010e2   0x00000002   PAD
    0x000010e4   0x000010e4   0x00000004   Code   RO          713    .text.Default_Handler  startup.o
    0x000010e8   0x000010e8   0x0000003c   Code   RO           66    .text.DeviceData    app_dht11.o
    0x00001124   0x00001124   0x0000001e   Code   RO           90    .text.DispApp_Init  app_disp.o
    0x00001142   0x00001142   0x00000002   PAD
    0x00001144   0x00001144   0x000000dc   Code   RO          508    .text.GPTDrvInit    drv_gpt.o
    0x00001220   0x00001220   0x0000003e   Code   RO          518    .text.GPTDrvRead    drv_gpt.o
    0x0000125e   0x0000125e   0x00000002   PAD
    0x00001260   0x00001260   0x000000a6   Code   RO          514    .text.GPTDrvStart   drv_gpt.o
    0x00001306   0x00001306   0x00000002   PAD
    0x00001308   0x00001308   0x00000116   Code   RO          516    .text.GPTDrvStop    drv_gpt.o
    0x0000141e   0x0000141e   0x00000002   PAD
    0x00001420   0x00001420   0x00000190   Code   RO          520    .text.GPTDrvTimeout  drv_gpt.o
    0x000015b0   0x000015b0   0x00000022   Code   RO          522    .text.GPTDrvWaitTimer0Overflow  drv_gpt.o
    0x000015d2   0x000015d2   0x00000002   PAD
    0x000015d4   0x000015d4   0x00000022   Code   RO          524    .text.GPTDrvWaitTimer1Overflow  drv_gpt.o
    0x000015f6   0x000015f6   0x00000002   PAD
    0x000015f8   0x000015f8   0x00000030   Code   RO          506    .text.GPTTimerDevicesCreate  drv_gpt.o
    0x00001628   0x00001628   0x00000140   Code   RO          579    .text.GetADC_Average  drv_adc.o
    0x00001768   0x00001768   0x000000a8   Code   RO          597    .text.GptPWMDrvInit  drv_gpt_pwm.o
    0x00001810   0x00001810   0x00000072   Code   RO          490    .text.HAL_Delay     drv_systick.o
    0x00001882   0x00001882   0x00000002   PAD
    0x00001884   0x00001884   0x0000000c   Code   RO          486    .text.HAL_GetTick   drv_systick.o
    0x00001890   0x00001890   0x0000001c   Code   RO          632    .text.IIC_SDA_Read  drv_bh1750_iic.o
    0x000018ac   0x000018ac   0x00000042   Code   RO          438    .text.IODeviceFind  dev_gpio.o
    0x000018ee   0x000018ee   0x00000002   PAD
    0x000018f0   0x000018f0   0x00000040   Code   RO          436    .text.IODeviceInsert  dev_gpio.o
    0x00001930   0x00001930   0x0000004c   Code   RO          434    .text.IODeviceList  dev_gpio.o
    0x0000197c   0x0000197c   0x0000001c   Code   RO          538    .text.IODevicesCreate  drv_gpio.o
    0x00001998   0x00001998   0x0000000c   Code   RO          432    .text.IODevicesRegister  dev_gpio.o
    0x000019a4   0x000019a4   0x000001cc   Code   RO          552    .text.IODrvInit     drv_gpio.o
    0x00001b70   0x00001b70   0x0000009c   Code   RO          556    .text.IODrvRead     drv_gpio.o
    0x00001c0c   0x00001c0c   0x000000a2   Code   RO          554    .text.IODrvWrite    drv_gpio.o
    0x00001cae   0x00001cae   0x00000002   PAD
    0x00001cb0   0x00001cb0   0x00000050   Code   RO          540    .text.IOGetDecvice  drv_gpio.o
    0x00001d00   0x00001d00   0x0000008e   Code   RO          544    .text.KeyProcessJitter  drv_gpio.o
    0x00001d8e   0x00001d8e   0x00000002   PAD
    0x00001d90   0x00001d90   0x000000da   Code   RO          546    .text.KeyProcessMotor  drv_gpio.o
    0x00001e6a   0x00001e6a   0x00000002   PAD
    0x00001e6c   0x00001e6c   0x000000c4   Code   RO          548    .text.KeyProcessWater  drv_gpio.o
    0x00001f30   0x00001f30   0x000000e0   Code   RO          550    .text.KeyProcessWind  drv_gpio.o
    0x00002010   0x00002010   0x00000248   Code   RO          265    .text.LCD_Init      dev_lcd.o
    0x00002258   0x00002258   0x00000070   Code   RO          387    .text.LIght_Intensity  dev_bh1750_1.o
    0x000022c8   0x000022c8   0x00000128   Code   RO          221    .text.MHData        dev_mh.o
    0x000023f0   0x000023f0   0x000000a8   Code   RO          225    .text.MHDrvInit     dev_mh.o
    0x00002498   0x00002498   0x000000d2   Code   RO          227    .text.MHDrvRead     dev_mh.o
    0x0000256a   0x0000256a   0x00000002   PAD
    0x0000256c   0x0000256c   0x0000000a   Code   RO          219    .text.MHGetDevice   dev_mh.o
    0x00002576   0x00002576   0x00000002   PAD
    0x00002578   0x00002578   0x00000040   Code   RO          223    .text.MH_PinRead    dev_mh.o
    0x000025b8   0x000025b8   0x00000068   Code   RO          240    .text.MQData        dev_mq.o
    0x00002620   0x00002620   0x00000090   Code   RO          242    .text.MQDrvInit     dev_mq.o
    0x000026b0   0x000026b0   0x000000d2   Code   RO          244    .text.MQDrvRead     dev_mq.o
    0x00002782   0x00002782   0x00000002   PAD
    0x00002784   0x00002784   0x0000000a   Code   RO          238    .text.MQGetDevice   dev_mq.o
    0x0000278e   0x0000278e   0x00000002   PAD
    0x00002790   0x00002790   0x00000064   Code   RO          381    .text.Multiple_read_BH1750  dev_bh1750_1.o
    0x000027f4   0x000027f4   0x00000052   Code   RO          806    .text.NMI_Handler   bsp_group_irq.o
    0x00002846   0x00002846   0x00000002   PAD
    0x00002848   0x00002848   0x000000f0   Code   RO          204    .text.PHData        dev_ph.o
    0x00002938   0x00002938   0x00000090   Code   RO          206    .text.PHDrvInit     dev_ph.o
    0x000029c8   0x000029c8   0x000000d2   Code   RO          208    .text.PHDrvRead     dev_ph.o
    0x00002a9a   0x00002a9a   0x00000002   PAD
    0x00002a9c   0x00002a9c   0x0000000a   Code   RO          202    .text.PHGetDevice   dev_ph.o
    0x00002aa6   0x00002aa6   0x00000002   PAD
    0x00002aa8   0x00002aa8   0x0000008c   Code   RO          601    .text.PWM_LED       drv_gpt_pwm.o
    0x00002b34   0x00002b34   0x0000005e   Code   RO          599    .text.PWM_SetDuty   drv_gpt_pwm.o
    0x00002b92   0x00002b92   0x00000002   PAD
    0x00002b94   0x00002b94   0x0000000c   Code   RO          902    .text.R_ADC_Calibrate  r_adc.o
    0x00002ba0   0x00002ba0   0x00000026   Code   RO          906    .text.R_ADC_CallbackSet  r_adc.o
    0x00002bc6   0x00002bc6   0x00000002   PAD
    0x00002bc8   0x00002bc8   0x00000092   Code   RO          908    .text.R_ADC_Close   r_adc.o
    0x00002c5a   0x00002c5a   0x00000002   PAD
    0x00002c5c   0x00002c5c   0x000000e2   Code   RO          910    .text.R_ADC_InfoGet  r_adc.o
    0x00002d3e   0x00002d3e   0x00000002   PAD
    0x00002d40   0x00002d40   0x0000000e   Code   RO          904    .text.R_ADC_OffsetSet  r_adc.o
    0x00002d4e   0x00002d4e   0x00000002   PAD
    0x00002d50   0x00002d50   0x0000009c   Code   RO          886    .text.R_ADC_Open    r_adc.o
    0x00002dec   0x00002dec   0x00000022   Code   RO          898    .text.R_ADC_Read    r_adc.o
    0x00002e0e   0x00002e0e   0x00000002   PAD
    0x00002e10   0x00002e10   0x0000005e   Code   RO          900    .text.R_ADC_Read32  r_adc.o
    0x00002e6e   0x00002e6e   0x00000002   PAD
    0x00002e70   0x00002e70   0x0000002a   Code   RO          888    .text.R_ADC_ScanCfg  r_adc.o
    0x00002e9a   0x00002e9a   0x00000002   PAD
    0x00002e9c   0x00002e9c   0x0000000c   Code   RO          892    .text.R_ADC_ScanGroupStart  r_adc.o
    0x00002ea8   0x00002ea8   0x00000016   Code   RO          890    .text.R_ADC_ScanStart  r_adc.o
    0x00002ebe   0x00002ebe   0x00000002   PAD
    0x00002ec0   0x00002ec0   0x00000014   Code   RO          894    .text.R_ADC_ScanStop  r_adc.o
    0x00002ed4   0x00002ed4   0x0000001c   Code   RO          896    .text.R_ADC_StatusGet  r_adc.o
    0x00002ef0   0x00002ef0   0x00000040   Code   RO          755    .text.R_BSP_FlashCacheEnable  bsp_clocks.o
    0x00002f30   0x00002f30   0x0000008a   Code   RO          767    .text.R_BSP_Init_RTC  bsp_clocks.o
    0x00002fba   0x00002fba   0x00000002   PAD
    0x00002fbc   0x00002fbc   0x00000026   Code   RO          948    .text.R_BSP_IrqCfg  r_adc.o
    0x00002fe2   0x00002fe2   0x00000002   PAD
    0x00002fe4   0x00002fe4   0x00000026   Code   RO         1045    .text.R_BSP_IrqCfg  r_gpt.o
    0x0000300a   0x0000300a   0x00000002   PAD
    0x0000300c   0x0000300c   0x00000026   Code   RO         1076    .text.R_BSP_IrqCfg  r_icu.o
    0x00003032   0x00003032   0x00000002   PAD
    0x00003034   0x00003034   0x00000026   Code   RO         1209    .text.R_BSP_IrqCfg  r_sci_uart.o
    0x0000305a   0x0000305a   0x00000002   PAD
    0x0000305c   0x0000305c   0x0000001e   Code   RO          946    .text.R_BSP_IrqCfgEnable  r_adc.o
    0x0000307a   0x0000307a   0x00000002   PAD
    0x0000307c   0x0000307c   0x0000001e   Code   RO         1043    .text.R_BSP_IrqCfgEnable  r_gpt.o
    0x0000309a   0x0000309a   0x00000002   PAD
    0x0000309c   0x0000309c   0x00000032   Code   RO          954    .text.R_BSP_IrqClearPending  r_adc.o
    0x000030ce   0x000030ce   0x00000002   PAD
    0x000030d0   0x000030d0   0x00000032   Code   RO         1029    .text.R_BSP_IrqClearPending  r_gpt.o
    0x00003102   0x00003102   0x00000002   PAD
    0x00003104   0x00003104   0x00000032   Code   RO         1092    .text.R_BSP_IrqClearPending  r_icu.o
    0x00003136   0x00003136   0x00000002   PAD
    0x00003138   0x00003138   0x00000032   Code   RO         1203    .text.R_BSP_IrqClearPending  r_sci_uart.o
    0x0000316a   0x0000316a   0x00000002   PAD
    0x0000316c   0x0000316c   0x0000002e   Code   RO          958    .text.R_BSP_IrqDisable  r_adc.o
    0x0000319a   0x0000319a   0x00000002   PAD
    0x0000319c   0x0000319c   0x0000002e   Code   RO         1053    .text.R_BSP_IrqDisable  r_gpt.o
    0x000031ca   0x000031ca   0x00000002   PAD
    0x000031cc   0x000031cc   0x0000002e   Code   RO         1080    .text.R_BSP_IrqDisable  r_icu.o
    0x000031fa   0x000031fa   0x00000002   PAD
    0x000031fc   0x000031fc   0x0000002e   Code   RO         1179    .text.R_BSP_IrqDisable  r_sci_uart.o
    0x0000322a   0x0000322a   0x00000002   PAD
    0x0000322c   0x0000322c   0x00000016   Code   RO          950    .text.R_BSP_IrqEnable  r_adc.o
    0x00003242   0x00003242   0x00000002   PAD
    0x00003244   0x00003244   0x00000016   Code   RO         1047    .text.R_BSP_IrqEnable  r_gpt.o
    0x0000325a   0x0000325a   0x00000002   PAD
    0x0000325c   0x0000325c   0x00000016   Code   RO         1078    .text.R_BSP_IrqEnable  r_icu.o
    0x00003272   0x00003272   0x00000002   PAD
    0x00003274   0x00003274   0x00000016   Code   RO         1177    .text.R_BSP_IrqEnable  r_sci_uart.o
    0x0000328a   0x0000328a   0x00000002   PAD
    0x0000328c   0x0000328c   0x00000024   Code   RO          956    .text.R_BSP_IrqEnableNoClear  r_adc.o
    0x000032b0   0x000032b0   0x00000024   Code   RO         1051    .text.R_BSP_IrqEnableNoClear  r_gpt.o
    0x000032d4   0x000032d4   0x00000024   Code   RO         1094    .text.R_BSP_IrqEnableNoClear  r_icu.o
    0x000032f8   0x000032f8   0x00000024   Code   RO         1205    .text.R_BSP_IrqEnableNoClear  r_sci_uart.o
    0x0000331c   0x0000331c   0x00000024   Code   RO          938    .text.R_BSP_IrqStatusClear  r_adc.o
    0x00003340   0x00003340   0x00000024   Code   RO         1025    .text.R_BSP_IrqStatusClear  r_gpt.o
    0x00003364   0x00003364   0x00000024   Code   RO         1090    .text.R_BSP_IrqStatusClear  r_icu.o
    0x00003388   0x00003388   0x00000024   Code   RO         1191    .text.R_BSP_IrqStatusClear  r_sci_uart.o
    0x000033ac   0x000033ac   0x00000066   Code   RO         1138    .text.R_BSP_PinAccessDisable  r_ioport.o
    0x00003412   0x00003412   0x00000002   PAD
    0x00003414   0x00003414   0x00000056   Code   RO         1134    .text.R_BSP_PinAccessEnable  r_ioport.o
    0x0000346a   0x0000346a   0x00000002   PAD
    0x0000346c   0x0000346c   0x00000026   Code   RO         1140    .text.R_BSP_PinRead  r_ioport.o
    0x00003492   0x00003492   0x00000002   PAD
    0x00003494   0x00003494   0x00000072   Code   RO          837    .text.R_BSP_RegisterProtectDisable  bsp_register_protection.o
    0x00003506   0x00003506   0x00000002   PAD
    0x00003508   0x00003508   0x00000086   Code   RO          835    .text.R_BSP_RegisterProtectEnable  bsp_register_protection.o
    0x0000358e   0x0000358e   0x00000002   PAD
    0x00003590   0x00003590   0x0000009a   Code   RO          793    .text.R_BSP_SoftwareDelay  bsp_delay.o
    0x0000362a   0x0000362a   0x00000002   PAD
    0x0000362c   0x0000362c   0x0000001a   Code   RO          765    .text.R_BSP_SourceClockHzGet  bsp_clocks.o
    0x00003646   0x00003646   0x00000002   PAD
    0x00003648   0x00003648   0x00000032   Code   RO          696    .text.R_BSP_WarmStart  hal_entry.o
    0x0000367a   0x0000367a   0x00000002   PAD
    0x0000367c   0x0000367c   0x0000001a   Code   RO         1023    .text.R_FSP_CurrentIrqGet  r_gpt.o
    0x00003696   0x00003696   0x00000002   PAD
    0x00003698   0x00003698   0x0000001a   Code   RO         1086    .text.R_FSP_CurrentIrqGet  r_icu.o
    0x000036b2   0x000036b2   0x00000002   PAD
    0x000036b4   0x000036b4   0x0000001a   Code   RO         1189    .text.R_FSP_CurrentIrqGet  r_sci_uart.o
    0x000036ce   0x000036ce   0x00000002   PAD
    0x000036d0   0x000036d0   0x00000016   Code   RO         1027    .text.R_FSP_IsrContextGet  r_gpt.o
    0x000036e6   0x000036e6   0x00000002   PAD
    0x000036e8   0x000036e8   0x00000016   Code   RO         1088    .text.R_FSP_IsrContextGet  r_icu.o
    0x000036fe   0x000036fe   0x00000002   PAD
    0x00003700   0x00003700   0x00000016   Code   RO         1193    .text.R_FSP_IsrContextGet  r_sci_uart.o
    0x00003716   0x00003716   0x00000002   PAD
    0x00003718   0x00003718   0x0000001a   Code   RO          952    .text.R_FSP_IsrContextSet  r_adc.o
    0x00003732   0x00003732   0x00000002   PAD
    0x00003734   0x00003734   0x0000001a   Code   RO         1049    .text.R_FSP_IsrContextSet  r_gpt.o
    0x0000374e   0x0000374e   0x00000002   PAD
    0x00003750   0x00003750   0x0000001a   Code   RO         1082    .text.R_FSP_IsrContextSet  r_icu.o
    0x0000376a   0x0000376a   0x00000002   PAD
    0x0000376c   0x0000376c   0x0000001a   Code   RO         1211    .text.R_FSP_IsrContextSet  r_sci_uart.o
    0x00003786   0x00003786   0x00000002   PAD
    0x00003788   0x00003788   0x0000003c   Code   RO          944    .text.R_FSP_SystemClockHzGet  r_adc.o
    0x000037c4   0x000037c4   0x0000003c   Code   RO         1055    .text.R_FSP_SystemClockHzGet  r_gpt.o
    0x00003800   0x00003800   0x00000026   Code   RO          989    .text.R_GPT_CallbackSet  r_gpt.o
    0x00003826   0x00003826   0x00000002   PAD
    0x00003828   0x00003828   0x00000064   Code   RO          991    .text.R_GPT_Close   r_gpt.o
    0x0000388c   0x0000388c   0x0000002a   Code   RO          979    .text.R_GPT_Disable  r_gpt.o
    0x000038b6   0x000038b6   0x00000002   PAD
    0x000038b8   0x000038b8   0x0000011e   Code   RO          983    .text.R_GPT_DutyCycleSet  r_gpt.o
    0x000039d6   0x000039d6   0x00000002   PAD
    0x000039d8   0x000039d8   0x00000080   Code   RO          977    .text.R_GPT_Enable  r_gpt.o
    0x00003a58   0x00003a58   0x00000036   Code   RO          985    .text.R_GPT_InfoGet  r_gpt.o
    0x00003a8e   0x00003a8e   0x00000002   PAD
    0x00003a90   0x00003a90   0x0000003a   Code   RO          969    .text.R_GPT_Open    r_gpt.o
    0x00003aca   0x00003aca   0x00000002   PAD
    0x00003acc   0x00003acc   0x00000084   Code   RO          981    .text.R_GPT_PeriodSet  r_gpt.o
    0x00003b50   0x00003b50   0x00000016   Code   RO          975    .text.R_GPT_Reset   r_gpt.o
    0x00003b66   0x00003b66   0x00000002   PAD
    0x00003b68   0x00003b68   0x00000016   Code   RO          971    .text.R_GPT_Start   r_gpt.o
    0x00003b7e   0x00003b7e   0x00000002   PAD
    0x00003b80   0x00003b80   0x00000028   Code   RO          987    .text.R_GPT_StatusGet  r_gpt.o
    0x00003ba8   0x00003ba8   0x00000016   Code   RO          973    .text.R_GPT_Stop    r_gpt.o
    0x00003bbe   0x00003bbe   0x00000002   PAD
    0x00003bc0   0x00003bc0   0x00000020   Code   RO         1072    .text.R_ICU_ExternalIrqCallbackSet  r_icu.o
    0x00003be0   0x00003be0   0x00000032   Code   RO         1074    .text.R_ICU_ExternalIrqClose  r_icu.o
    0x00003c12   0x00003c12   0x00000002   PAD
    0x00003c14   0x00003c14   0x00000018   Code   RO         1070    .text.R_ICU_ExternalIrqDisable  r_icu.o
    0x00003c2c   0x00003c2c   0x00000018   Code   RO         1068    .text.R_ICU_ExternalIrqEnable  r_icu.o
    0x00003c44   0x00003c44   0x000000bc   Code   RO         1066    .text.R_ICU_ExternalIrqOpen  r_icu.o
    0x00003d00   0x00003d00   0x00000012   Code   RO         1106    .text.R_IOPORT_Close  r_ioport.o
    0x00003d12   0x00003d12   0x00000002   PAD
    0x00003d14   0x00003d14   0x00000024   Code   RO         1104    .text.R_IOPORT_Open  r_ioport.o
    0x00003d38   0x00003d38   0x00000038   Code   RO         1110    .text.R_IOPORT_PinCfg  r_ioport.o
    0x00003d70   0x00003d70   0x00000058   Code   RO         1112    .text.R_IOPORT_PinEventInputRead  r_ioport.o
    0x00003dc8   0x00003dc8   0x00000064   Code   RO         1114    .text.R_IOPORT_PinEventOutputWrite  r_ioport.o
    0x00003e2c   0x00003e2c   0x0000001a   Code   RO         1116    .text.R_IOPORT_PinRead  r_ioport.o
    0x00003e46   0x00003e46   0x00000002   PAD
    0x00003e48   0x00003e48   0x00000072   Code   RO         1118    .text.R_IOPORT_PinWrite  r_ioport.o
    0x00003eba   0x00003eba   0x00000002   PAD
    0x00003ebc   0x00003ebc   0x00000014   Code   RO         1108    .text.R_IOPORT_PinsCfg  r_ioport.o
    0x00003ed0   0x00003ed0   0x00000060   Code   RO         1120    .text.R_IOPORT_PortDirectionSet  r_ioport.o
    0x00003f30   0x00003f30   0x0000002c   Code   RO         1122    .text.R_IOPORT_PortEventInputRead  r_ioport.o
    0x00003f5c   0x00003f5c   0x00000054   Code   RO         1124    .text.R_IOPORT_PortEventOutputWrite  r_ioport.o
    0x00003fb0   0x00003fb0   0x0000002a   Code   RO         1126    .text.R_IOPORT_PortRead  r_ioport.o
    0x00003fda   0x00003fda   0x00000002   PAD
    0x00003fdc   0x00003fdc   0x00000054   Code   RO         1128    .text.R_IOPORT_PortWrite  r_ioport.o
    0x00004030   0x00004030   0x00000066   Code   RO         1163    .text.R_SCI_UART_Abort  r_sci_uart.o
    0x00004096   0x00004096   0x00000002   PAD
    0x00004098   0x00004098   0x0000004a   Code   RO         1159    .text.R_SCI_UART_BaudSet  r_sci_uart.o
    0x000040e2   0x000040e2   0x00000002   PAD
    0x000040e4   0x000040e4   0x00000026   Code   RO         1165    .text.R_SCI_UART_CallbackSet  r_sci_uart.o
    0x0000410a   0x0000410a   0x00000002   PAD
    0x0000410c   0x0000410c   0x0000008c   Code   RO         1167    .text.R_SCI_UART_Close  r_sci_uart.o
    0x00004198   0x00004198   0x00000018   Code   RO         1161    .text.R_SCI_UART_InfoGet  r_sci_uart.o
    0x000041b0   0x000041b0   0x00000184   Code   RO         1153    .text.R_SCI_UART_Open  r_sci_uart.o
    0x00004334   0x00004334   0x00000022   Code   RO         1155    .text.R_SCI_UART_Read  r_sci_uart.o
    0x00004356   0x00004356   0x00000002   PAD
    0x00004358   0x00004358   0x0000001c   Code   RO         1169    .text.R_SCI_UART_ReadStop  r_sci_uart.o
    0x00004374   0x00004374   0x00000070   Code   RO         1157    .text.R_SCI_UART_Write  r_sci_uart.o
    0x000043e4   0x000043e4   0x0000000e   Code   RO          711  * .text.Reset_Handler  startup.o
    0x000043f2   0x000043f2   0x00000002   PAD
    0x000043f4   0x000043f4   0x00000052   Code   RO          669    .text.RingBufferClear  ring_buffer.o
    0x00004446   0x00004446   0x00000002   PAD
    0x00004448   0x00004448   0x00000056   Code   RO          671    .text.RingBufferFree  ring_buffer.o
    0x0000449e   0x0000449e   0x00000002   PAD
    0x000044a0   0x000044a0   0x000000ba   Code   RO          663    .text.RingBufferNew  ring_buffer.o
    0x0000455a   0x0000455a   0x00000002   PAD
    0x0000455c   0x0000455c   0x000000bc   Code   RO          667    .text.RingBufferRead  ring_buffer.o
    0x00004618   0x00004618   0x00000110   Code   RO          665    .text.RingBufferWrite  ring_buffer.o
    0x00004728   0x00004728   0x0000001a   Code   RO          618    .text.SDA_Pin_IN    drv_bh1750_iic.o
    0x00004742   0x00004742   0x00000002   PAD
    0x00004744   0x00004744   0x0000001a   Code   RO          620    .text.SDA_Pin_Output  drv_bh1750_iic.o
    0x0000475e   0x0000475e   0x00000002   PAD
    0x00004760   0x00004760   0x00000100   Code   RO          293    .text.ST7735_DrawString  dev_lcd.o
    0x00004860   0x00004860   0x00000170   Code   RO          299    .text.ST7735_FillRectangle  dev_lcd.o
    0x000049d0   0x000049d0   0x00000030   Code   RO          301    .text.ST7735_FillScreen  dev_lcd.o
    0x00004a00   0x00004a00   0x0000008a   Code   RO          289    .text.ST7735_SetAddressWindow  dev_lcd.o
    0x00004a8a   0x00004a8a   0x00000002   PAD
    0x00004a8c   0x00004a8c   0x000000e6   Code   RO          295    .text.ST7735_WriteChar  dev_lcd.o
    0x00004b72   0x00004b72   0x00000002   PAD
    0x00004b74   0x00004b74   0x00000014   Code   RO          307    .text.ST7735_WriteCommand  dev_lcd.o
    0x00004b88   0x00004b88   0x00000032   Code   RO          291    .text.ST7735_WriteData  dev_lcd.o
    0x00004bba   0x00004bba   0x00000002   PAD
    0x00004bbc   0x00004bbc   0x00000040   Code   RO          273    .text.ST7735_cmd    dev_lcd.o
    0x00004bfc   0x00004bfc   0x00000040   Code   RO          275    .text.ST7735_data   dev_lcd.o
    0x00004c3c   0x00004c3c   0x00000014   Code   RO          271    .text.ST7735_write  dev_lcd.o
    0x00004c50   0x00004c50   0x0000008a   Code   RO          257    .text.SendDataSPI   dev_lcd.o
    0x00004cda   0x00004cda   0x00000002   PAD
    0x00004cdc   0x00004cdc   0x00000022   Code   RO          383    .text.Single_Write_BH1750  dev_bh1750_1.o
    0x00004cfe   0x00004cfe   0x00000002   PAD
    0x00004d00   0x00004d00   0x00000052   Code   RO          492    .text.SysTick_Config  drv_systick.o
    0x00004d52   0x00004d52   0x00000002   PAD
    0x00004d54   0x00004d54   0x00000010   Code   RO          484    .text.SysTick_Handler  drv_systick.o
    0x00004d64   0x00004d64   0x0000003a   Code   RO          743    .text.SystemCoreClockUpdate  bsp_clocks.o
    0x00004d9e   0x00004d9e   0x00000002   PAD
    0x00004da0   0x00004da0   0x00000110   Code   RO          725    .text.SystemInit    system.o
    0x00004eb0   0x00004eb0   0x0000004e   Code   RO          488    .text.SystickInit   drv_systick.o
    0x00004efe   0x00004efe   0x00000002   PAD
    0x00004f00   0x00004f00   0x0000001c   Code   RO          482    .text.SystickTimerDevicesCreate  drv_systick.o
    0x00004f1c   0x00004f1c   0x000001ae   Code   RO          164    .text.TCP_Connect   dev_wifi_bt.o
    0x000050ca   0x000050ca   0x00000002   PAD
    0x000050cc   0x000050cc   0x00000056   Code   RO          166    .text.TCP_Data      dev_wifi_bt.o
    0x00005122   0x00005122   0x00000002   PAD
    0x00005124   0x00005124   0x00000042   Code   RO          421    .text.TimerDeviceFind  dev_timer.o
    0x00005166   0x00005166   0x00000002   PAD
    0x00005168   0x00005168   0x00000038   Code   RO          419    .text.TimerDeviceInsert  dev_timer.o
    0x000051a0   0x000051a0   0x0000004c   Code   RO          417    .text.TimerDeviceList  dev_timer.o
    0x000051ec   0x000051ec   0x00000010   Code   RO          415    .text.TimerDevicesRegister  dev_timer.o
    0x000051fc   0x000051fc   0x00000022   Code   RO          462    .text.UART6WaitTxCplt  drv_uart.o
    0x0000521e   0x0000521e   0x00000002   PAD
    0x00005220   0x00005220   0x00000022   Code   RO          466    .text.UART7WaitRxCplt  drv_uart.o
    0x00005242   0x00005242   0x00000002   PAD
    0x00005244   0x00005244   0x00000022   Code   RO          464    .text.UART7WaitTxCplt  drv_uart.o
    0x00005266   0x00005266   0x00000002   PAD
    0x00005268   0x00005268   0x000000de   Code   RO          456    .text.UARTDrvInit   drv_uart.o
    0x00005346   0x00005346   0x00000002   PAD
    0x00005348   0x00005348   0x000000c2   Code   RO          460    .text.UARTDrvRead   drv_uart.o
    0x0000540a   0x0000540a   0x00000002   PAD
    0x0000540c   0x0000540c   0x000000e6   Code   RO          458    .text.UARTDrvWrite  drv_uart.o
    0x000054f2   0x000054f2   0x00000002   PAD
    0x000054f4   0x000054f4   0x00000042   Code   RO          404    .text.UartDeviceFind  dev_uart.o
    0x00005536   0x00005536   0x00000002   PAD
    0x00005538   0x00005538   0x00000038   Code   RO          402    .text.UartDeviceInsert  dev_uart.o
    0x00005570   0x00005570   0x0000004c   Code   RO          400    .text.UartDeviceList  dev_uart.o
    0x000055bc   0x000055bc   0x00000028   Code   RO          450    .text.UartDevicesCreate  drv_uart.o
    0x000055e4   0x000055e4   0x0000000c   Code   RO          398    .text.UartDevicesRegister  dev_uart.o
    0x000055f0   0x000055f0   0x000000d4   Code   RO          142    .text.WiFiBtDevCmdRet  dev_wifi_bt.o
    0x000056c4   0x000056c4   0x000001dc   Code   RO          156    .text.WiFiBtDevConnect  dev_wifi_bt.o
    0x000058a0   0x000058a0   0x00000186   Code   RO          150    .text.WiFiBtDevConnectWiFi  dev_wifi_bt.o
    0x00005a26   0x00005a26   0x00000002   PAD
    0x00005a28   0x00005a28   0x00000060   Code   RO          138    .text.WiFiBtDevEnableDHCP  dev_wifi_bt.o
    0x00005a88   0x00005a88   0x000000ac   Code   RO          154    .text.WiFiBtDevGetLocalIP  dev_wifi_bt.o
    0x00005b34   0x00005b34   0x000000c8   Code   RO          132    .text.WiFiBtDevInit  dev_wifi_bt.o
    0x00005bfc   0x00005bfc   0x0000005a   Code   RO          134    .text.WiFiBtDevReset  dev_wifi_bt.o
    0x00005c56   0x00005c56   0x00000002   PAD
    0x00005c58   0x00005c58   0x00000058   Code   RO          144    .text.WiFiBtDevSetRPTM  dev_wifi_bt.o
    0x00005cb0   0x00005cb0   0x0000005c   Code   RO          136    .text.WiFiBtDevSetWorkType  dev_wifi_bt.o
    0x00005d0c   0x00005d0c   0x00000252   Code   RO          140    .text.WiFiNetDataPreDeal  dev_wifi_bt.o
    0x00005f5e   0x00005f5e   0x00000002   PAD
    0x00005f60   0x00005f60   0x000000c6   Code   RO           42    .text.WiFiTCP_Init  app_wifi_bt.o
    0x00006026   0x00006026   0x00000002   PAD
    0x00006028   0x00006028   0x00000040   Code   RO          259    .text.WriteComm     dev_lcd.o
    0x00006068   0x00006068   0x00000040   Code   RO          261    .text.WriteData     dev_lcd.o
    0x000060a8   0x000060a8   0x0000005a   Code   RO          255    .text.XTFT_Init_GPIO  dev_lcd.o
    0x00006102   0x00006102   0x00000002   PAD
    0x00006104   0x00006104   0x0000003a   Code   RO          494    .text.__NVIC_SetPriority  drv_systick.o
    0x0000613e   0x0000613e   0x00000002   PAD
    0x00006140   0x00006140   0x0000000e   Code   RO          781    .text.__aeabi_assert  bsp_common.o
    0x0000614e   0x0000614e   0x00000002   PAD
    0x00006150   0x00006150   0x00000040   Code   RO          757    .text.bsp_clock_freq_var_init  bsp_clocks.o
    0x00006190   0x00006190   0x000000e4   Code   RO          753    .text.bsp_clock_init  bsp_clocks.o
    0x00006274   0x00006274   0x0000002e   Code   RO          808    .text.bsp_group_irq_call  bsp_group_irq.o
    0x000062a2   0x000062a2   0x00000002   PAD
    0x000062a4   0x000062a4   0x00000008   Code   RO          777    .text.bsp_init_internal  bsp_common.o
    0x000062ac   0x000062ac   0x000000f0   Code   RO          825    .text.bsp_irq_cfg   bsp_irq.o
    0x0000639c   0x0000639c   0x00000032   Code   RO          759    .text.bsp_prv_clock_set_hard_reset  bsp_clocks.o
    0x000063ce   0x000063ce   0x00000002   PAD
    0x000063d0   0x000063d0   0x00000008   Code   RO          795    .text.bsp_prv_software_delay_loop  bsp_delay.o
    0x000063d8   0x000063d8   0x00000106   Code   RO         1132    .text.bsp_vbatt_init  r_ioport.o
    0x000064de   0x000064de   0x00000002   PAD
    0x000064e0   0x000064e0   0x00000026   Code   RO          681    .text.fputc         printf.o
    0x00006506   0x00006506   0x00000002   PAD
    0x00006508   0x00006508   0x000000aa   Code   RO          110    .text.fuseSensorData  kalman.o
    0x000065b2   0x000065b2   0x00000002   PAD
    0x000065b4   0x000065b4   0x000000f2   Code   RO         1003    .text.gpt_calculate_duty_cycle  r_gpt.o
    0x000066a6   0x000066a6   0x00000002   PAD
    0x000066a8   0x000066a8   0x00000024   Code   RO         1005    .text.gpt_clock_frequency_get  r_gpt.o
    0x000066cc   0x000066cc   0x00000056   Code   RO          993    .text.gpt_common_open  r_gpt.o
    0x00006722   0x00006722   0x00000002   PAD
    0x00006724   0x00006724   0x00000074   Code   RO         1021    .text.gpt_counter_overflow_isr  r_gpt.o
    0x00006798   0x00006798   0x00000052   Code   RO         1039    .text.gpt_gtior_calculate  r_gpt.o
    0x000067ea   0x000067ea   0x00000002   PAD
    0x000067ec   0x000067ec   0x0000002c   Code   RO         1001    .text.gpt_hardware_events_disable  r_gpt.o
    0x00006818   0x00006818   0x0000022e   Code   RO          995    .text.gpt_hardware_initialize  r_gpt.o
    0x00006a46   0x00006a46   0x00000002   PAD
    0x00006a48   0x00006a48   0x00000114   Code   RO          108    .text.gpt_timer2_callback  kalman.o
    0x00006b5c   0x00006b5c   0x0000057c   Code   RO          694    .text.hal_entry     hal_entry.o
    0x000070d8   0x000070d8   0x00000138   Code   RO          112    .text.kalmanFilter  kalman.o
    0x00007210   0x00007210   0x000000fe   Code   RO          542    .text.key_external_irq_callback  drv_gpio.o
    0x0000730e   0x0000730e   0x00000002   PAD
    0x00007310   0x00007310   0x00000014   Code   RO         1288    .text.main          main.o
    0x00007324   0x00007324   0x00000020   Code   RO          651    .text.mdelay        delay.o
    0x00007344   0x00007344   0x00000022   Code   RO          922    .text.r_adc_irq_disable  r_adc.o
    0x00007366   0x00007366   0x00000002   PAD
    0x00007368   0x00007368   0x00000026   Code   RO          914    .text.r_adc_irq_enable  r_adc.o
    0x0000738e   0x0000738e   0x00000002   PAD
    0x00007390   0x00007390   0x00000030   Code   RO          920    .text.r_adc_lowest_channel_get  r_adc.o
    0x000073c0   0x000073c0   0x0000012e   Code   RO          912    .text.r_adc_open_sub  r_adc.o
    0x000074ee   0x000074ee   0x00000002   PAD
    0x000074f0   0x000074f0   0x000001dc   Code   RO          916    .text.r_adc_scan_cfg  r_adc.o
    0x000076cc   0x000076cc   0x0000010a   Code   RO          940    .text.r_adc_sensor_cfg  r_adc.o
    0x000077d6   0x000077d6   0x00000002   PAD
    0x000077d8   0x000077d8   0x00000052   Code   RO          942    .text.r_adc_sensor_sample_state_calculation  r_adc.o
    0x0000782a   0x0000782a   0x00000002   PAD
    0x0000782c   0x0000782c   0x00000066   Code   RO         1031    .text.r_gpt_call_callback  r_gpt.o
    0x00007892   0x00007892   0x00000002   PAD
    0x00007894   0x00007894   0x00000022   Code   RO         1017    .text.r_gpt_disable_irq  r_gpt.o
    0x000078b6   0x000078b6   0x00000002   PAD
    0x000078b8   0x000078b8   0x00000022   Code   RO         1041    .text.r_gpt_enable_irq  r_gpt.o
    0x000078da   0x000078da   0x00000002   PAD
    0x000078dc   0x000078dc   0x0000000a   Code   RO          997    .text.r_gpt_write_protect_disable  r_gpt.o
    0x000078e6   0x000078e6   0x00000002   PAD
    0x000078e8   0x000078e8   0x0000000a   Code   RO          999    .text.r_gpt_write_protect_enable  r_gpt.o
    0x000078f2   0x000078f2   0x00000002   PAD
    0x000078f4   0x000078f4   0x0000007a   Code   RO         1084    .text.r_icu_isr     r_icu.o
    0x0000796e   0x0000796e   0x00000002   PAD
    0x00007970   0x00007970   0x00000078   Code   RO         1142    .text.r_ioport_hw_pin_event_output_data_write  r_ioport.o
    0x000079e8   0x000079e8   0x00000066   Code   RO         1136    .text.r_ioport_pfs_write  r_ioport.o
    0x00007a4e   0x00007a4e   0x00000002   PAD
    0x00007a50   0x00007a50   0x00000056   Code   RO         1130    .text.r_ioport_pins_config  r_ioport.o
    0x00007aa6   0x00007aa6   0x00000002   PAD
    0x00007aa8   0x00007aa8   0x00000028   Code   RO         1207    .text.r_sci_irq_cfg  r_sci_uart.o
    0x00007ad0   0x00007ad0   0x00000040   Code   RO         1171    .text.r_sci_irqs_cfg  r_sci_uart.o
    0x00007b10   0x00007b10   0x00000008   Code   RO         1173    .text.r_sci_negate_de_pin  r_sci_uart.o
    0x00007b18   0x00007b18   0x00000044   Code   RO         1181    .text.r_sci_uart_baud_set  r_sci_uart.o
    0x00007b5c   0x00007b5c   0x0000007c   Code   RO         1195    .text.r_sci_uart_call_callback  r_sci_uart.o
    0x00007bd8   0x00007bd8   0x0000011c   Code   RO         1175    .text.r_sci_uart_config_set  r_sci_uart.o
    0x00007cf4   0x00007cf4   0x0000009a   Code   RO         1201    .text.sci_uart_eri_isr  r_sci_uart.o
    0x00007d8e   0x00007d8e   0x00000002   PAD
    0x00007d90   0x00007d90   0x000000ac   Code   RO         1197    .text.sci_uart_rxi_isr  r_sci_uart.o
    0x00007e3c   0x00007e3c   0x00000042   Code   RO         1199    .text.sci_uart_tei_isr  r_sci_uart.o
    0x00007e7e   0x00007e7e   0x00000002   PAD
    0x00007e80   0x00007e80   0x000000c6   Code   RO         1187    .text.sci_uart_txi_isr  r_sci_uart.o
    0x00007f46   0x00007f46   0x00000002   PAD
    0x00007f48   0x00007f48   0x0000002e   Code   RO          510    .text.timer0_callback  drv_gpt.o
    0x00007f76   0x00007f76   0x00000002   PAD
    0x00007f78   0x00007f78   0x0000002e   Code   RO          512    .text.timer1_callback  drv_gpt.o
    0x00007fa6   0x00007fa6   0x00000002   PAD
    0x00007fa8   0x00007fa8   0x00000088   Code   RO          452    .text.uart6_callback  drv_uart.o
    0x00008030   0x00008030   0x0000006e   Code   RO          454    .text.uart7_callback  drv_uart.o
    0x0000809e   0x0000809e   0x00000002   PAD
    0x000080a0   0x000080a0   0x00000012   Code   RO          653    .text.udelay        delay.o
    0x000080b2   0x000080b2   0x00000002   PAD
    0x000080b4   0x000080b4   0x00000020   Code   RO         1333    i.__0printf         mc_w.l(printfa.o)
    0x000080d4   0x000080d4   0x00000028   Code   RO         1335    i.__0sprintf        mc_w.l(printfa.o)
    0x000080fc   0x000080fc   0x00000050   Code   RO         1360    i.__free$2region    mc_w.l(malloc2.o)
    0x0000814c   0x0000814c   0x0000006c   Code   RO         1361    i.__malloc$2region  mc_w.l(malloc2.o)
    0x000081b8   0x000081b8   0x00000184   Code   RO         1340    i._fp_digits        mc_w.l(printfa.o)
    0x0000833c   0x0000833c   0x000006dc   Code   RO         1341    i._printf_core      mc_w.l(printfa.o)
    0x00008a18   0x00008a18   0x00000024   Code   RO         1342    i._printf_post_padding  mc_w.l(printfa.o)
    0x00008a3c   0x00008a3c   0x0000002e   Code   RO         1343    i._printf_pre_padding  mc_w.l(printfa.o)
    0x00008a6a   0x00008a6a   0x0000000a   Code   RO         1345    i._sputc            mc_w.l(printfa.o)
    0x00008a74   0x00008a74   0x00000004   PAD
    0x00008a78   0x00008a78   0x00000018   Data   RO          121    .rodata..L__const.gpt_timer2_callback.airHumidityData  kalman.o
    0x00008a90   0x00008a90   0x00000018   Data   RO          120    .rodata..L__const.gpt_timer2_callback.airTempData  kalman.o
    0x00008aa8   0x00008aa8   0x00000018   Data   RO          119    .rodata..L__const.gpt_timer2_callback.soilMoistureData  kalman.o
    0x00008ac0   0x00008ac0   0x00000018   Data   RO          700    .rodata..L__const.hal_entry.connect  hal_entry.o
    0x00008ad8   0x00008ad8   0x00000d5c   Data   RO          372    .rodata.Font11x18   dev_lcd.o
    0x00009834   0x00009834   0x0000076c   Data   RO          353    .rodata.Font7x10    dev_lcd.o
    0x00009fa0   0x00009fa0   0x0000000c   Data   RO          961    .rodata.adc_elc_trigger_lut  r_adc.o
    0x00009fac   0x00009fac   0x00000040   Data   RO          177    .rodata.cst32       dev_wifi_bt.o
    0x00009fec   0x00009fec   0x00000010   Data   RO         1267    .rodata.g_adc5      hal_data.o
    0x00009ffc   0x00009ffc   0x0000002c   Data   RO         1264    .rodata.g_adc5_cfg  hal_data.o
    0x0000a028   0x0000a028   0x00000024   Data   RO         1263    .rodata.g_adc5_cfg_extend  hal_data.o
    0x0000a04c   0x0000a04c   0x00000018   Data   RO         1265    .rodata.g_adc5_channel_cfg  hal_data.o
    0x0000a064   0x0000a064   0x00000034   Data   RO          960    .rodata.g_adc_on_adc  r_adc.o
    0x0000a098   0x0000a098   0x00000008   Data   RO         1298    .rodata.g_bsp_pin_cfg  pin_data.o
    0x0000a0a0   0x0000a0a0   0x00000180   Data   RO         1297    .rodata.g_bsp_pin_cfg_data  pin_data.o
    0x0000a220   0x0000a220   0x0000000c   Data   RO         1236    .rodata.g_external_irq6  common_data.o
    0x0000a22c   0x0000a22c   0x00000020   Data   RO         1234    .rodata.g_external_irq6_cfg  common_data.o
    0x0000a24c   0x0000a24c   0x0000000c   Data   RO         1233    .rodata.g_external_irq8  common_data.o
    0x0000a258   0x0000a258   0x00000020   Data   RO         1231    .rodata.g_external_irq8_cfg  common_data.o
    0x0000a278   0x0000a278   0x0000000c   Data   RO         1230    .rodata.g_external_irq9  common_data.o
    0x0000a284   0x0000a284   0x00000020   Data   RO         1228    .rodata.g_external_irq9_cfg  common_data.o
    0x0000a2a4   0x0000a2a4   0x00000014   Data   RO         1096    .rodata.g_external_irq_on_icu  r_icu.o
    0x0000a2b8   0x0000a2b8   0x00000180   Data   RO         1305    .rodata.g_interrupt_event_link_select  vector_data.o
    0x0000a438   0x0000a438   0x0000000c   Data   RO         1238    .rodata.g_ioport    common_data.o
    0x0000a444   0x0000a444   0x00000034   Data   RO         1144    .rodata.g_ioport_on_ioport  r_ioport.o
    0x0000a478   0x0000a478   0x00000008   Data   RO          840    .rodata.g_prcr_masks  bsp_register_protection.o
    0x0000a480   0x0000a480   0x0000000c   Data   RO         1271    .rodata.g_timer0    hal_data.o
    0x0000a48c   0x0000a48c   0x00000024   Data   RO         1269    .rodata.g_timer0_cfg  hal_data.o
    0x0000a4b0   0x0000a4b0   0x00000048   Data   RO         1268    .rodata.g_timer0_extend  hal_data.o
    0x0000a4f8   0x0000a4f8   0x0000000c   Data   RO         1262    .rodata.g_timer1    hal_data.o
    0x0000a504   0x0000a504   0x00000024   Data   RO         1260    .rodata.g_timer1_cfg  hal_data.o
    0x0000a528   0x0000a528   0x00000048   Data   RO         1259    .rodata.g_timer1_extend  hal_data.o
    0x0000a570   0x0000a570   0x0000000c   Data   RO         1250    .rodata.g_timer2    hal_data.o
    0x0000a57c   0x0000a57c   0x00000024   Data   RO         1248    .rodata.g_timer2_cfg  hal_data.o
    0x0000a5a0   0x0000a5a0   0x00000048   Data   RO         1247    .rodata.g_timer2_extend  hal_data.o
    0x0000a5e8   0x0000a5e8   0x0000000c   Data   RO         1254    .rodata.g_timer5    hal_data.o
    0x0000a5f4   0x0000a5f4   0x00000024   Data   RO         1252    .rodata.g_timer5_cfg  hal_data.o
    0x0000a618   0x0000a618   0x00000048   Data   RO         1251    .rodata.g_timer5_extend  hal_data.o
    0x0000a660   0x0000a660   0x00000030   Data   RO         1057    .rodata.g_timer_on_gpt  r_gpt.o
    0x0000a690   0x0000a690   0x0000000c   Data   RO         1276    .rodata.g_uart6     hal_data.o
    0x0000a69c   0x0000a69c   0x00000044   Data   RO         1274    .rodata.g_uart6_cfg  hal_data.o
    0x0000a6e0   0x0000a6e0   0x00000028   Data   RO         1273    .rodata.g_uart6_cfg_extend  hal_data.o
    0x0000a708   0x0000a708   0x0000000c   Data   RO         1281    .rodata.g_uart7     hal_data.o
    0x0000a714   0x0000a714   0x00000044   Data   RO         1279    .rodata.g_uart7_cfg  hal_data.o
    0x0000a758   0x0000a758   0x00000028   Data   RO         1278    .rodata.g_uart7_cfg_extend  hal_data.o
    0x0000a780   0x0000a780   0x00000024   Data   RO         1213    .rodata.g_uart_on_sci  r_sci_uart.o
    0x0000a7a4   0x0000a7a4   0x0000000c   Data   RO         1145    .rodata.g_vbatt_pins_input  r_ioport.o
    0x0000a7b0   0x0000a7b0   0x0000004e   Data   RO           46    .rodata.str1.1      app_wifi_bt.o
    0x0000a7fe   0x0000a7fe   0x00000020   Data   RO           68    .rodata.str1.1      app_dht11.o
    0x0000a81e   0x0000a81e   0x0000000e   Data   RO           80    .rodata.str1.1      app_bh1750.o
    0x0000a82c   0x0000a82c   0x0000000f   Data   RO           92    .rodata.str1.1      app_disp.o
    0x0000a83b   0x0000a83b   0x00000104   Data   RO          168    .rodata.str1.1      dev_wifi_bt.o
    0x0000a93f   0x0000a93f   0x0000003b   Data   RO          192    .rodata.str1.1      dev_dht11.o
    0x0000a97a   0x0000a97a   0x00000038   Data   RO          211    .rodata.str1.1      dev_ph.o
    0x0000a9b2   0x0000a9b2   0x0000003a   Data   RO          230    .rodata.str1.1      dev_mh.o
    0x0000a9ec   0x0000a9ec   0x00000020   Data   RO          247    .rodata.str1.1      dev_mq.o
    0x0000aa0c   0x0000aa0c   0x0000001c   Data   RO          407    .rodata.str1.1      dev_uart.o
    0x0000aa28   0x0000aa28   0x00000017   Data   RO          424    .rodata.str1.1      dev_timer.o
    0x0000aa3f   0x0000aa3f   0x00000014   Data   RO          441    .rodata.str1.1      dev_gpio.o
    0x0000aa53   0x0000aa53   0x00000035   Data   RO          474    .rodata.str1.1      drv_uart.o
    0x0000aa88   0x0000aa88   0x00000008   Data   RO          498    .rodata.str1.1      drv_systick.o
    0x0000aa90   0x0000aa90   0x00000029   Data   RO          530    .rodata.str1.1      drv_gpt.o
    0x0000aab9   0x0000aab9   0x000000a4   Data   RO          560    .rodata.str1.1      drv_gpio.o
    0x0000ab5d   0x0000ab5d   0x00000024   Data   RO          605    .rodata.str1.1      drv_gpt_pwm.o
    0x0000ab81   0x0000ab81   0x00000021   Data   RO          673    .rodata.str1.1      ring_buffer.o
    0x0000aba2   0x0000aba2   0x00000130   Data   RO          699    .rodata.str1.1      hal_entry.o
    0x0000acd2   0x0000acd2   0x00000002   PAD
    0x0000acd4   0x0000acd4   0x00000004   Data   RO          783    .version            bsp_common.o
    0x0000acd8   0x0000acd8   0x00000006   Data   RO          784    .version            bsp_common.o
    0x0000acde   0x0000acde   0x00000044   Data   RO          785    .version            bsp_common.o


    Execution Region __tz_RAM_S (Exec base: 0x20000000, Load base: 0x0000ad24, Size: 0x00000000, Max: 0x00000000, ABSOLUTE)

    Exec Addr    Load Addr    Size         Type   Attr      Idx    E Section Name        Object

    0x20000000        -       0x00000000   Zero   RW            2    __tz_RAM_S.bss      anon$$obj.o


    Execution Region DTC_VECTOR_TABLE (Exec base: 0x20000000, Load base: 0x0000ad24, Size: 0x00000000, Max: 0x00080000, ABSOLUTE, UNINIT)

    **** No section assigned to this execution region ****


    Execution Region DATA (Exec base: 0x20000000, Load base: 0x0000ad28, Size: 0x00000160, Max: 0xffffffff, ABSOLUTE)

    Exec Addr    Load Addr    Size         Type   Attr      Idx    E Section Name        Object

    0x20000000   0x0000ad28   0x00000004   Data   RW         1421    .data               mc_w.l(mvars.o)
    0x20000004   0x0000ad2c   0x00000004   Data   RW         1422    .data               mc_w.l(mvars.o)
    0x20000008   0x0000ad30   0x00000008   Data   RW          355    .data.Font_11x18    dev_lcd.o
    0x20000010   0x0000ad38   0x00000008   Data   RW          354    .data.Font_7x10     dev_lcd.o
    0x20000018   0x0000ad40   0x00000002   Data   RW          361    .data._height       dev_lcd.o
    0x2000001a   0x0000ad42   0x00000002   Data   RW          360    .data._width        dev_lcd.o
    0x2000001c   0x0000ad44   0x00000001   Data   RW          365    .data._xstart       dev_lcd.o
    0x2000001d   0x0000ad45   0x00000001   Data   RW          366    .data._ystart       dev_lcd.o
    0x2000001e   0x0000ad46   0x00000002   PAD
    0x20000020   0x0000ad48   0x0000001c   Data   RW          558    .data.gDHTIODev     drv_gpio.o
    0x2000003c   0x0000ad64   0x00000010   Data   RW          191    .data.gDevice       dev_dht11.o
    0x2000004c   0x0000ad74   0x00000020   Data   RW          527    .data.gGPT1Device   drv_gpt.o
    0x2000006c   0x0000ad94   0x00000020   Data   RW          526    .data.gGPTDevice    drv_gpt.o
    0x2000008c   0x0000adb4   0x0000001c   Data   RW          559    .data.gKeyDev       drv_gpio.o
    0x200000a8   0x0000add0   0x00000004   Data   RW          566    .data.gLedLevel     drv_gpio.o
    0x200000ac   0x0000add4   0x00000018   Data   RW          468    .data.gLogDevice    drv_uart.o
    0x200000c4   0x0000adec   0x00000010   Data   RW          229    .data.gMHDev        dev_mh.o
    0x200000d4   0x0000adfc   0x00000010   Data   RW          246    .data.gMQDev        dev_mq.o
    0x200000e4   0x0000ae0c   0x00000010   Data   RW          210    .data.gPHDev        dev_ph.o
    0x200000f4   0x0000ae1c   0x00000020   Data   RW          496    .data.gSystickDevice  drv_systick.o
    0x20000114   0x0000ae3c   0x00000018   Data   RW          469    .data.gWiFiDevice   drv_uart.o
    0x2000012c   0x0000ae54   0x00000004   Data   RW         1272    .data.g_uart6_baud_setting  hal_data.o
    0x20000130   0x0000ae58   0x00000004   Data   RW         1277    .data.g_uart7_baud_setting  hal_data.o
    0x20000134   0x0000ae5c   0x00000004   PAD
    0x20000138   0x0000ae60   0x00000008   Data   RW          117    .data.measurementNoise  kalman.o
    0x20000140   0x0000ae68   0x00000008   Data   RW          116    .data.processNoise  kalman.o
    0x20000148   0x0000ae70   0x00000018   Data   RW          118    .data.weights       kalman.o


    Execution Region BSS (Exec base: 0x20000160, Load base: 0x0000ae88, Size: 0x00000608, Max: 0xffffffff, ABSOLUTE)

    Exec Addr    Load Addr    Size         Type   Attr      Idx    E Section Name        Object

    0x20000160        -       0x00000008   Zero   RW          389    .bss.BH1750_Buf     dev_bh1750_1.o
    0x20000168        -       0x00000008   Zero   RW          124    .bss.Control_WaterPump.previousEstimate  kalman.o
    0x20000170        -       0x00000008   Zero   RW          194    .bss.DHT11DevRead.tmp  dev_dht11.o
    0x20000178        -       0x00000018   Zero   RW          701    .bss.Data           hal_entry.o
    0x20000190        -       0x00000080   Zero   RW          702    .bss.Data_Stream    hal_entry.o
    0x20000210        -       0x00000004   Zero   RW          729    .bss.SystemCoreClock  system.o
    0x20000214        -       0x00000004   Zero   RW          171    .bss.WiFiNetDataPreDeal.index  dev_wifi_bt.o
    0x20000218        -       0x00000004   Zero   RW          172    .bss.WiFiNetDataPreDeal.status  dev_wifi_bt.o
    0x2000021c        -       0x00000054   Zero   RW          686    .bss.__stdout       printf.o
    0x20000270        -       0x00000001   Zero   RW          176    .bss.backcnt        dev_wifi_bt.o
    0x20000271   0x0000ae88   0x00000003   PAD
    0x20000274        -       0x00000004   Zero   RW          390    .bss.dis_data       dev_bh1750_1.o
    0x20000278        -       0x00000004   Zero   RW          497    .bss.dwTick         drv_systick.o
    0x2000027c   0x0000ae88   0x00000004   PAD
    0x20000280        -       0x00000008   Zero   RW          123    .bss.estimates      kalman.o
    0x20000288        -       0x00000004   Zero   RW          193    .bss.gDataDevice    dev_dht11.o
    0x2000028c        -       0x00000004   Zero   RW          175    .bss.gDataLength    dev_wifi_bt.o
    0x20000290        -       0x00000100   Zero   RW          173    .bss.gDetectBuff    dev_wifi_bt.o
    0x20000390        -       0x00000004   Zero   RW          440    .bss.gHeadIODev     dev_gpio.o
    0x20000394        -       0x00000004   Zero   RW          423    .bss.gHeadTimerDev  dev_timer.o
    0x20000398        -       0x00000004   Zero   RW          406    .bss.gHeadUartDev   dev_uart.o
    0x2000039c        -       0x00000004   Zero   RW          567    .bss.gMotorLevel    drv_gpio.o
    0x200003a0        -       0x00000004   Zero   RW          170    .bss.gNetBuffer     dev_wifi_bt.o
    0x200003a4        -       0x00000004   Zero   RW          174    .bss.gSocketPort    dev_wifi_bt.o
    0x200003a8        -       0x00000001   Zero   RW          528    .bss.gTimer0OverFlow  drv_gpt.o
    0x200003a9        -       0x00000001   Zero   RW          529    .bss.gTimer1OverFlow  drv_gpt.o
    0x200003aa   0x0000ae88   0x00000002   PAD
    0x200003ac        -       0x0000000c   Zero   RW          606    .bss.gTimerInfo     drv_gpt_pwm.o
    0x200003b8        -       0x00000001   Zero   RW          470    .bss.gUart6TxCplt   drv_uart.o
    0x200003b9        -       0x00000001   Zero   RW          472    .bss.gUart7RxCplt   drv_uart.o
    0x200003ba        -       0x00000001   Zero   RW          473    .bss.gUart7TxCplt   drv_uart.o
    0x200003bb   0x0000ae88   0x00000001   PAD
    0x200003bc        -       0x00000004   Zero   RW          568    .bss.gWaterpumpLevel  drv_gpio.o
    0x200003c0        -       0x00000004   Zero   RW          471    .bss.gWiFiBuffer    drv_uart.o
    0x200003c4        -       0x00000004   Zero   RW          569    .bss.gWindLevel     drv_gpio.o
    0x200003c8        -       0x00000024   Zero   RW         1266    .bss.g_adc5_ctrl    hal_data.o
    0x200003ec        -       0x00000040   Zero   RW          810    .bss.g_bsp_group_irq_sources  bsp_group_irq.o
    0x2000042c        -       0x00000014   Zero   RW         1235    .bss.g_external_irq6_ctrl  common_data.o
    0x20000440        -       0x00000014   Zero   RW         1232    .bss.g_external_irq8_ctrl  common_data.o
    0x20000454        -       0x00000014   Zero   RW         1229    .bss.g_external_irq9_ctrl  common_data.o
    0x20000468        -       0x00000008   Zero   RW         1237    .bss.g_ioport_ctrl  common_data.o
    0x20000470        -       0x00000008   Zero   RW          839    .bss.g_protect_counters  bsp_register_protection.o
    0x20000478        -       0x00000004   Zero   RW          819    .bss.g_protect_pfswe_counter  bsp_io.o
    0x2000047c        -       0x00000020   Zero   RW         1270    .bss.g_timer0_ctrl  hal_data.o
    0x2000049c        -       0x00000020   Zero   RW         1261    .bss.g_timer1_ctrl  hal_data.o
    0x200004bc        -       0x00000020   Zero   RW         1249    .bss.g_timer2_ctrl  hal_data.o
    0x200004dc        -       0x00000020   Zero   RW         1253    .bss.g_timer5_ctrl  hal_data.o
    0x200004fc        -       0x00000030   Zero   RW         1275    .bss.g_uart6_ctrl   hal_data.o
    0x2000052c        -       0x00000030   Zero   RW         1280    .bss.g_uart7_ctrl   hal_data.o
    0x2000055c        -       0x00000180   Zero   RW          828    .bss.gp_renesas_isr_context  bsp_irq.o
    0x200006dc        -       0x00000001   Zero   RW          562    .bss.key_sw1_press  drv_gpio.o
    0x200006dd        -       0x00000001   Zero   RW          563    .bss.key_sw2_press  drv_gpio.o
    0x200006de        -       0x00000001   Zero   RW          564    .bss.key_sw3_press  drv_gpio.o
    0x200006df        -       0x00000001   Zero   RW          565    .bss.key_sw4_press  drv_gpio.o
    0x200006e0        -       0x00000004   Zero   RW          561    .bss.last_interrupt_time  drv_gpio.o
    0x200006e4   0x0000ae88   0x00000004   PAD
    0x200006e8        -       0x00000018   Zero   RW          122    .bss.measurements   kalman.o
    0x20000700        -       0x00000004   Zero   RW          169    .bss.pWiFiBtDev     dev_wifi_bt.o
    0x20000704        -       0x00000064   Zero   RW          703    .bss.str            hal_entry.o


    Execution Region NOINIT (Exec base: 0x20000768, Load base: 0x0000ae88, Size: 0x0000001c, Max: 0xffffffff, ABSOLUTE, UNINIT)

    Exec Addr    Load Addr    Size         Type   Attr      Idx    E Section Name        Object

    0x20000768        -       0x0000001c   Zero   RW          769    .bss.noinit         bsp_clocks.o


    Execution Region ARM_LIB_HEAP (Exec base: 0x20000788, Load base: 0x0000ae88, Size: 0x00002000, Max: 0xffffffff, ABSOLUTE, UNINIT)

    Exec Addr    Load Addr    Size         Type   Attr      Idx    E Section Name        Object

    0x20000788        -       0x00002000   Zero   RW          717    .bss.heap           startup.o


    Execution Region ARM_LIB_STACK (Exec base: 0x20002788, Load base: 0x0000ae88, Size: 0x00000000, Max: 0x00000000, ABSOLUTE, UNINIT)

    Exec Addr    Load Addr    Size         Type   Attr      Idx    E Section Name        Object

    0x20002788        -       0x00000000   Zero   RW            3    ARM_LIB_STACK.bss   anon$$obj.o


    Execution Region STACK (Exec base: 0x20002788, Load base: 0x0000ae88, Size: 0x00002000, Max: 0xffffffff, ABSOLUTE, UNINIT)

    Exec Addr    Load Addr    Size         Type   Attr      Idx    E Section Name        Object

    0x20002788        -       0x00002000   Zero   RW          715    .bss.stack          startup.o


    Execution Region RAM_END (Exec base: 0x20004788, Load base: 0x0000ae88, Size: 0x00000004, Max: 0x00000004, ABSOLUTE)

    Exec Addr    Load Addr    Size         Type   Attr      Idx    E Section Name        Object

    0x20004788        -       0x00000004   Zero   RW            4    RAM_END.bss         anon$$obj.o


    Execution Region __tz_RAM_C (Exec base: 0x20080000, Load base: 0x0000ae88, Size: 0x00000000, Max: 0x00000000, ABSOLUTE)

    Exec Addr    Load Addr    Size         Type   Attr      Idx    E Section Name        Object

    0x20080000        -       0x00000000   Zero   RW            5    __tz_RAM_C.bss      anon$$obj.o


    Execution Region __tz_RAM_N (Exec base: 0x20080000, Load base: 0x0000ae88, Size: 0x00000000, Max: 0x00000000, ABSOLUTE)

    Exec Addr    Load Addr    Size         Type   Attr      Idx    E Section Name        Object

    0x20080000        -       0x00000000   Zero   RW            6    __tz_RAM_N.bss      anon$$obj.o


    Execution Region RAM_LIMIT (Exec base: 0x20080000, Load base: 0x0000ae88, Size: 0x00000004, Max: 0x00000004, ABSOLUTE)

    Exec Addr    Load Addr    Size         Type   Attr      Idx    E Section Name        Object

    0x20080000        -       0x00000004   Zero   RW            7    RAM_LIMIT.bss       anon$$obj.o


    Execution Region OSPI_DEVICE_0_NO_LOAD (Exec base: 0x68000000, Load base: 0x0000ae88, Size: 0x00000000, Max: 0xffffffff, ABSOLUTE, UNINIT)

    **** No section assigned to this execution region ****


    Execution Region OSPI_DEVICE_1_NO_LOAD (Exec base: 0x70000000, Load base: 0x0000ae88, Size: 0x00000000, Max: 0xffffffff, ABSOLUTE, UNINIT)

    **** No section assigned to this execution region ****



  Load Region LOAD_REGION_NSC_FLASH (Base: 0x0000f800, Size: 0x00000000, Max: 0xffffffff, ABSOLUTE)

    Execution Region __tz_FLASH_C (Exec base: 0x0000f800, Load base: 0x0000f800, Size: 0x00000000, Max: 0x00000000, ABSOLUTE)

    Exec Addr    Load Addr    Size         Type   Attr      Idx    E Section Name        Object

    0x0000f800        -       0x00000000   Zero   RW            8    __tz_FLASH_C.bss    anon$$obj.o


    Execution Region EXEC_NSCR (Exec base: 0x0000f800, Load base: 0x0000f800, Size: 0x00000000, Max: 0xffffffff, ABSOLUTE, FIXED)

    **** No section assigned to this execution region ****


    Execution Region __tz_FLASH_N (Exec base: 0x00010000, Load base: 0x0000f800, Size: 0x00000000, Max: 0x00000000, ABSOLUTE)

    Exec Addr    Load Addr    Size         Type   Attr      Idx    E Section Name        Object

    0x00010000        -       0x00000000   Zero   RW            9    __tz_FLASH_N.bss    anon$$obj.o



  Load Region LOAD_REGION_ID_CODE (Base: 0x00000000, Size: 0x00000000, Max: 0x00000004, ABSOLUTE)

    Execution Region __tz_ID_CODE_S (Exec base: 0x00000000, Load base: 0x00000000, Size: 0x00000000, Max: 0x00000000, ABSOLUTE)

    Exec Addr    Load Addr    Size         Type   Attr      Idx    E Section Name        Object

    0x00000000        -       0x00000000   Zero   RW           10    __tz_ID_CODE_S.bss  anon$$obj.o


    Execution Region __tz_ID_CODE_N (Exec base: 0x00000000, Load base: 0x00000000, Size: 0x00000000, Max: 0x00000000, ABSOLUTE)

    Exec Addr    Load Addr    Size         Type   Attr      Idx    E Section Name        Object

    0x00000000        -       0x00000000   Zero   RW           11    __tz_ID_CODE_N.bss  anon$$obj.o



  Load Region LOAD_REGION_OPTION_SETTING (Base: 0x0100a100, Size: 0x00000080, Max: 0x00000100, ABSOLUTE)

    Execution Region __tz_OPTION_SETTING_S (Exec base: 0x0100a100, Load base: 0x0100a100, Size: 0x00000000, Max: 0x00000000, ABSOLUTE)

    Exec Addr    Load Addr    Size         Type   Attr      Idx    E Section Name        Object

    0x0100a100        -       0x00000000   Zero   RW           12    __tz_OPTION_SETTING_S.bss  anon$$obj.o


    Execution Region OFS0 (Exec base: 0x0100a100, Load base: 0x0100a100, Size: 0x00000004, Max: 0xffffffff, ABSOLUTE, FIXED)

    Exec Addr    Load Addr    Size         Type   Attr      Idx    E Section Name        Object

    0x0100a100   0x0100a100   0x00000004   Data   RO          848    .option_setting_ofs0  bsp_rom_registers.o


    Execution Region UNUSED_0 (Exec base: 0x0100a104, Load base: 0x0100a104, Size: 0x00000000, Max: 0x00000000, ABSOLUTE, FIXED)

    Exec Addr    Load Addr    Size         Type   Attr      Idx    E Section Name        Object

    0x0100a104        -       0x00000000   Zero   RW           13    UNUSED_0.bss        anon$$obj.o


    Execution Region OFS2 (Exec base: 0x0100a104, Load base: 0x0100a104, Size: 0x00000000, Max: 0xffffffff, ABSOLUTE, FIXED)

    **** No section assigned to this execution region ****


    Execution Region UNUSED_1 (Exec base: 0x0100a104, Load base: 0x0100a104, Size: 0x0000000c, Max: 0x0000000c, ABSOLUTE, FIXED)

    Exec Addr    Load Addr    Size         Type   Attr      Idx    E Section Name        Object

    0x0100a104        -       0x0000000c   Zero   RW           14    UNUSED_1.bss        anon$$obj.o


    Execution Region DUALSEL (Exec base: 0x0100a110, Load base: 0x0100a110, Size: 0x00000004, Max: 0xffffffff, ABSOLUTE, FIXED)

    Exec Addr    Load Addr    Size         Type   Attr      Idx    E Section Name        Object

    0x0100a110   0x0100a110   0x00000004   Data   RO          849    .option_setting_dualsel  bsp_rom_registers.o


    Execution Region UNUSED_2 (Exec base: 0x0100a114, Load base: 0x0100a114, Size: 0x00000020, Max: 0x00000020, ABSOLUTE, FIXED)

    Exec Addr    Load Addr    Size         Type   Attr      Idx    E Section Name        Object

    0x0100a114        -       0x00000020   Zero   RW           15    UNUSED_2.bss        anon$$obj.o


    Execution Region SAS (Exec base: 0x0100a134, Load base: 0x0100a134, Size: 0x00000004, Max: 0xffffffff, ABSOLUTE, FIXED)

    Exec Addr    Load Addr    Size         Type   Attr      Idx    E Section Name        Object

    0x0100a134   0x0100a134   0x00000004   Data   RO          850    .option_setting_sas  bsp_rom_registers.o


    Execution Region UNUSED_3 (Exec base: 0x0100a138, Load base: 0x0100a138, Size: 0x00000048, Max: 0x00000048, ABSOLUTE, FIXED)

    Exec Addr    Load Addr    Size         Type   Attr      Idx    E Section Name        Object

    0x0100a138        -       0x00000048   Zero   RW           16    UNUSED_3.bss        anon$$obj.o


    Execution Region __tz_OPTION_SETTING_N (Exec base: 0x0100a180, Load base: 0x0100a180, Size: 0x00000000, Max: 0x00000000, ABSOLUTE)

    Exec Addr    Load Addr    Size         Type   Attr      Idx    E Section Name        Object

    0x0100a180        -       0x00000000   Zero   RW           17    __tz_OPTION_SETTING_N.bss  anon$$obj.o



  Load Region LOAD_REGION_OPTION_SETTING_S (Base: 0x0100a200, Size: 0x00000100, Max: 0x00000100, ABSOLUTE)

    Execution Region __tz_OPTION_SETTING_S_S (Exec base: 0x0100a200, Load base: 0x0100a200, Size: 0x00000000, Max: 0x00000000, ABSOLUTE)

    Exec Addr    Load Addr    Size         Type   Attr      Idx    E Section Name        Object

    0x0100a200        -       0x00000000   Zero   RW           18    __tz_OPTION_SETTING_S_S.bss  anon$$obj.o


    Execution Region OFS1_SEC (Exec base: 0x0100a200, Load base: 0x0100a200, Size: 0x00000004, Max: 0xffffffff, ABSOLUTE, FIXED)

    Exec Addr    Load Addr    Size         Type   Attr      Idx    E Section Name        Object

    0x0100a200   0x0100a200   0x00000004   Data   RO          851    .option_setting_ofs1_sec  bsp_rom_registers.o


    Execution Region UNUSED_7 (Exec base: 0x0100a204, Load base: 0x0100a204, Size: 0x00000000, Max: 0x00000000, ABSOLUTE, FIXED)

    Exec Addr    Load Addr    Size         Type   Attr      Idx    E Section Name        Object

    0x0100a204        -       0x00000000   Zero   RW           19    UNUSED_7.bss        anon$$obj.o


    Execution Region OFS3_SEC (Exec base: 0x0100a204, Load base: 0x0100a204, Size: 0x00000000, Max: 0xffffffff, ABSOLUTE, FIXED)

    **** No section assigned to this execution region ****


    Execution Region UNUSED_8 (Exec base: 0x0100a204, Load base: 0x0100a204, Size: 0x0000000c, Max: 0x0000000c, ABSOLUTE, FIXED)

    Exec Addr    Load Addr    Size         Type   Attr      Idx    E Section Name        Object

    0x0100a204        -       0x0000000c   Zero   RW           20    UNUSED_8.bss        anon$$obj.o


    Execution Region BANKSEL_SEC (Exec base: 0x0100a210, Load base: 0x0100a210, Size: 0x00000004, Max: 0xffffffff, ABSOLUTE, FIXED)

    Exec Addr    Load Addr    Size         Type   Attr      Idx    E Section Name        Object

    0x0100a210   0x0100a210   0x00000004   Data   RO          852    .option_setting_banksel_sec  bsp_rom_registers.o


    Execution Region UNUSED_9 (Exec base: 0x0100a214, Load base: 0x0100a214, Size: 0x0000002c, Max: 0x0000002c, ABSOLUTE, FIXED)

    Exec Addr    Load Addr    Size         Type   Attr      Idx    E Section Name        Object

    0x0100a214        -       0x0000002c   Zero   RW           21    UNUSED_9.bss        anon$$obj.o


    Execution Region BPS_SEC (Exec base: 0x0100a240, Load base: 0x0100a240, Size: 0x00000010, Max: 0xffffffff, ABSOLUTE, FIXED)

    Exec Addr    Load Addr    Size         Type   Attr      Idx    E Section Name        Object

    0x0100a240   0x0100a240   0x00000004   Data   RO          853    .option_setting_bps_sec0  bsp_rom_registers.o
    0x0100a244   0x0100a244   0x00000004   Data   RO          854    .option_setting_bps_sec1  bsp_rom_registers.o
    0x0100a248   0x0100a248   0x00000004   Data   RO          855    .option_setting_bps_sec2  bsp_rom_registers.o
    0x0100a24c   0x0100a24c   0x00000004   Data   RO          856    .option_setting_bps_sec3  bsp_rom_registers.o


    Execution Region UNUSED_10 (Exec base: 0x0100a250, Load base: 0x0100a250, Size: 0x00000010, Max: 0x00000010, ABSOLUTE, FIXED)

    Exec Addr    Load Addr    Size         Type   Attr      Idx    E Section Name        Object

    0x0100a250        -       0x00000010   Zero   RW           22    UNUSED_10.bss       anon$$obj.o


    Execution Region PBPS_SEC (Exec base: 0x0100a260, Load base: 0x0100a260, Size: 0x00000010, Max: 0xffffffff, ABSOLUTE, FIXED)

    Exec Addr    Load Addr    Size         Type   Attr      Idx    E Section Name        Object

    0x0100a260   0x0100a260   0x00000004   Data   RO          857    .option_setting_pbps_sec0  bsp_rom_registers.o
    0x0100a264   0x0100a264   0x00000004   Data   RO          858    .option_setting_pbps_sec1  bsp_rom_registers.o
    0x0100a268   0x0100a268   0x00000004   Data   RO          859    .option_setting_pbps_sec2  bsp_rom_registers.o
    0x0100a26c   0x0100a26c   0x00000004   Data   RO          860    .option_setting_pbps_sec3  bsp_rom_registers.o


    Execution Region UNUSED_11 (Exec base: 0x0100a270, Load base: 0x0100a270, Size: 0x00000010, Max: 0x00000010, ABSOLUTE, FIXED)

    Exec Addr    Load Addr    Size         Type   Attr      Idx    E Section Name        Object

    0x0100a270        -       0x00000010   Zero   RW           23    UNUSED_11.bss       anon$$obj.o


    Execution Region OFS1_SEL (Exec base: 0x0100a280, Load base: 0x0100a280, Size: 0x00000004, Max: 0xffffffff, ABSOLUTE, FIXED)

    Exec Addr    Load Addr    Size         Type   Attr      Idx    E Section Name        Object

    0x0100a280   0x0100a280   0x00000004   Data   RO          861    .option_setting_ofs1_sel  bsp_rom_registers.o


    Execution Region UNUSED_12 (Exec base: 0x0100a284, Load base: 0x0100a284, Size: 0x00000000, Max: 0x00000000, ABSOLUTE, FIXED)

    Exec Addr    Load Addr    Size         Type   Attr      Idx    E Section Name        Object

    0x0100a284        -       0x00000000   Zero   RW           24    UNUSED_12.bss       anon$$obj.o


    Execution Region OFS3_SEL (Exec base: 0x0100a284, Load base: 0x0100a284, Size: 0x00000000, Max: 0xffffffff, ABSOLUTE, FIXED)

    **** No section assigned to this execution region ****


    Execution Region UNUSED_13 (Exec base: 0x0100a284, Load base: 0x0100a284, Size: 0x0000000c, Max: 0x0000000c, ABSOLUTE, FIXED)

    Exec Addr    Load Addr    Size         Type   Attr      Idx    E Section Name        Object

    0x0100a284        -       0x0000000c   Zero   RW           25    UNUSED_13.bss       anon$$obj.o


    Execution Region BANKSEL_SEL (Exec base: 0x0100a290, Load base: 0x0100a290, Size: 0x00000004, Max: 0xffffffff, ABSOLUTE, FIXED)

    Exec Addr    Load Addr    Size         Type   Attr      Idx    E Section Name        Object

    0x0100a290   0x0100a290   0x00000004   Data   RO          862    .option_setting_banksel_sel  bsp_rom_registers.o


    Execution Region UNUSED_14 (Exec base: 0x0100a294, Load base: 0x0100a294, Size: 0x0000002c, Max: 0x0000002c, ABSOLUTE, FIXED)

    Exec Addr    Load Addr    Size         Type   Attr      Idx    E Section Name        Object

    0x0100a294        -       0x0000002c   Zero   RW           26    UNUSED_14.bss       anon$$obj.o


    Execution Region BPS_SEL (Exec base: 0x0100a2c0, Load base: 0x0100a2c0, Size: 0x00000010, Max: 0xffffffff, ABSOLUTE, FIXED)

    Exec Addr    Load Addr    Size         Type   Attr      Idx    E Section Name        Object

    0x0100a2c0   0x0100a2c0   0x00000004   Data   RO          863    .option_setting_bps_sel0  bsp_rom_registers.o
    0x0100a2c4   0x0100a2c4   0x00000004   Data   RO          864    .option_setting_bps_sel1  bsp_rom_registers.o
    0x0100a2c8   0x0100a2c8   0x00000004   Data   RO          865    .option_setting_bps_sel2  bsp_rom_registers.o
    0x0100a2cc   0x0100a2cc   0x00000004   Data   RO          866    .option_setting_bps_sel3  bsp_rom_registers.o


    Execution Region UNUSED_15 (Exec base: 0x0100a2d0, Load base: 0x0100a2d0, Size: 0x00000030, Max: 0x00000030, ABSOLUTE, FIXED)

    Exec Addr    Load Addr    Size         Type   Attr      Idx    E Section Name        Object

    0x0100a2d0        -       0x00000030   Zero   RW           27    UNUSED_15.bss       anon$$obj.o


    Execution Region __tz_OPTION_SETTING_S_N (Exec base: 0x0100a300, Load base: 0x0100a300, Size: 0x00000000, Max: 0x00000000, ABSOLUTE)

    Exec Addr    Load Addr    Size         Type   Attr      Idx    E Section Name        Object

    0x0100a300        -       0x00000000   Zero   RW           28    __tz_OPTION_SETTING_S_N.bss  anon$$obj.o



  Load Region LOAD_REGION_DATA_FLASH (Base: 0x08000000, Size: 0x00000000, Max: 0x00002000, ABSOLUTE)

    Execution Region __tz_DATA_FLASH_S (Exec base: 0x08000000, Load base: 0x08000000, Size: 0x00000000, Max: 0x00000000, ABSOLUTE)

    Exec Addr    Load Addr    Size         Type   Attr      Idx    E Section Name        Object

    0x08000000        -       0x00000000   Zero   RW           29    __tz_DATA_FLASH_S.bss  anon$$obj.o


    Execution Region DATA_FLASH (Exec base: 0x08000000, Load base: 0x08000000, Size: 0x00000000, Max: 0xffffffff, ABSOLUTE)

    **** No section assigned to this execution region ****


    Execution Region __tz_DATA_FLASH_N (Exec base: 0x08000000, Load base: 0x08000000, Size: 0x00000000, Max: 0x00000000, ABSOLUTE)

    Exec Addr    Load Addr    Size         Type   Attr      Idx    E Section Name        Object

    0x08000000        -       0x00000000   Zero   RW           30    __tz_DATA_FLASH_N.bss  anon$$obj.o



  Load Region LOAD_REGION_QSPI_FLASH (Base: 0x60000000, Size: 0x00000000, Max: 0x04000000, ABSOLUTE)

    Execution Region __tz_QSPI_FLASH_S (Exec base: 0x60000000, Load base: 0x60000000, Size: 0x00000000, Max: 0x00000000, ABSOLUTE)

    Exec Addr    Load Addr    Size         Type   Attr      Idx    E Section Name        Object

    0x60000000        -       0x00000000   Zero   RW           31    __tz_QSPI_FLASH_S.bss  anon$$obj.o


    Execution Region QSPI_FLASH (Exec base: 0x60000000, Load base: 0x60000000, Size: 0x00000000, Max: 0xffffffff, ABSOLUTE, FIXED)

    **** No section assigned to this execution region ****


    Execution Region __tz_QSPI_FLASH_N (Exec base: 0x60000000, Load base: 0x60000000, Size: 0x00000000, Max: 0x00000000, ABSOLUTE)

    Exec Addr    Load Addr    Size         Type   Attr      Idx    E Section Name        Object

    0x60000000        -       0x00000000   Zero   RW           32    __tz_QSPI_FLASH_N.bss  anon$$obj.o



  Load Region LOAD_REGION_OSPI_DEVICE_0 (Base: 0x68000000, Size: 0x00000000, Max: 0x08000000, ABSOLUTE)

    Execution Region __tz_OSPI_DEVICE_0_S (Exec base: 0x68000000, Load base: 0x68000000, Size: 0x00000000, Max: 0x00000000, ABSOLUTE)

    Exec Addr    Load Addr    Size         Type   Attr      Idx    E Section Name        Object

    0x68000000        -       0x00000000   Zero   RW           33    __tz_OSPI_DEVICE_0_S.bss  anon$$obj.o


    Execution Region OSPI_DEVICE_0 (Exec base: 0x68000000, Load base: 0x68000000, Size: 0x00000000, Max: 0xffffffff, ABSOLUTE, FIXED)

    **** No section assigned to this execution region ****


    Execution Region __tz_OSPI_DEVICE_0_N (Exec base: 0x68000000, Load base: 0x68000000, Size: 0x00000000, Max: 0x00000000, ABSOLUTE)

    Exec Addr    Load Addr    Size         Type   Attr      Idx    E Section Name        Object

    0x68000000        -       0x00000000   Zero   RW           34    __tz_OSPI_DEVICE_0_N.bss  anon$$obj.o



  Load Region LOAD_REGION_OSPI_DEVICE_1 (Base: 0x70000000, Size: 0x00000000, Max: 0x10000000, ABSOLUTE)

    Execution Region __tz_OSPI_DEVICE_1_S (Exec base: 0x70000000, Load base: 0x70000000, Size: 0x00000000, Max: 0x00000000, ABSOLUTE)

    Exec Addr    Load Addr    Size         Type   Attr      Idx    E Section Name        Object

    0x70000000        -       0x00000000   Zero   RW           35    __tz_OSPI_DEVICE_1_S.bss  anon$$obj.o


    Execution Region OSPI_DEVICE_1 (Exec base: 0x70000000, Load base: 0x70000000, Size: 0x00000000, Max: 0xffffffff, ABSOLUTE, FIXED)

    **** No section assigned to this execution region ****


    Execution Region __tz_OSPI_DEVICE_1_N (Exec base: 0x70000000, Load base: 0x70000000, Size: 0x00000000, Max: 0x00000000, ABSOLUTE)

    Exec Addr    Load Addr    Size         Type   Attr      Idx    E Section Name        Object

    0x70000000        -       0x00000000   Zero   RW           36    __tz_OSPI_DEVICE_1_N.bss  anon$$obj.o



  Load Region LOAD_REGION_SDRAM (Base: 0x80010000, Size: 0x00000000, Max: 0x00000000, ABSOLUTE)

    Execution Region __tz_SDRAM_S (Exec base: 0x80010000, Load base: 0x80010000, Size: 0x00000000, Max: 0x00000000, ABSOLUTE)

    Exec Addr    Load Addr    Size         Type   Attr      Idx    E Section Name        Object

    0x80010000        -       0x00000000   Zero   RW           37    __tz_SDRAM_S.bss    anon$$obj.o


    Execution Region SDRAM (Exec base: 0x80010000, Load base: 0x80010000, Size: 0x00000000, Max: 0xffffffff, ABSOLUTE, FIXED)

    **** No section assigned to this execution region ****


    Execution Region __tz_SDRAM_N (Exec base: 0x80010000, Load base: 0x80010000, Size: 0x00000000, Max: 0x00000000, ABSOLUTE)

    Exec Addr    Load Addr    Size         Type   Attr      Idx    E Section Name        Object

    0x80010000        -       0x00000000   Zero   RW           38    __tz_SDRAM_N.bss    anon$$obj.o


==============================================================================

Image component sizes


      Code (inc. data)   RO Data    RW Data    ZI Data      Debug   Object Name

        52          0         14          0          0        737   app_bh1750.o
        60          0         32          0          0       1318   app_dht11.o
        30          0         15          0          0        692   app_disp.o
       198          0         78          0          0       2196   app_wifi_bt.o
       628          0          0          0         28      32285   bsp_clocks.o
        22          0         78          0          0       9572   bsp_common.o
       162          0          0          0          0       1318   bsp_delay.o
       128          0          0          0         64      13608   bsp_group_irq.o
         0          0          0          0          4        499   bsp_io.o
       240          0          0          0        384      17307   bsp_irq.o
       248          0          8          0          8      21430   bsp_register_protection.o
         0          0         76          0          0       1162   bsp_rom_registers.o
         0          0        144          0         68      19575   common_data.o
        50          0          0          0          0       1409   delay.o
       246          8          0          0         12       1186   dev_bh1750_1.o
       960          0         59         16         12       2371   dev_dht11.o
       218          0         20          0          4       1469   dev_gpio.o
      2198          0       5320         22          0      23267   dev_lcd.o
       748         24         58         16          0      18816   dev_mh.o
       468          8         32         16          0      10618   dev_mq.o
       604         40         56         16          0      10642   dev_ph.o
       214          0         23          0          4       1544   dev_timer.o
       210          0         28          0          4       1488   dev_uart.o
      2926          6        324          0        281       8365   dev_wifi_bt.o
       320          0          0          0          0      11423   drv_adc.o
       904          0          0          0          0       9904   drv_bh1750_iic.o
      1920          0        164         60         20      19643   drv_gpio.o
      1334         10         41         64          2      11628   drv_gpt.o
       402          4         36          0         12      10943   drv_gpt_pwm.o
       388          0          8         32          4       4437   drv_systick.o
      1034          0         53         48          7      11764   drv_uart.o
         0          0        840          8        260      82602   hal_data.o
      1454          0        328          0        252       3638   hal_entry.o
       982         16         72         40         40       9543   kalman.o
        20          0          0          0          0        427   main.o
         0          0        392          0          0       7972   pin_data.o
        38          0          0          0         84       1410   printf.o
      2434          0         64          0          0      77107   r_adc.o
      2690          0         48          0          0      69995   r_gpt.o
       742          0         20          0          0      17883   r_icu.o
      1604          0         64          0          0      49431   r_ioport.o
      2420          0         36          0          0      64770   r_sci_uart.o
       814          0         33          0          0       2766   ring_buffer.o
        18          0         64          0      16384        955   startup.o
       272          0          0          0          4       3748   system.o
         0          0        768          0          0       9610   vector_data.o

    ----------------------------------------------------------------------
     30696        116       9400        344      18272     684473   Object Totals
         0          0          0          0        316          0   (incl. Generated)
       296          0          4          6         14          0   (incl. Padding)

    ----------------------------------------------------------------------

      Code (inc. data)   RO Data    RW Data    ZI Data      Debug   Library Member Name

         0          0          0          0          0          0   iusefp.o
        30          0          0          0          0         68   llshl.o
        36          0          0          0          0         68   llsshr.o
        32          0          0          0          0         68   llushr.o
       188         20          0          0          0        160   malloc2.o
        36          0          0          0          0         68   memcpya.o
        36          0          0          0          0        108   memseta.o
         0          0          0          8          0          0   mvars.o
      2308         96          0          0          0        604   printfa.o
        28          0          0          0          0         76   strcmp.o
        14          0          0          0          0         68   strlen.o
        36          0          0          0          0         80   strstr.o
        44          0          0          0          0         80   uidiv.o
        98          0          0          0          0         92   uldiv.o
        48          0          0          0          0         68   cdrcmple.o
        56          0          0          0          0         88   d2f.o
       334          0          0          0          0        148   dadd.o
        54          0          0          0          0         80   dcmpge.o
        54          0          0          0          0         80   dcmple.o
       222          0          0          0          0        100   ddiv.o
       186          0          0          0          0        176   depilogue.o
        48          0          0          0          0         68   dfixul.o
        34          0          0          0          0         76   dflti.o
       228          0          0          0          0         96   dmul.o
        38          0          0          0          0         68   f2d.o
       110          0          0          0          0        168   fepilogue.o

    ----------------------------------------------------------------------
      4304        116          0          8          0       2756   Library Totals
         6          0          0          0          0          0   (incl. Padding)

    ----------------------------------------------------------------------

      Code (inc. data)   RO Data    RW Data    ZI Data      Debug   Library Name

      2886        116          0          8          0       1540   mc_w.l
      1412          0          0          0          0       1216   mf_w.l

    ----------------------------------------------------------------------
      4304        116          0          8          0       2756   Library Totals

    ----------------------------------------------------------------------

==============================================================================


      Code (inc. data)   RO Data    RW Data    ZI Data      Debug   

     35000        232       9400        352      18272     684993   Grand Totals
     35000        232       9400        352      18272     684993   ELF Image Totals
     35000        232       9400        352          0          0   ROM Totals

==============================================================================

    Total RO  Size (Code + RO Data)                44400 (  43.36kB)
    Total RW  Size (RW Data + ZI Data)             18624 (  18.19kB)
    Total ROM Size (Code + RO Data + RW Data)      44752 (  43.70kB)

==============================================================================

