<html>
<body>
<pre>
<h1>µVision Build Log</h1>
<h2>Tool Versions:</h2>
IDE-Version: ¦ÌVision V5.36.0.0
Copyright (C) 2021 ARM Ltd and ARM Germany GmbH. All rights reserved.
License Information: 1 8613937431277, 1, LIC=NQQMA-1XHA6-AR9XW-Q5M6H-IYFS1-PVVPF
 
Tool Versions:
Toolchain:       MDK-ARM Plus  Version: 5.36.0.0
Toolchain Path:  C:\Keil_v5\ARM\ARMCLANG\Bin
C Compiler:      ArmClang.exe V6.19
Assembler:       Armasm.exe V6.19
Linker/Locator:  ArmLink.exe V6.19
Library Manager: ArmAr.exe V6.19
Hex Converter:   FromElf.exe V6.19
CPU DLL:         
Dialog DLL:      
Target DLL:      CMSIS_AGDI_V8M.DLL V1.7.0.0
Dialog DLL:      TCM.DLL V1.53.0.0
 
<h2>Project:</h2>
D:\Z_Competition\Renesas\project2\wifi_bt.uvprojx
Project File Date:  10/06/2024

<h2>Output:</h2>
*** Using Compiler 'V6.19', folder: 'C:\Keil_v5\ARM\ARMCLANG\Bin'
Build target 'Target 1'
applications/app_wifi_bt.c(1): warning: In file included from...
./applications/app.h(10): warning: In file included from...
./devices\devices.h(106): warning: In file included from...
./devices/./ADC/dev_MQ.h(4): warning: 'Offset' macro redefined [-Wmacro-redefined]
#define Offset 0.00
        ^
./devices/./ADC/dev_PH.h(4): note: previous definition is here
#define Offset 7.00
        ^
1 warning generated.
compiling app_wifi_bt.c...
src/hal_entry.c(1): warning: In file included from...
./applications\app.h(10): warning: In file included from...
./devices\devices.h(106): warning: In file included from...
./devices/./ADC/dev_MQ.h(4): warning: 'Offset' macro redefined [-Wmacro-redefined]
#define Offset 0.00
        ^
./devices/./ADC/dev_PH.h(4): note: previous definition is here
#define Offset 7.00
        ^
src/hal_entry.c(36): warning: variable 'ret3' set but not used [-Wunused-but-set-variable]
        int ret3;
            ^
2 warnings generated.
compiling hal_entry.c...
linking...
Program Size: Code=35000 RO-data=9400 RW-data=352 ZI-data=18272  
FromELF: creating hex file...
After Build - User command #1: cmd /c "start "Renesas" /w cmd /c ""D:\keil5\Keil5 MDK\Renesas\RA_DFP\5.2.0\launcher\rasc_launcher.bat" "D:\Z_Competition\Renesas\project2\rasc_version.txt" -nosplash --launcher.suppressErrors --gensmartbundle --compiler ARMv6 "D:\Z_Competition\Renesas\project2\configuration.xml" "D:\Z_Competition\Renesas\project2\Objects\wifi_bt.axf" 2> "%TEMP%\rasc_stderr.out"""
".\Objects\wifi_bt.axf" - 0 Error(s), 3 Warning(s).

<h2>Software Packages used:</h2>

Package Vendor: Renesas
                
                Renesas.Project Content.1.0.0
                Project content managed by the Renesas Smart Configurator
   * Component: Build Configuration Version: 
   * Component: ra Version: 
   * Component: Generated Data Version: 
   * Component: Linker Script Version: 

Package Vendor: Renesas
                https://www2.renesas.eu/Keil_MDK_Packs/Renesas.RA_DFP.5.2.0.pack
                Renesas.RA_DFP.5.2.0
                Renesas RA series device family pack
   * Component: RA Configuration Version: 1.0.0

<h2>Collection of Component include folders:</h2>
  .\RTE\_Target_1
  .\ra\arm\CMSIS_5\CMSIS\Core\Include
  .\ra\fsp\inc
  .\ra\fsp\inc\api
  .\ra\fsp\inc\instances
  .\ra_cfg\fsp_cfg
  .\ra_cfg\fsp_cfg\bsp
  .\ra_gen
  D:\Z_Competition\Renesas\project2

<h2>Collection of Component Files used:</h2>

   * Component: Renesas::Flex Software:Build Configuration
      Include file:  ra_cfg\fsp_cfg\bsp\board_cfg.h
      Include file:  ra_cfg\fsp_cfg\bsp\bsp_mcu_family_cfg.h
      Include file:  ra_cfg\fsp_cfg\bsp\bsp_pin_cfg.h
      Include file:  ra_cfg\fsp_cfg\r_ioport_cfg.h
      Include file:  ra_cfg\fsp_cfg\bsp\bsp_cfg.h
      Include file:  ra_cfg\fsp_cfg\bsp\bsp_mcu_device_pn_cfg.h
      Include file:  ra_cfg\fsp_cfg\r_gpt_cfg.h
      Include file:  ra_cfg\fsp_cfg\bsp\bsp_mcu_device_cfg.h
      Include file:  ra_cfg\fsp_cfg\r_adc_cfg.h
      Include file:  ra_cfg\fsp_cfg\r_sci_uart_cfg.h
      Include file:  ra_cfg\fsp_cfg\r_icu_cfg.h

   * Component: Renesas::Flex Software:Components:ra
      Include file:  ra\arm\CMSIS_5\CMSIS\Core\Include\cachel1_armv7.h
      Include file:  ra\arm\CMSIS_5\CMSIS\Core\Include\cmsis_armcc.h
      Include file:  ra\arm\CMSIS_5\CMSIS\Core\Include\cmsis_armclang.h
      Include file:  ra\arm\CMSIS_5\CMSIS\Core\Include\core_sc000.h
      Include file:  ra\arm\CMSIS_5\CMSIS\Core\Include\cmsis_armclang_ltm.h
      Include file:  ra\arm\CMSIS_5\CMSIS\Core\Include\cmsis_compiler.h
      Include file:  ra\arm\CMSIS_5\CMSIS\Core\Include\cmsis_version.h
      Include file:  ra\arm\CMSIS_5\CMSIS\Core\Include\core_cm1.h
      Include file:  ra\arm\CMSIS_5\CMSIS\Core\Include\core_armv8mbl.h
      Include file:  ra\arm\CMSIS_5\CMSIS\Core\Include\core_cm23.h
      Include file:  ra\arm\CMSIS_5\CMSIS\Core\Include\core_cm33.h
      Include file:  ra\arm\CMSIS_5\CMSIS\Core\Include\core_cm35p.h
      Include file:  ra\arm\CMSIS_5\CMSIS\Core\Include\core_cm4.h
      Include file:  ra\arm\CMSIS_5\CMSIS\Core\Include\core_armv81mml.h
      Include file:  ra\arm\CMSIS_5\CMSIS\Core\Include\core_cm55.h
      Include file:  ra\arm\CMSIS_5\CMSIS\Core\Include\core_armv8mml.h
      Include file:  ra\arm\CMSIS_5\CMSIS\Core\Include\core_cm0plus.h
      Include file:  ra\arm\CMSIS_5\CMSIS\Core\Include\core_cm3.h
      Include file:  ra\arm\CMSIS_5\CMSIS\Core\Include\core_cm0.h
      Include file:  ra\arm\CMSIS_5\CMSIS\Core\Include\core_cm7.h
      Include file:  ra\arm\CMSIS_5\CMSIS\Core\Include\core_cm85.h
      Include file:  ra\arm\CMSIS_5\CMSIS\Core\Include\cmsis_gcc.h
      Include file:  ra\arm\CMSIS_5\CMSIS\Core\Include\cmsis_iccarm.h
      Include file:  ra\arm\CMSIS_5\CMSIS\Core\Include\core_sc300.h
      Include file:  ra\fsp\inc\api\r_uart_api.h
      Include file:  ra\fsp\inc\fsp_version.h
      Include file:  ra\fsp\inc\instances\r_adc.h
      Source file:   ra\fsp\src\bsp\cmsis\Device\RENESAS\Source\system.c
      Include file:  ra\arm\CMSIS_5\CMSIS\Core\Include\pmu_armv8.h
      Include file:  ra\fsp\inc\api\r_ioport_api.h
      Include file:  ra\fsp\inc\instances\r_gpt.h
      Include file:  ra\fsp\inc\instances\r_sci_uart.h
      Source file:   ra\fsp\src\bsp\cmsis\Device\RENESAS\Source\startup.c
      Include file:  ra\fsp\src\bsp\mcu\all\bsp_arm_exceptions.h
      Source file:   ra\fsp\src\bsp\mcu\all\bsp_clocks.c
      Include file:  ra\arm\CMSIS_5\CMSIS\Core\Include\tz_context.h
      Include file:  ra\fsp\src\bsp\mcu\all\bsp_clocks.h
      Include file:  ra\fsp\inc\api\bsp_api.h
      Include file:  ra\arm\CMSIS_5\CMSIS\Core\Include\core_starmc1.h
      Include file:  ra\arm\CMSIS_5\CMSIS\Core\Include\mpu_armv7.h
      Include file:  ra\fsp\inc\instances\r_icu.h
      Include file:  ra\arm\CMSIS_5\CMSIS\Core\Include\pac_armv81.h
      Include file:  ra\fsp\inc\api\r_elc_api.h
      Include file:  ra\fsp\inc\fsp_features.h
      Include file:  ra\arm\CMSIS_5\CMSIS\Core\Include\mpu_armv8.h
      Include file:  ra\fsp\inc\api\r_timer_api.h
      Include file:  ra\fsp\inc\api\r_transfer_api.h
      Include file:  ra\fsp\inc\api\r_external_irq_api.h
      Include file:  ra\fsp\inc\fsp_common_api.h
      Include file:  ra\fsp\inc\api\r_adc_api.h
      Include file:  ra\fsp\src\bsp\cmsis\Device\RENESAS\Include\R7FA6M5BH.h
      Include file:  ra\fsp\src\bsp\cmsis\Device\RENESAS\Include\renesas.h
      Include file:  ra\fsp\src\bsp\cmsis\Device\RENESAS\Include\system.h
      Include file:  ra\fsp\inc\instances\r_ioport.h
      Include file:  ra\fsp\src\bsp\mcu\ra6m5\bsp_mcu_info.h
      Source file:   ra\fsp\src\bsp\mcu\all\bsp_group_irq.c
      Source file:   ra\fsp\src\bsp\mcu\all\bsp_register_protection.c
      Include file:  ra\fsp\src\bsp\mcu\all\bsp_security.h
      Source file:   ra\fsp\src\bsp\mcu\all\bsp_sbrk.c
      Source file:   ra\fsp\src\r_gpt\r_gpt.c
      Source file:   ra\fsp\src\r_icu\r_icu.c
      Include file:  ra\fsp\src\bsp\mcu\ra6m5\bsp_elc.h
      Source file:   ra\fsp\src\bsp\mcu\all\bsp_irq.c
      Include file:  ra\fsp\src\bsp\mcu\all\bsp_module_stop.h
      Source file:   ra\fsp\src\r_sci_uart\r_sci_uart.c
      Source file:   ra\fsp\src\r_ioport\r_ioport.c
      Source file:   ra\fsp\src\bsp\mcu\all\bsp_delay.c
      Include file:  ra\fsp\src\bsp\mcu\all\bsp_common.h
      Source file:   ra\fsp\src\bsp\mcu\all\bsp_rom_registers.c
      Include file:  ra\fsp\src\bsp\mcu\all\bsp_delay.h
      Source file:   ra\fsp\src\bsp\mcu\all\bsp_common.c
      Include file:  ra\fsp\src\bsp\mcu\all\bsp_mcu_api.h
      Include file:  ra\fsp\src\bsp\mcu\all\bsp_tfu.h
      Include file:  ra\fsp\src\bsp\mcu\all\bsp_group_irq.h
      Source file:   ra\fsp\src\r_adc\r_adc.c
      Include file:  ra\fsp\src\bsp\mcu\all\bsp_guard.h
      Include file:  ra\fsp\src\bsp\mcu\all\bsp_irq.h
      Include file:  ra\fsp\src\bsp\mcu\all\bsp_compiler_support.h
      Source file:   ra\fsp\src\bsp\mcu\all\bsp_io.c
      Source file:   ra\fsp\src\bsp\mcu\all\bsp_guard.c
      Include file:  ra\fsp\src\bsp\mcu\all\bsp_register_protection.h
      Source file:   ra\fsp\src\bsp\mcu\all\bsp_security.c
      Include file:  ra\fsp\src\bsp\mcu\all\bsp_io.h
      Include file:  ra\fsp\src\bsp\mcu\ra6m5\bsp_feature.h

   * Component: Renesas::Flex Software:Generated Data
      Source file:   ra_gen\pin_data.c
      Source file:   ra_gen\vector_data.c
      Source file:   ra_gen\common_data.c
      Include file:  ra_gen\hal_data.h
      Source file:   ra_gen\main.c
      Include file:  ra_gen\vector_data.h
      Include file:  ra_gen\bsp_clock_cfg.h
      Include file:  ra_gen\common_data.h
      Source file:   ra_gen\hal_data.c

   * Component: Renesas::Flex Software:Linker Script

   * Component: Renesas::Flex Software:RA Configuration:1.0.0
Build Time Elapsed:  00:00:09
</pre>
</body>
</html>
