<!doctype html public "-//w3c//dtd html 4.0 transitional//en">
<html><head>
<title>Static Call Graph - [.\Objects\wifi_bt.axf]</title></head>
<body><HR>
<H1>Static Call Graph for image .\Objects\wifi_bt.axf</H1><HR>
<BR><P>#&#060CALLGRAPH&#062# ARM Linker, 6190004: Last Updated: Sat Jul  6 15:25:03 2024
<BR><P>
<H3>Maximum Stack Usage =        836 bytes + Unknown(Cycles, Untraceable Function Pointers)</H3><H3>
Call chain for Maximum Stack Depth:</H3>
Reset_Handler &rArr; main &rArr; hal_entry &rArr; WiFiBtAppTest &rArr; WiFiBtDevConnect &rArr; WiFiBtDevSetRPTM &rArr; WiFiBtDevCmdRet &rArr; mdelay &rArr; TimerDeviceFind &rArr; strstr
<P>
<H3>
Mutually Recursive functions
</H3> <LI><a href="#[4c]">bsp_prv_software_delay_loop</a>&nbsp;&nbsp;&nbsp;&rArr;&nbsp;&nbsp;&nbsp;<a href="#[4c]">bsp_prv_software_delay_loop</a><BR>
</UL>
<P>
<H3>
Function Pointers
</H3><UL>
 <LI><a href="#[4]">BusFault_Handler</a> from startup.o(.text.Default_Handler) referenced from startup.o(.fixed_vectors)
 <LI><a href="#[8]">DebugMon_Handler</a> from startup.o(.text.Default_Handler) referenced from startup.o(.fixed_vectors)
 <LI><a href="#[31]">HAL_Delay</a> from drv_systick.o(.text.HAL_Delay) referenced from drv_systick.o(.data.gSystickDevice)
 <LI><a href="#[2]">HardFault_Handler</a> from startup.o(.text.Default_Handler) referenced from startup.o(.fixed_vectors)
 <LI><a href="#[3]">MemManage_Handler</a> from startup.o(.text.Default_Handler) referenced from startup.o(.fixed_vectors)
 <LI><a href="#[1]">NMI_Handler</a> from bsp_group_irq.o(.text.NMI_Handler) referenced from startup.o(.fixed_vectors)
 <LI><a href="#[9]">PendSV_Handler</a> from startup.o(.text.Default_Handler) referenced from startup.o(.fixed_vectors)
 <LI><a href="#[16]">R_IOPORT_Close</a> from r_ioport.o(.text.R_IOPORT_Close) referenced from r_ioport.o(.rodata.g_ioport_on_ioport)
 <LI><a href="#[15]">R_IOPORT_Open</a> from r_ioport.o(.text.R_IOPORT_Open) referenced from r_ioport.o(.rodata.g_ioport_on_ioport)
 <LI><a href="#[18]">R_IOPORT_PinCfg</a> from r_ioport.o(.text.R_IOPORT_PinCfg) referenced from r_ioport.o(.rodata.g_ioport_on_ioport)
 <LI><a href="#[19]">R_IOPORT_PinEventInputRead</a> from r_ioport.o(.text.R_IOPORT_PinEventInputRead) referenced from r_ioport.o(.rodata.g_ioport_on_ioport)
 <LI><a href="#[1a]">R_IOPORT_PinEventOutputWrite</a> from r_ioport.o(.text.R_IOPORT_PinEventOutputWrite) referenced from r_ioport.o(.rodata.g_ioport_on_ioport)
 <LI><a href="#[1b]">R_IOPORT_PinRead</a> from r_ioport.o(.text.R_IOPORT_PinRead) referenced from r_ioport.o(.rodata.g_ioport_on_ioport)
 <LI><a href="#[1c]">R_IOPORT_PinWrite</a> from r_ioport.o(.text.R_IOPORT_PinWrite) referenced from r_ioport.o(.rodata.g_ioport_on_ioport)
 <LI><a href="#[17]">R_IOPORT_PinsCfg</a> from r_ioport.o(.text.R_IOPORT_PinsCfg) referenced from r_ioport.o(.rodata.g_ioport_on_ioport)
 <LI><a href="#[1d]">R_IOPORT_PortDirectionSet</a> from r_ioport.o(.text.R_IOPORT_PortDirectionSet) referenced from r_ioport.o(.rodata.g_ioport_on_ioport)
 <LI><a href="#[1e]">R_IOPORT_PortEventInputRead</a> from r_ioport.o(.text.R_IOPORT_PortEventInputRead) referenced from r_ioport.o(.rodata.g_ioport_on_ioport)
 <LI><a href="#[1f]">R_IOPORT_PortEventOutputWrite</a> from r_ioport.o(.text.R_IOPORT_PortEventOutputWrite) referenced from r_ioport.o(.rodata.g_ioport_on_ioport)
 <LI><a href="#[20]">R_IOPORT_PortRead</a> from r_ioport.o(.text.R_IOPORT_PortRead) referenced from r_ioport.o(.rodata.g_ioport_on_ioport)
 <LI><a href="#[21]">R_IOPORT_PortWrite</a> from r_ioport.o(.text.R_IOPORT_PortWrite) referenced from r_ioport.o(.rodata.g_ioport_on_ioport)
 <LI><a href="#[29]">R_SCI_UART_Abort</a> from r_sci_uart.o(.text.R_SCI_UART_Abort) referenced from r_sci_uart.o(.rodata.g_uart_on_sci)
 <LI><a href="#[27]">R_SCI_UART_BaudSet</a> from r_sci_uart.o(.text.R_SCI_UART_BaudSet) referenced from r_sci_uart.o(.rodata.g_uart_on_sci)
 <LI><a href="#[2a]">R_SCI_UART_CallbackSet</a> from r_sci_uart.o(.text.R_SCI_UART_CallbackSet) referenced from r_sci_uart.o(.rodata.g_uart_on_sci)
 <LI><a href="#[2b]">R_SCI_UART_Close</a> from r_sci_uart.o(.text.R_SCI_UART_Close) referenced from r_sci_uart.o(.rodata.g_uart_on_sci)
 <LI><a href="#[28]">R_SCI_UART_InfoGet</a> from r_sci_uart.o(.text.R_SCI_UART_InfoGet) referenced from r_sci_uart.o(.rodata.g_uart_on_sci)
 <LI><a href="#[24]">R_SCI_UART_Open</a> from r_sci_uart.o(.text.R_SCI_UART_Open) referenced from r_sci_uart.o(.rodata.g_uart_on_sci)
 <LI><a href="#[25]">R_SCI_UART_Read</a> from r_sci_uart.o(.text.R_SCI_UART_Read) referenced from r_sci_uart.o(.rodata.g_uart_on_sci)
 <LI><a href="#[2c]">R_SCI_UART_ReadStop</a> from r_sci_uart.o(.text.R_SCI_UART_ReadStop) referenced from r_sci_uart.o(.rodata.g_uart_on_sci)
 <LI><a href="#[26]">R_SCI_UART_Write</a> from r_sci_uart.o(.text.R_SCI_UART_Write) referenced from r_sci_uart.o(.rodata.g_uart_on_sci)
 <LI><a href="#[0]">Reset_Handler</a> from startup.o(.text.Reset_Handler) referenced from startup.o(.fixed_vectors)
 <LI><a href="#[11]">RingBufferClear</a> from ring_buffer.o(.text.RingBufferClear) referenced 2 times from ring_buffer.o(.text.RingBufferNew)
 <LI><a href="#[12]">RingBufferFree</a> from ring_buffer.o(.text.RingBufferFree) referenced 2 times from ring_buffer.o(.text.RingBufferNew)
 <LI><a href="#[10]">RingBufferRead</a> from ring_buffer.o(.text.RingBufferRead) referenced 2 times from ring_buffer.o(.text.RingBufferNew)
 <LI><a href="#[f]">RingBufferWrite</a> from ring_buffer.o(.text.RingBufferWrite) referenced 2 times from ring_buffer.o(.text.RingBufferNew)
 <LI><a href="#[7]">SVC_Handler</a> from startup.o(.text.Default_Handler) referenced from startup.o(.fixed_vectors)
 <LI><a href="#[6]">SecureFault_Handler</a> from startup.o(.text.Default_Handler) referenced from startup.o(.fixed_vectors)
 <LI><a href="#[a]">SysTick_Handler</a> from drv_systick.o(.text.SysTick_Handler) referenced from startup.o(.fixed_vectors)
 <LI><a href="#[30]">SystickInit</a> from drv_systick.o(.text.SystickInit) referenced from drv_systick.o(.data.gSystickDevice)
 <LI><a href="#[2d]">UARTDrvInit</a> from drv_uart.o(.text.UARTDrvInit) referenced from drv_uart.o(.data.gLogDevice)
 <LI><a href="#[2d]">UARTDrvInit</a> from drv_uart.o(.text.UARTDrvInit) referenced from drv_uart.o(.data.gWiFiDevice)
 <LI><a href="#[2f]">UARTDrvRead</a> from drv_uart.o(.text.UARTDrvRead) referenced from drv_uart.o(.data.gLogDevice)
 <LI><a href="#[2f]">UARTDrvRead</a> from drv_uart.o(.text.UARTDrvRead) referenced from drv_uart.o(.data.gWiFiDevice)
 <LI><a href="#[2e]">UARTDrvWrite</a> from drv_uart.o(.text.UARTDrvWrite) referenced from drv_uart.o(.data.gLogDevice)
 <LI><a href="#[2e]">UARTDrvWrite</a> from drv_uart.o(.text.UARTDrvWrite) referenced from drv_uart.o(.data.gWiFiDevice)
 <LI><a href="#[5]">UsageFault_Handler</a> from startup.o(.text.Default_Handler) referenced from startup.o(.fixed_vectors)
 <LI><a href="#[14]">_sputc</a> from printfa.o(i._sputc) referenced from printfa.o(i.__0sprintf)
 <LI><a href="#[13]">fputc</a> from printf.o(.text.fputc) referenced from printfa.o(i.__0printf)
 <LI><a href="#[e]">sci_uart_eri_isr</a> from r_sci_uart.o(.text.sci_uart_eri_isr) referenced 2 times from vector_data.o(.application_vectors)
 <LI><a href="#[b]">sci_uart_rxi_isr</a> from r_sci_uart.o(.text.sci_uart_rxi_isr) referenced 2 times from vector_data.o(.application_vectors)
 <LI><a href="#[d]">sci_uart_tei_isr</a> from r_sci_uart.o(.text.sci_uart_tei_isr) referenced 2 times from vector_data.o(.application_vectors)
 <LI><a href="#[c]">sci_uart_txi_isr</a> from r_sci_uart.o(.text.sci_uart_txi_isr) referenced 2 times from vector_data.o(.application_vectors)
 <LI><a href="#[22]">uart6_callback</a> from drv_uart.o(.text.uart6_callback) referenced from hal_data.o(.rodata.g_uart6_cfg)
 <LI><a href="#[23]">uart7_callback</a> from drv_uart.o(.text.uart7_callback) referenced from hal_data.o(.rodata.g_uart7_cfg)
</UL>
<P>
<H3>
Global Symbols
</H3>
<P><STRONG><a name="[60]"></a>__aeabi_memcpy</STRONG> (Thumb, 36 bytes, Stack size 0 bytes, memcpya.o(.text))
<BR><BR>[Called By]<UL><LI><a href="#[b]">&gt;&gt;</a>&nbsp;&nbsp;&nbsp;sci_uart_rxi_isr
<LI><a href="#[10]">&gt;&gt;</a>&nbsp;&nbsp;&nbsp;RingBufferRead
<LI><a href="#[f]">&gt;&gt;</a>&nbsp;&nbsp;&nbsp;RingBufferWrite
<LI><a href="#[84]">&gt;&gt;</a>&nbsp;&nbsp;&nbsp;WiFiBtDevGetLocalIP
<LI><a href="#[83]">&gt;&gt;</a>&nbsp;&nbsp;&nbsp;WiFiBtDevConnectWiFi
</UL>

<P><STRONG><a name="[65]"></a>__aeabi_memcpy4</STRONG> (Thumb, 0 bytes, Stack size 0 bytes, memcpya.o(.text))
<BR><BR>[Called By]<UL><LI><a href="#[5a]">&gt;&gt;</a>&nbsp;&nbsp;&nbsp;SystemInit
</UL>

<P><STRONG><a name="[9b]"></a>__aeabi_memcpy8</STRONG> (Thumb, 0 bytes, Stack size 0 bytes, memcpya.o(.text), UNUSED)

<P><STRONG><a name="[33]"></a>__aeabi_memset</STRONG> (Thumb, 14 bytes, Stack size 0 bytes, memseta.o(.text))
<BR><BR>[Called By]<UL><LI><a href="#[34]">&gt;&gt;</a>&nbsp;&nbsp;&nbsp;_memset$wrapper
<LI><a href="#[32]">&gt;&gt;</a>&nbsp;&nbsp;&nbsp;__aeabi_memclr
</UL>

<P><STRONG><a name="[9c]"></a>__aeabi_memset4</STRONG> (Thumb, 0 bytes, Stack size 0 bytes, memseta.o(.text), UNUSED)

<P><STRONG><a name="[9d]"></a>__aeabi_memset8</STRONG> (Thumb, 0 bytes, Stack size 0 bytes, memseta.o(.text), UNUSED)

<P><STRONG><a name="[32]"></a>__aeabi_memclr</STRONG> (Thumb, 4 bytes, Stack size 0 bytes, memseta.o(.text))
<BR><BR>[Calls]<UL><LI><a href="#[33]">&gt;&gt;</a>&nbsp;&nbsp;&nbsp;__aeabi_memset
</UL>
<BR>[Called By]<UL><LI><a href="#[11]">&gt;&gt;</a>&nbsp;&nbsp;&nbsp;RingBufferClear
<LI><a href="#[8a]">&gt;&gt;</a>&nbsp;&nbsp;&nbsp;WiFiNetDataPreDeal
<LI><a href="#[6f]">&gt;&gt;</a>&nbsp;&nbsp;&nbsp;WiFiBtDevCmdRet
<LI><a href="#[85]">&gt;&gt;</a>&nbsp;&nbsp;&nbsp;WiFiBtDevConnect
<LI><a href="#[7f]">&gt;&gt;</a>&nbsp;&nbsp;&nbsp;WiFiBtAppTest
</UL>

<P><STRONG><a name="[64]"></a>__aeabi_memclr4</STRONG> (Thumb, 0 bytes, Stack size 0 bytes, memseta.o(.text))
<BR><BR>[Called By]<UL><LI><a href="#[5a]">&gt;&gt;</a>&nbsp;&nbsp;&nbsp;SystemInit
</UL>

<P><STRONG><a name="[9e]"></a>__aeabi_memclr8</STRONG> (Thumb, 0 bytes, Stack size 0 bytes, memseta.o(.text), UNUSED)

<P><STRONG><a name="[34]"></a>_memset$wrapper</STRONG> (Thumb, 18 bytes, Stack size 8 bytes, memseta.o(.text), UNUSED)
<BR><BR>[Calls]<UL><LI><a href="#[33]">&gt;&gt;</a>&nbsp;&nbsp;&nbsp;__aeabi_memset
</UL>

<P><STRONG><a name="[73]"></a>strstr</STRONG> (Thumb, 36 bytes, Stack size 12 bytes, strstr.o(.text))
<BR><BR>[Stack]<UL><LI>Max Depth = 12<LI>Call Chain = strstr
</UL>
<BR>[Called By]<UL><LI><a href="#[72]">&gt;&gt;</a>&nbsp;&nbsp;&nbsp;TimerDeviceFind
<LI><a href="#[8a]">&gt;&gt;</a>&nbsp;&nbsp;&nbsp;WiFiNetDataPreDeal
<LI><a href="#[7a]">&gt;&gt;</a>&nbsp;&nbsp;&nbsp;UartDeviceFind
<LI><a href="#[6f]">&gt;&gt;</a>&nbsp;&nbsp;&nbsp;WiFiBtDevCmdRet
<LI><a href="#[87]">&gt;&gt;</a>&nbsp;&nbsp;&nbsp;WiFiBtDevWrite
<LI><a href="#[85]">&gt;&gt;</a>&nbsp;&nbsp;&nbsp;WiFiBtDevConnect
</UL>

<P><STRONG><a name="[6e]"></a>strlen</STRONG> (Thumb, 14 bytes, Stack size 0 bytes, strlen.o(.text))
<BR><BR>[Called By]<UL><LI><a href="#[88]">&gt;&gt;</a>&nbsp;&nbsp;&nbsp;WiFiBtDevSetRPTM
<LI><a href="#[89]">&gt;&gt;</a>&nbsp;&nbsp;&nbsp;WiFiBtDevReset
<LI><a href="#[70]">&gt;&gt;</a>&nbsp;&nbsp;&nbsp;TCP_Data
<LI><a href="#[87]">&gt;&gt;</a>&nbsp;&nbsp;&nbsp;WiFiBtDevWrite
<LI><a href="#[6c]">&gt;&gt;</a>&nbsp;&nbsp;&nbsp;TCP_Connect
<LI><a href="#[85]">&gt;&gt;</a>&nbsp;&nbsp;&nbsp;WiFiBtDevConnect
<LI><a href="#[84]">&gt;&gt;</a>&nbsp;&nbsp;&nbsp;WiFiBtDevGetLocalIP
<LI><a href="#[83]">&gt;&gt;</a>&nbsp;&nbsp;&nbsp;WiFiBtDevConnectWiFi
<LI><a href="#[82]">&gt;&gt;</a>&nbsp;&nbsp;&nbsp;WiFiBtDevEnableDHCP
<LI><a href="#[81]">&gt;&gt;</a>&nbsp;&nbsp;&nbsp;WiFiBtDevSetWorkType
</UL>

<P><STRONG><a name="[9f]"></a>__aeabi_uidiv</STRONG> (Thumb, 0 bytes, Stack size 12 bytes, uidiv.o(.text), UNUSED)

<P><STRONG><a name="[9a]"></a>__aeabi_uidivmod</STRONG> (Thumb, 44 bytes, Stack size 12 bytes, uidiv.o(.text), UNUSED)
<BR><BR>[Called By]<UL><LI><a href="#[94]">&gt;&gt;</a>&nbsp;&nbsp;&nbsp;_printf_core
</UL>

<P><STRONG><a name="[35]"></a>__aeabi_uldivmod</STRONG> (Thumb, 98 bytes, Stack size 40 bytes, uldiv.o(.text), UNUSED)
<BR><BR>[Calls]<UL><LI><a href="#[36]">&gt;&gt;</a>&nbsp;&nbsp;&nbsp;__aeabi_llsr
<LI><a href="#[37]">&gt;&gt;</a>&nbsp;&nbsp;&nbsp;__aeabi_llsl
</UL>
<BR>[Called By]<UL><LI><a href="#[94]">&gt;&gt;</a>&nbsp;&nbsp;&nbsp;_printf_core
<LI><a href="#[96]">&gt;&gt;</a>&nbsp;&nbsp;&nbsp;_fp_digits
</UL>

<P><STRONG><a name="[a0]"></a>__I$use$fp</STRONG> (Thumb, 0 bytes, Stack size 48 bytes, iusefp.o(.text), UNUSED)

<P><STRONG><a name="[38]"></a>__aeabi_dadd</STRONG> (Thumb, 322 bytes, Stack size 48 bytes, dadd.o(.text), UNUSED)
<BR><BR>[Calls]<UL><LI><a href="#[39]">&gt;&gt;</a>&nbsp;&nbsp;&nbsp;__aeabi_lasr
<LI><a href="#[37]">&gt;&gt;</a>&nbsp;&nbsp;&nbsp;__aeabi_llsl
<LI><a href="#[3b]">&gt;&gt;</a>&nbsp;&nbsp;&nbsp;_double_round
<LI><a href="#[3a]">&gt;&gt;</a>&nbsp;&nbsp;&nbsp;_double_epilogue
</UL>
<BR>[Called By]<UL><LI><a href="#[3d]">&gt;&gt;</a>&nbsp;&nbsp;&nbsp;__aeabi_drsub
<LI><a href="#[3c]">&gt;&gt;</a>&nbsp;&nbsp;&nbsp;__aeabi_dsub
<LI><a href="#[96]">&gt;&gt;</a>&nbsp;&nbsp;&nbsp;_fp_digits
</UL>

<P><STRONG><a name="[3c]"></a>__aeabi_dsub</STRONG> (Thumb, 6 bytes, Stack size 0 bytes, dadd.o(.text), UNUSED)
<BR><BR>[Calls]<UL><LI><a href="#[38]">&gt;&gt;</a>&nbsp;&nbsp;&nbsp;__aeabi_dadd
</UL>

<P><STRONG><a name="[3d]"></a>__aeabi_drsub</STRONG> (Thumb, 6 bytes, Stack size 0 bytes, dadd.o(.text), UNUSED)
<BR><BR>[Calls]<UL><LI><a href="#[38]">&gt;&gt;</a>&nbsp;&nbsp;&nbsp;__aeabi_dadd
</UL>

<P><STRONG><a name="[3e]"></a>__aeabi_dmul</STRONG> (Thumb, 228 bytes, Stack size 48 bytes, dmul.o(.text), UNUSED)
<BR><BR>[Calls]<UL><LI><a href="#[3a]">&gt;&gt;</a>&nbsp;&nbsp;&nbsp;_double_epilogue
</UL>
<BR>[Called By]<UL><LI><a href="#[96]">&gt;&gt;</a>&nbsp;&nbsp;&nbsp;_fp_digits
</UL>

<P><STRONG><a name="[3f]"></a>__aeabi_ddiv</STRONG> (Thumb, 222 bytes, Stack size 32 bytes, ddiv.o(.text), UNUSED)
<BR><BR>[Calls]<UL><LI><a href="#[3b]">&gt;&gt;</a>&nbsp;&nbsp;&nbsp;_double_round
</UL>
<BR>[Called By]<UL><LI><a href="#[96]">&gt;&gt;</a>&nbsp;&nbsp;&nbsp;_fp_digits
</UL>

<P><STRONG><a name="[40]"></a>__aeabi_d2ulz</STRONG> (Thumb, 48 bytes, Stack size 0 bytes, dfixul.o(.text), UNUSED)
<BR><BR>[Calls]<UL><LI><a href="#[36]">&gt;&gt;</a>&nbsp;&nbsp;&nbsp;__aeabi_llsr
<LI><a href="#[37]">&gt;&gt;</a>&nbsp;&nbsp;&nbsp;__aeabi_llsl
</UL>
<BR>[Called By]<UL><LI><a href="#[96]">&gt;&gt;</a>&nbsp;&nbsp;&nbsp;_fp_digits
</UL>

<P><STRONG><a name="[97]"></a>__aeabi_cdrcmple</STRONG> (Thumb, 48 bytes, Stack size 0 bytes, cdrcmple.o(.text), UNUSED)
<BR><BR>[Called By]<UL><LI><a href="#[96]">&gt;&gt;</a>&nbsp;&nbsp;&nbsp;_fp_digits
</UL>

<P><STRONG><a name="[37]"></a>__aeabi_llsl</STRONG> (Thumb, 30 bytes, Stack size 0 bytes, llshl.o(.text), UNUSED)
<BR><BR>[Called By]<UL><LI><a href="#[3a]">&gt;&gt;</a>&nbsp;&nbsp;&nbsp;_double_epilogue
<LI><a href="#[35]">&gt;&gt;</a>&nbsp;&nbsp;&nbsp;__aeabi_uldivmod
<LI><a href="#[38]">&gt;&gt;</a>&nbsp;&nbsp;&nbsp;__aeabi_dadd
<LI><a href="#[40]">&gt;&gt;</a>&nbsp;&nbsp;&nbsp;__aeabi_d2ulz
</UL>

<P><STRONG><a name="[a1]"></a>_ll_shift_l</STRONG> (Thumb, 0 bytes, Stack size 0 bytes, llshl.o(.text), UNUSED)

<P><STRONG><a name="[36]"></a>__aeabi_llsr</STRONG> (Thumb, 32 bytes, Stack size 0 bytes, llushr.o(.text), UNUSED)
<BR><BR>[Called By]<UL><LI><a href="#[3a]">&gt;&gt;</a>&nbsp;&nbsp;&nbsp;_double_epilogue
<LI><a href="#[35]">&gt;&gt;</a>&nbsp;&nbsp;&nbsp;__aeabi_uldivmod
<LI><a href="#[40]">&gt;&gt;</a>&nbsp;&nbsp;&nbsp;__aeabi_d2ulz
</UL>

<P><STRONG><a name="[a2]"></a>_ll_ushift_r</STRONG> (Thumb, 0 bytes, Stack size 0 bytes, llushr.o(.text), UNUSED)

<P><STRONG><a name="[39]"></a>__aeabi_lasr</STRONG> (Thumb, 36 bytes, Stack size 0 bytes, llsshr.o(.text), UNUSED)
<BR><BR>[Called By]<UL><LI><a href="#[38]">&gt;&gt;</a>&nbsp;&nbsp;&nbsp;__aeabi_dadd
</UL>

<P><STRONG><a name="[a3]"></a>_ll_sshift_r</STRONG> (Thumb, 0 bytes, Stack size 0 bytes, llsshr.o(.text), UNUSED)

<P><STRONG><a name="[3b]"></a>_double_round</STRONG> (Thumb, 30 bytes, Stack size 8 bytes, depilogue.o(.text), UNUSED)
<BR><BR>[Called By]<UL><LI><a href="#[3a]">&gt;&gt;</a>&nbsp;&nbsp;&nbsp;_double_epilogue
<LI><a href="#[3f]">&gt;&gt;</a>&nbsp;&nbsp;&nbsp;__aeabi_ddiv
<LI><a href="#[38]">&gt;&gt;</a>&nbsp;&nbsp;&nbsp;__aeabi_dadd
</UL>

<P><STRONG><a name="[3a]"></a>_double_epilogue</STRONG> (Thumb, 156 bytes, Stack size 32 bytes, depilogue.o(.text), UNUSED)
<BR><BR>[Calls]<UL><LI><a href="#[36]">&gt;&gt;</a>&nbsp;&nbsp;&nbsp;__aeabi_llsr
<LI><a href="#[37]">&gt;&gt;</a>&nbsp;&nbsp;&nbsp;__aeabi_llsl
<LI><a href="#[3b]">&gt;&gt;</a>&nbsp;&nbsp;&nbsp;_double_round
</UL>
<BR>[Called By]<UL><LI><a href="#[3e]">&gt;&gt;</a>&nbsp;&nbsp;&nbsp;__aeabi_dmul
<LI><a href="#[38]">&gt;&gt;</a>&nbsp;&nbsp;&nbsp;__aeabi_dadd
</UL>

<P><STRONG><a name="[4]"></a>BusFault_Handler</STRONG> (Thumb, 4 bytes, Stack size 0 bytes, startup.o(.text.Default_Handler))
<BR>[Address Reference Count : 1]<UL><LI> startup.o(.fixed_vectors)
</UL>
<P><STRONG><a name="[8]"></a>DebugMon_Handler</STRONG> (Thumb, 4 bytes, Stack size 0 bytes, startup.o(.text.Default_Handler))
<BR>[Address Reference Count : 1]<UL><LI> startup.o(.fixed_vectors)
</UL>
<P><STRONG><a name="[a4]"></a>Default_Handler</STRONG> (Thumb, 4 bytes, Stack size 0 bytes, startup.o(.text.Default_Handler), UNUSED)

<P><STRONG><a name="[2]"></a>HardFault_Handler</STRONG> (Thumb, 4 bytes, Stack size 0 bytes, startup.o(.text.Default_Handler))
<BR>[Address Reference Count : 1]<UL><LI> startup.o(.fixed_vectors)
</UL>
<P><STRONG><a name="[3]"></a>MemManage_Handler</STRONG> (Thumb, 4 bytes, Stack size 0 bytes, startup.o(.text.Default_Handler))
<BR>[Address Reference Count : 1]<UL><LI> startup.o(.fixed_vectors)
</UL>
<P><STRONG><a name="[9]"></a>PendSV_Handler</STRONG> (Thumb, 4 bytes, Stack size 0 bytes, startup.o(.text.Default_Handler))
<BR>[Address Reference Count : 1]<UL><LI> startup.o(.fixed_vectors)
</UL>
<P><STRONG><a name="[7]"></a>SVC_Handler</STRONG> (Thumb, 4 bytes, Stack size 0 bytes, startup.o(.text.Default_Handler))
<BR>[Address Reference Count : 1]<UL><LI> startup.o(.fixed_vectors)
</UL>
<P><STRONG><a name="[6]"></a>SecureFault_Handler</STRONG> (Thumb, 4 bytes, Stack size 0 bytes, startup.o(.text.Default_Handler))
<BR>[Address Reference Count : 1]<UL><LI> startup.o(.fixed_vectors)
</UL>
<P><STRONG><a name="[5]"></a>UsageFault_Handler</STRONG> (Thumb, 4 bytes, Stack size 0 bytes, startup.o(.text.Default_Handler))
<BR>[Address Reference Count : 1]<UL><LI> startup.o(.fixed_vectors)
</UL>
<P><STRONG><a name="[1]"></a>NMI_Handler</STRONG> (Thumb, 82 bytes, Stack size 16 bytes, bsp_group_irq.o(.text.NMI_Handler))
<BR><BR>[Stack]<UL><LI>Max Depth = 32<LI>Call Chain = NMI_Handler &rArr; bsp_group_irq_call
</UL>
<BR>[Calls]<UL><LI><a href="#[41]">&gt;&gt;</a>&nbsp;&nbsp;&nbsp;bsp_group_irq_call
</UL>
<BR>[Address Reference Count : 1]<UL><LI> startup.o(.fixed_vectors)
</UL>
<P><STRONG><a name="[42]"></a>R_BSP_Init_RTC</STRONG> (Thumb, 138 bytes, Stack size 24 bytes, bsp_clocks.o(.text.R_BSP_Init_RTC))
<BR><BR>[Stack]<UL><LI>Max Depth = 72<LI>Call Chain = R_BSP_Init_RTC &rArr; R_BSP_SoftwareDelay
</UL>
<BR>[Calls]<UL><LI><a href="#[45]">&gt;&gt;</a>&nbsp;&nbsp;&nbsp;R_BSP_RegisterProtectEnable
<LI><a href="#[44]">&gt;&gt;</a>&nbsp;&nbsp;&nbsp;R_BSP_RegisterProtectDisable
<LI><a href="#[43]">&gt;&gt;</a>&nbsp;&nbsp;&nbsp;R_BSP_SoftwareDelay
</UL>
<BR>[Called By]<UL><LI><a href="#[5a]">&gt;&gt;</a>&nbsp;&nbsp;&nbsp;SystemInit
</UL>

<P><STRONG><a name="[44]"></a>R_BSP_RegisterProtectDisable</STRONG> (Thumb, 114 bytes, Stack size 20 bytes, bsp_register_protection.o(.text.R_BSP_RegisterProtectDisable))
<BR><BR>[Stack]<UL><LI>Max Depth = 20<LI>Call Chain = R_BSP_RegisterProtectDisable
</UL>
<BR>[Called By]<UL><LI><a href="#[4f]">&gt;&gt;</a>&nbsp;&nbsp;&nbsp;bsp_vbatt_init
<LI><a href="#[67]">&gt;&gt;</a>&nbsp;&nbsp;&nbsp;bsp_irq_cfg
<LI><a href="#[42]">&gt;&gt;</a>&nbsp;&nbsp;&nbsp;R_BSP_Init_RTC
<LI><a href="#[5a]">&gt;&gt;</a>&nbsp;&nbsp;&nbsp;SystemInit
</UL>

<P><STRONG><a name="[45]"></a>R_BSP_RegisterProtectEnable</STRONG> (Thumb, 134 bytes, Stack size 20 bytes, bsp_register_protection.o(.text.R_BSP_RegisterProtectEnable))
<BR><BR>[Stack]<UL><LI>Max Depth = 20<LI>Call Chain = R_BSP_RegisterProtectEnable
</UL>
<BR>[Called By]<UL><LI><a href="#[4f]">&gt;&gt;</a>&nbsp;&nbsp;&nbsp;bsp_vbatt_init
<LI><a href="#[67]">&gt;&gt;</a>&nbsp;&nbsp;&nbsp;bsp_irq_cfg
<LI><a href="#[42]">&gt;&gt;</a>&nbsp;&nbsp;&nbsp;R_BSP_Init_RTC
<LI><a href="#[5a]">&gt;&gt;</a>&nbsp;&nbsp;&nbsp;SystemInit
</UL>

<P><STRONG><a name="[43]"></a>R_BSP_SoftwareDelay</STRONG> (Thumb, 154 bytes, Stack size 48 bytes, bsp_delay.o(.text.R_BSP_SoftwareDelay))
<BR><BR>[Stack]<UL><LI>Max Depth = 48<LI>Call Chain = R_BSP_SoftwareDelay
</UL>
<BR>[Calls]<UL><LI><a href="#[4c]">&gt;&gt;</a>&nbsp;&nbsp;&nbsp;bsp_prv_software_delay_loop
</UL>
<BR>[Called By]<UL><LI><a href="#[42]">&gt;&gt;</a>&nbsp;&nbsp;&nbsp;R_BSP_Init_RTC
<LI><a href="#[63]">&gt;&gt;</a>&nbsp;&nbsp;&nbsp;bsp_clock_init
<LI><a href="#[7f]">&gt;&gt;</a>&nbsp;&nbsp;&nbsp;WiFiBtAppTest
</UL>

<P><STRONG><a name="[69]"></a>R_BSP_SourceClockHzGet</STRONG> (Thumb, 26 bytes, Stack size 8 bytes, bsp_clocks.o(.text.R_BSP_SourceClockHzGet))
<BR><BR>[Stack]<UL><LI>Max Depth = 8<LI>Call Chain = R_BSP_SourceClockHzGet
</UL>
<BR>[Called By]<UL><LI><a href="#[30]">&gt;&gt;</a>&nbsp;&nbsp;&nbsp;SystickInit
</UL>

<P><STRONG><a name="[4d]"></a>R_BSP_WarmStart</STRONG> (Thumb, 50 bytes, Stack size 16 bytes, hal_entry.o(.text.R_BSP_WarmStart))
<BR><BR>[Stack]<UL><LI>Max Depth = 116<LI>Call Chain = R_BSP_WarmStart &rArr; R_IOPORT_Open &rArr; r_ioport_pins_config &rArr; bsp_vbatt_init &rArr; R_BSP_RegisterProtectEnable
</UL>
<BR>[Calls]<UL><LI><a href="#[15]">&gt;&gt;</a>&nbsp;&nbsp;&nbsp;R_IOPORT_Open
</UL>
<BR>[Called By]<UL><LI><a href="#[5a]">&gt;&gt;</a>&nbsp;&nbsp;&nbsp;SystemInit
</UL>

<P><STRONG><a name="[16]"></a>R_IOPORT_Close</STRONG> (Thumb, 18 bytes, Stack size 8 bytes, r_ioport.o(.text.R_IOPORT_Close))
<BR><BR>[Stack]<UL><LI>Max Depth = 8<LI>Call Chain = R_IOPORT_Close
</UL>
<BR>[Address Reference Count : 1]<UL><LI> r_ioport.o(.rodata.g_ioport_on_ioport)
</UL>
<P><STRONG><a name="[15]"></a>R_IOPORT_Open</STRONG> (Thumb, 36 bytes, Stack size 24 bytes, r_ioport.o(.text.R_IOPORT_Open))
<BR><BR>[Stack]<UL><LI>Max Depth = 100<LI>Call Chain = R_IOPORT_Open &rArr; r_ioport_pins_config &rArr; bsp_vbatt_init &rArr; R_BSP_RegisterProtectEnable
</UL>
<BR>[Calls]<UL><LI><a href="#[4e]">&gt;&gt;</a>&nbsp;&nbsp;&nbsp;r_ioport_pins_config
</UL>
<BR>[Called By]<UL><LI><a href="#[4d]">&gt;&gt;</a>&nbsp;&nbsp;&nbsp;R_BSP_WarmStart
</UL>
<BR>[Address Reference Count : 1]<UL><LI> r_ioport.o(.rodata.g_ioport_on_ioport)
</UL>
<P><STRONG><a name="[18]"></a>R_IOPORT_PinCfg</STRONG> (Thumb, 56 bytes, Stack size 40 bytes, r_ioport.o(.text.R_IOPORT_PinCfg))
<BR><BR>[Stack]<UL><LI>Max Depth = 92<LI>Call Chain = R_IOPORT_PinCfg &rArr; bsp_vbatt_init &rArr; R_BSP_RegisterProtectEnable
</UL>
<BR>[Calls]<UL><LI><a href="#[52]">&gt;&gt;</a>&nbsp;&nbsp;&nbsp;R_BSP_PinAccessDisable
<LI><a href="#[51]">&gt;&gt;</a>&nbsp;&nbsp;&nbsp;r_ioport_pfs_write
<LI><a href="#[50]">&gt;&gt;</a>&nbsp;&nbsp;&nbsp;R_BSP_PinAccessEnable
<LI><a href="#[4f]">&gt;&gt;</a>&nbsp;&nbsp;&nbsp;bsp_vbatt_init
</UL>
<BR>[Address Reference Count : 1]<UL><LI> r_ioport.o(.rodata.g_ioport_on_ioport)
</UL>
<P><STRONG><a name="[19]"></a>R_IOPORT_PinEventInputRead</STRONG> (Thumb, 88 bytes, Stack size 20 bytes, r_ioport.o(.text.R_IOPORT_PinEventInputRead))
<BR><BR>[Stack]<UL><LI>Max Depth = 20<LI>Call Chain = R_IOPORT_PinEventInputRead
</UL>
<BR>[Address Reference Count : 1]<UL><LI> r_ioport.o(.rodata.g_ioport_on_ioport)
</UL>
<P><STRONG><a name="[1a]"></a>R_IOPORT_PinEventOutputWrite</STRONG> (Thumb, 100 bytes, Stack size 32 bytes, r_ioport.o(.text.R_IOPORT_PinEventOutputWrite))
<BR><BR>[Stack]<UL><LI>Max Depth = 52<LI>Call Chain = R_IOPORT_PinEventOutputWrite &rArr; r_ioport_hw_pin_event_output_data_write
</UL>
<BR>[Calls]<UL><LI><a href="#[53]">&gt;&gt;</a>&nbsp;&nbsp;&nbsp;r_ioport_hw_pin_event_output_data_write
</UL>
<BR>[Address Reference Count : 1]<UL><LI> r_ioport.o(.rodata.g_ioport_on_ioport)
</UL>
<P><STRONG><a name="[1b]"></a>R_IOPORT_PinRead</STRONG> (Thumb, 26 bytes, Stack size 24 bytes, r_ioport.o(.text.R_IOPORT_PinRead))
<BR><BR>[Stack]<UL><LI>Max Depth = 28<LI>Call Chain = R_IOPORT_PinRead &rArr; R_BSP_PinRead
</UL>
<BR>[Calls]<UL><LI><a href="#[54]">&gt;&gt;</a>&nbsp;&nbsp;&nbsp;R_BSP_PinRead
</UL>
<BR>[Address Reference Count : 1]<UL><LI> r_ioport.o(.rodata.g_ioport_on_ioport)
</UL>
<P><STRONG><a name="[1c]"></a>R_IOPORT_PinWrite</STRONG> (Thumb, 114 bytes, Stack size 28 bytes, r_ioport.o(.text.R_IOPORT_PinWrite))
<BR><BR>[Stack]<UL><LI>Max Depth = 28<LI>Call Chain = R_IOPORT_PinWrite
</UL>
<BR>[Address Reference Count : 1]<UL><LI> r_ioport.o(.rodata.g_ioport_on_ioport)
</UL>
<P><STRONG><a name="[17]"></a>R_IOPORT_PinsCfg</STRONG> (Thumb, 20 bytes, Stack size 16 bytes, r_ioport.o(.text.R_IOPORT_PinsCfg))
<BR><BR>[Stack]<UL><LI>Max Depth = 92<LI>Call Chain = R_IOPORT_PinsCfg &rArr; r_ioport_pins_config &rArr; bsp_vbatt_init &rArr; R_BSP_RegisterProtectEnable
</UL>
<BR>[Calls]<UL><LI><a href="#[4e]">&gt;&gt;</a>&nbsp;&nbsp;&nbsp;r_ioport_pins_config
</UL>
<BR>[Address Reference Count : 1]<UL><LI> r_ioport.o(.rodata.g_ioport_on_ioport)
</UL>
<P><STRONG><a name="[1d]"></a>R_IOPORT_PortDirectionSet</STRONG> (Thumb, 96 bytes, Stack size 32 bytes, r_ioport.o(.text.R_IOPORT_PortDirectionSet))
<BR><BR>[Stack]<UL><LI>Max Depth = 32<LI>Call Chain = R_IOPORT_PortDirectionSet
</UL>
<BR>[Address Reference Count : 1]<UL><LI> r_ioport.o(.rodata.g_ioport_on_ioport)
</UL>
<P><STRONG><a name="[1e]"></a>R_IOPORT_PortEventInputRead</STRONG> (Thumb, 44 bytes, Stack size 16 bytes, r_ioport.o(.text.R_IOPORT_PortEventInputRead))
<BR><BR>[Stack]<UL><LI>Max Depth = 16<LI>Call Chain = R_IOPORT_PortEventInputRead
</UL>
<BR>[Address Reference Count : 1]<UL><LI> r_ioport.o(.rodata.g_ioport_on_ioport)
</UL>
<P><STRONG><a name="[1f]"></a>R_IOPORT_PortEventOutputWrite</STRONG> (Thumb, 84 bytes, Stack size 20 bytes, r_ioport.o(.text.R_IOPORT_PortEventOutputWrite))
<BR><BR>[Stack]<UL><LI>Max Depth = 20<LI>Call Chain = R_IOPORT_PortEventOutputWrite
</UL>
<BR>[Address Reference Count : 1]<UL><LI> r_ioport.o(.rodata.g_ioport_on_ioport)
</UL>
<P><STRONG><a name="[20]"></a>R_IOPORT_PortRead</STRONG> (Thumb, 42 bytes, Stack size 16 bytes, r_ioport.o(.text.R_IOPORT_PortRead))
<BR><BR>[Stack]<UL><LI>Max Depth = 16<LI>Call Chain = R_IOPORT_PortRead
</UL>
<BR>[Address Reference Count : 1]<UL><LI> r_ioport.o(.rodata.g_ioport_on_ioport)
</UL>
<P><STRONG><a name="[21]"></a>R_IOPORT_PortWrite</STRONG> (Thumb, 84 bytes, Stack size 20 bytes, r_ioport.o(.text.R_IOPORT_PortWrite))
<BR><BR>[Stack]<UL><LI>Max Depth = 20<LI>Call Chain = R_IOPORT_PortWrite
</UL>
<BR>[Address Reference Count : 1]<UL><LI> r_ioport.o(.rodata.g_ioport_on_ioport)
</UL>
<P><STRONG><a name="[29]"></a>R_SCI_UART_Abort</STRONG> (Thumb, 102 bytes, Stack size 32 bytes, r_sci_uart.o(.text.R_SCI_UART_Abort))
<BR><BR>[Stack]<UL><LI>Max Depth = 36<LI>Call Chain = R_SCI_UART_Abort &rArr; r_sci_negate_de_pin
</UL>
<BR>[Calls]<UL><LI><a href="#[55]">&gt;&gt;</a>&nbsp;&nbsp;&nbsp;r_sci_negate_de_pin
</UL>
<BR>[Address Reference Count : 1]<UL><LI> r_sci_uart.o(.rodata.g_uart_on_sci)
</UL>
<P><STRONG><a name="[27]"></a>R_SCI_UART_BaudSet</STRONG> (Thumb, 74 bytes, Stack size 32 bytes, r_sci_uart.o(.text.R_SCI_UART_BaudSet))
<BR><BR>[Stack]<UL><LI>Max Depth = 40<LI>Call Chain = R_SCI_UART_BaudSet &rArr; r_sci_uart_baud_set
</UL>
<BR>[Calls]<UL><LI><a href="#[56]">&gt;&gt;</a>&nbsp;&nbsp;&nbsp;r_sci_uart_baud_set
</UL>
<BR>[Address Reference Count : 1]<UL><LI> r_sci_uart.o(.rodata.g_uart_on_sci)
</UL>
<P><STRONG><a name="[2a]"></a>R_SCI_UART_CallbackSet</STRONG> (Thumb, 38 bytes, Stack size 20 bytes, r_sci_uart.o(.text.R_SCI_UART_CallbackSet))
<BR><BR>[Stack]<UL><LI>Max Depth = 20<LI>Call Chain = R_SCI_UART_CallbackSet
</UL>
<BR>[Address Reference Count : 1]<UL><LI> r_sci_uart.o(.rodata.g_uart_on_sci)
</UL>
<P><STRONG><a name="[2b]"></a>R_SCI_UART_Close</STRONG> (Thumb, 140 bytes, Stack size 40 bytes, r_sci_uart.o(.text.R_SCI_UART_Close))
<BR><BR>[Stack]<UL><LI>Max Depth = 48<LI>Call Chain = R_SCI_UART_Close &rArr; R_BSP_IrqDisable
</UL>
<BR>[Calls]<UL><LI><a href="#[57]">&gt;&gt;</a>&nbsp;&nbsp;&nbsp;R_BSP_IrqDisable
<LI><a href="#[55]">&gt;&gt;</a>&nbsp;&nbsp;&nbsp;r_sci_negate_de_pin
</UL>
<BR>[Address Reference Count : 1]<UL><LI> r_sci_uart.o(.rodata.g_uart_on_sci)
</UL>
<P><STRONG><a name="[28]"></a>R_SCI_UART_InfoGet</STRONG> (Thumb, 24 bytes, Stack size 8 bytes, r_sci_uart.o(.text.R_SCI_UART_InfoGet))
<BR><BR>[Stack]<UL><LI>Max Depth = 8<LI>Call Chain = R_SCI_UART_InfoGet
</UL>
<BR>[Address Reference Count : 1]<UL><LI> r_sci_uart.o(.rodata.g_uart_on_sci)
</UL>
<P><STRONG><a name="[24]"></a>R_SCI_UART_Open</STRONG> (Thumb, 388 bytes, Stack size 48 bytes, r_sci_uart.o(.text.R_SCI_UART_Open))
<BR><BR>[Stack]<UL><LI>Max Depth = 120<LI>Call Chain = R_SCI_UART_Open &rArr; r_sci_irqs_cfg &rArr; r_sci_irq_cfg &rArr; R_BSP_IrqCfg &rArr; R_FSP_IsrContextSet
</UL>
<BR>[Calls]<UL><LI><a href="#[4a]">&gt;&gt;</a>&nbsp;&nbsp;&nbsp;R_BSP_IrqEnable
<LI><a href="#[59]">&gt;&gt;</a>&nbsp;&nbsp;&nbsp;r_sci_uart_config_set
<LI><a href="#[55]">&gt;&gt;</a>&nbsp;&nbsp;&nbsp;r_sci_negate_de_pin
<LI><a href="#[58]">&gt;&gt;</a>&nbsp;&nbsp;&nbsp;r_sci_irqs_cfg
</UL>
<BR>[Address Reference Count : 1]<UL><LI> r_sci_uart.o(.rodata.g_uart_on_sci)
</UL>
<P><STRONG><a name="[25]"></a>R_SCI_UART_Read</STRONG> (Thumb, 34 bytes, Stack size 20 bytes, r_sci_uart.o(.text.R_SCI_UART_Read))
<BR><BR>[Stack]<UL><LI>Max Depth = 20<LI>Call Chain = R_SCI_UART_Read
</UL>
<BR>[Address Reference Count : 1]<UL><LI> r_sci_uart.o(.rodata.g_uart_on_sci)
</UL>
<P><STRONG><a name="[2c]"></a>R_SCI_UART_ReadStop</STRONG> (Thumb, 28 bytes, Stack size 12 bytes, r_sci_uart.o(.text.R_SCI_UART_ReadStop))
<BR><BR>[Stack]<UL><LI>Max Depth = 12<LI>Call Chain = R_SCI_UART_ReadStop
</UL>
<BR>[Address Reference Count : 1]<UL><LI> r_sci_uart.o(.rodata.g_uart_on_sci)
</UL>
<P><STRONG><a name="[26]"></a>R_SCI_UART_Write</STRONG> (Thumb, 112 bytes, Stack size 16 bytes, r_sci_uart.o(.text.R_SCI_UART_Write))
<BR><BR>[Stack]<UL><LI>Max Depth = 16<LI>Call Chain = R_SCI_UART_Write
</UL>
<BR>[Address Reference Count : 1]<UL><LI> r_sci_uart.o(.rodata.g_uart_on_sci)
</UL>
<P><STRONG><a name="[0]"></a>Reset_Handler</STRONG> (Thumb, 14 bytes, Stack size 8 bytes, startup.o(.text.Reset_Handler))
<BR><BR>[Stack]<UL><LI>Max Depth = 836<LI>Call Chain = Reset_Handler &rArr; main &rArr; hal_entry &rArr; WiFiBtAppTest &rArr; WiFiBtDevConnect &rArr; WiFiBtDevSetRPTM &rArr; WiFiBtDevCmdRet &rArr; mdelay &rArr; TimerDeviceFind &rArr; strstr
</UL>
<BR>[Calls]<UL><LI><a href="#[5b]">&gt;&gt;</a>&nbsp;&nbsp;&nbsp;main
<LI><a href="#[5a]">&gt;&gt;</a>&nbsp;&nbsp;&nbsp;SystemInit
</UL>
<BR>[Address Reference Count : 1]<UL><LI> startup.o(.fixed_vectors)
</UL>
<P><STRONG><a name="[5d]"></a>RingBufferNew</STRONG> (Thumb, 186 bytes, Stack size 24 bytes, ring_buffer.o(.text.RingBufferNew))
<BR><BR>[Stack]<UL><LI>Max Depth = 48<LI>Call Chain = RingBufferNew &rArr; printf
</UL>
<BR>[Calls]<UL><LI><a href="#[5e]">&gt;&gt;</a>&nbsp;&nbsp;&nbsp;malloc
<LI><a href="#[5c]">&gt;&gt;</a>&nbsp;&nbsp;&nbsp;free
<LI><a href="#[5f]">&gt;&gt;</a>&nbsp;&nbsp;&nbsp;printf
</UL>
<BR>[Called By]<UL><LI><a href="#[2d]">&gt;&gt;</a>&nbsp;&nbsp;&nbsp;UARTDrvInit
<LI><a href="#[80]">&gt;&gt;</a>&nbsp;&nbsp;&nbsp;WiFiBtDevInit
</UL>

<P><STRONG><a name="[a]"></a>SysTick_Handler</STRONG> (Thumb, 16 bytes, Stack size 0 bytes, drv_systick.o(.text.SysTick_Handler))
<BR>[Address Reference Count : 1]<UL><LI> startup.o(.fixed_vectors)
</UL>
<P><STRONG><a name="[66]"></a>SystemCoreClockUpdate</STRONG> (Thumb, 58 bytes, Stack size 4 bytes, bsp_clocks.o(.text.SystemCoreClockUpdate))
<BR><BR>[Stack]<UL><LI>Max Depth = 4<LI>Call Chain = SystemCoreClockUpdate
</UL>
<BR>[Called By]<UL><LI><a href="#[8d]">&gt;&gt;</a>&nbsp;&nbsp;&nbsp;bsp_prv_clock_set_hard_reset
<LI><a href="#[8b]">&gt;&gt;</a>&nbsp;&nbsp;&nbsp;bsp_clock_freq_var_init
<LI><a href="#[5a]">&gt;&gt;</a>&nbsp;&nbsp;&nbsp;SystemInit
</UL>

<P><STRONG><a name="[5a]"></a>SystemInit</STRONG> (Thumb, 272 bytes, Stack size 40 bytes, system.o(.text.SystemInit))
<BR><BR>[Stack]<UL><LI>Max Depth = 156<LI>Call Chain = SystemInit &rArr; R_BSP_WarmStart &rArr; R_IOPORT_Open &rArr; r_ioport_pins_config &rArr; bsp_vbatt_init &rArr; R_BSP_RegisterProtectEnable
</UL>
<BR>[Calls]<UL><LI><a href="#[64]">&gt;&gt;</a>&nbsp;&nbsp;&nbsp;__aeabi_memclr4
<LI><a href="#[65]">&gt;&gt;</a>&nbsp;&nbsp;&nbsp;__aeabi_memcpy4
<LI><a href="#[68]">&gt;&gt;</a>&nbsp;&nbsp;&nbsp;bsp_init
<LI><a href="#[67]">&gt;&gt;</a>&nbsp;&nbsp;&nbsp;bsp_irq_cfg
<LI><a href="#[45]">&gt;&gt;</a>&nbsp;&nbsp;&nbsp;R_BSP_RegisterProtectEnable
<LI><a href="#[44]">&gt;&gt;</a>&nbsp;&nbsp;&nbsp;R_BSP_RegisterProtectDisable
<LI><a href="#[42]">&gt;&gt;</a>&nbsp;&nbsp;&nbsp;R_BSP_Init_RTC
<LI><a href="#[66]">&gt;&gt;</a>&nbsp;&nbsp;&nbsp;SystemCoreClockUpdate
<LI><a href="#[63]">&gt;&gt;</a>&nbsp;&nbsp;&nbsp;bsp_clock_init
<LI><a href="#[4d]">&gt;&gt;</a>&nbsp;&nbsp;&nbsp;R_BSP_WarmStart
</UL>
<BR>[Called By]<UL><LI><a href="#[0]">&gt;&gt;</a>&nbsp;&nbsp;&nbsp;Reset_Handler
</UL>

<P><STRONG><a name="[6a]"></a>SystickTimerDevicesCreate</STRONG> (Thumb, 28 bytes, Stack size 16 bytes, drv_systick.o(.text.SystickTimerDevicesCreate))
<BR><BR>[Stack]<UL><LI>Max Depth = 20<LI>Call Chain = SystickTimerDevicesCreate &rArr; TimerDeviceInsert
</UL>
<BR>[Calls]<UL><LI><a href="#[6b]">&gt;&gt;</a>&nbsp;&nbsp;&nbsp;TimerDeviceInsert
</UL>
<BR>[Called By]<UL><LI><a href="#[75]">&gt;&gt;</a>&nbsp;&nbsp;&nbsp;TimerDevicesRegister
</UL>

<P><STRONG><a name="[6c]"></a>TCP_Connect</STRONG> (Thumb, 430 bytes, Stack size 184 bytes, dev_wifi_bt.o(.text.TCP_Connect))
<BR><BR>[Stack]<UL><LI>Max Depth = 516<LI>Call Chain = TCP_Connect &rArr; WiFiBtDevCmdRet &rArr; mdelay &rArr; TimerDeviceFind &rArr; strstr
</UL>
<BR>[Calls]<UL><LI><a href="#[6d]">&gt;&gt;</a>&nbsp;&nbsp;&nbsp;sprintf
<LI><a href="#[5f]">&gt;&gt;</a>&nbsp;&nbsp;&nbsp;printf
<LI><a href="#[6e]">&gt;&gt;</a>&nbsp;&nbsp;&nbsp;strlen
<LI><a href="#[6f]">&gt;&gt;</a>&nbsp;&nbsp;&nbsp;WiFiBtDevCmdRet
</UL>
<BR>[Called By]<UL><LI><a href="#[7f]">&gt;&gt;</a>&nbsp;&nbsp;&nbsp;WiFiBtAppTest
</UL>

<P><STRONG><a name="[70]"></a>TCP_Data</STRONG> (Thumb, 86 bytes, Stack size 32 bytes, dev_wifi_bt.o(.text.TCP_Data))
<BR><BR>[Stack]<UL><LI>Max Depth = 84<LI>Call Chain = TCP_Data &rArr; mdelay &rArr; TimerDeviceFind &rArr; strstr
</UL>
<BR>[Calls]<UL><LI><a href="#[5f]">&gt;&gt;</a>&nbsp;&nbsp;&nbsp;printf
<LI><a href="#[6e]">&gt;&gt;</a>&nbsp;&nbsp;&nbsp;strlen
<LI><a href="#[71]">&gt;&gt;</a>&nbsp;&nbsp;&nbsp;mdelay
</UL>
<BR>[Called By]<UL><LI><a href="#[7f]">&gt;&gt;</a>&nbsp;&nbsp;&nbsp;WiFiBtAppTest
</UL>

<P><STRONG><a name="[72]"></a>TimerDeviceFind</STRONG> (Thumb, 66 bytes, Stack size 24 bytes, dev_timer.o(.text.TimerDeviceFind))
<BR><BR>[Stack]<UL><LI>Max Depth = 36<LI>Call Chain = TimerDeviceFind &rArr; strstr
</UL>
<BR>[Calls]<UL><LI><a href="#[73]">&gt;&gt;</a>&nbsp;&nbsp;&nbsp;strstr
</UL>
<BR>[Called By]<UL><LI><a href="#[71]">&gt;&gt;</a>&nbsp;&nbsp;&nbsp;mdelay
</UL>

<P><STRONG><a name="[6b]"></a>TimerDeviceInsert</STRONG> (Thumb, 56 bytes, Stack size 4 bytes, dev_timer.o(.text.TimerDeviceInsert))
<BR><BR>[Stack]<UL><LI>Max Depth = 4<LI>Call Chain = TimerDeviceInsert
</UL>
<BR>[Called By]<UL><LI><a href="#[6a]">&gt;&gt;</a>&nbsp;&nbsp;&nbsp;SystickTimerDevicesCreate
</UL>

<P><STRONG><a name="[74]"></a>TimerDeviceList</STRONG> (Thumb, 76 bytes, Stack size 16 bytes, dev_timer.o(.text.TimerDeviceList))
<BR><BR>[Stack]<UL><LI>Max Depth = 40<LI>Call Chain = TimerDeviceList &rArr; printf
</UL>
<BR>[Calls]<UL><LI><a href="#[5f]">&gt;&gt;</a>&nbsp;&nbsp;&nbsp;printf
</UL>
<BR>[Called By]<UL><LI><a href="#[75]">&gt;&gt;</a>&nbsp;&nbsp;&nbsp;TimerDevicesRegister
</UL>

<P><STRONG><a name="[75]"></a>TimerDevicesRegister</STRONG> (Thumb, 12 bytes, Stack size 8 bytes, dev_timer.o(.text.TimerDevicesRegister))
<BR><BR>[Stack]<UL><LI>Max Depth = 48<LI>Call Chain = TimerDevicesRegister &rArr; TimerDeviceList &rArr; printf
</UL>
<BR>[Calls]<UL><LI><a href="#[74]">&gt;&gt;</a>&nbsp;&nbsp;&nbsp;TimerDeviceList
<LI><a href="#[6a]">&gt;&gt;</a>&nbsp;&nbsp;&nbsp;SystickTimerDevicesCreate
</UL>
<BR>[Called By]<UL><LI><a href="#[7f]">&gt;&gt;</a>&nbsp;&nbsp;&nbsp;WiFiBtAppTest
</UL>

<P><STRONG><a name="[7a]"></a>UartDeviceFind</STRONG> (Thumb, 66 bytes, Stack size 24 bytes, dev_uart.o(.text.UartDeviceFind))
<BR><BR>[Stack]<UL><LI>Max Depth = 36<LI>Call Chain = UartDeviceFind &rArr; strstr
</UL>
<BR>[Calls]<UL><LI><a href="#[73]">&gt;&gt;</a>&nbsp;&nbsp;&nbsp;strstr
</UL>
<BR>[Called By]<UL><LI><a href="#[13]">&gt;&gt;</a>&nbsp;&nbsp;&nbsp;fputc
<LI><a href="#[80]">&gt;&gt;</a>&nbsp;&nbsp;&nbsp;WiFiBtDevInit
</UL>

<P><STRONG><a name="[7d]"></a>UartDeviceInsert</STRONG> (Thumb, 56 bytes, Stack size 4 bytes, dev_uart.o(.text.UartDeviceInsert))
<BR><BR>[Stack]<UL><LI>Max Depth = 4<LI>Call Chain = UartDeviceInsert
</UL>
<BR>[Called By]<UL><LI><a href="#[7c]">&gt;&gt;</a>&nbsp;&nbsp;&nbsp;UartDevicesCreate
</UL>

<P><STRONG><a name="[7b]"></a>UartDeviceList</STRONG> (Thumb, 76 bytes, Stack size 16 bytes, dev_uart.o(.text.UartDeviceList))
<BR><BR>[Stack]<UL><LI>Max Depth = 40<LI>Call Chain = UartDeviceList &rArr; printf
</UL>
<BR>[Calls]<UL><LI><a href="#[5f]">&gt;&gt;</a>&nbsp;&nbsp;&nbsp;printf
</UL>
<BR>[Called By]<UL><LI><a href="#[7e]">&gt;&gt;</a>&nbsp;&nbsp;&nbsp;UartDevicesRegister
</UL>

<P><STRONG><a name="[7c]"></a>UartDevicesCreate</STRONG> (Thumb, 40 bytes, Stack size 16 bytes, drv_uart.o(.text.UartDevicesCreate))
<BR><BR>[Stack]<UL><LI>Max Depth = 20<LI>Call Chain = UartDevicesCreate &rArr; UartDeviceInsert
</UL>
<BR>[Calls]<UL><LI><a href="#[7d]">&gt;&gt;</a>&nbsp;&nbsp;&nbsp;UartDeviceInsert
</UL>
<BR>[Called By]<UL><LI><a href="#[7e]">&gt;&gt;</a>&nbsp;&nbsp;&nbsp;UartDevicesRegister
</UL>

<P><STRONG><a name="[7e]"></a>UartDevicesRegister</STRONG> (Thumb, 12 bytes, Stack size 8 bytes, dev_uart.o(.text.UartDevicesRegister))
<BR><BR>[Stack]<UL><LI>Max Depth = 48<LI>Call Chain = UartDevicesRegister &rArr; UartDeviceList &rArr; printf
</UL>
<BR>[Calls]<UL><LI><a href="#[7b]">&gt;&gt;</a>&nbsp;&nbsp;&nbsp;UartDeviceList
<LI><a href="#[7c]">&gt;&gt;</a>&nbsp;&nbsp;&nbsp;UartDevicesCreate
</UL>
<BR>[Called By]<UL><LI><a href="#[7f]">&gt;&gt;</a>&nbsp;&nbsp;&nbsp;WiFiBtAppTest
</UL>

<P><STRONG><a name="[7f]"></a>WiFiBtAppTest</STRONG> (Thumb, 458 bytes, Stack size 136 bytes, app_wifi_bt.o(.text.WiFiBtAppTest))
<BR><BR>[Stack]<UL><LI>Max Depth = 804<LI>Call Chain = WiFiBtAppTest &rArr; WiFiBtDevConnect &rArr; WiFiBtDevSetRPTM &rArr; WiFiBtDevCmdRet &rArr; mdelay &rArr; TimerDeviceFind &rArr; strstr
</UL>
<BR>[Calls]<UL><LI><a href="#[5f]">&gt;&gt;</a>&nbsp;&nbsp;&nbsp;printf
<LI><a href="#[32]">&gt;&gt;</a>&nbsp;&nbsp;&nbsp;__aeabi_memclr
<LI><a href="#[70]">&gt;&gt;</a>&nbsp;&nbsp;&nbsp;TCP_Data
<LI><a href="#[87]">&gt;&gt;</a>&nbsp;&nbsp;&nbsp;WiFiBtDevWrite
<LI><a href="#[86]">&gt;&gt;</a>&nbsp;&nbsp;&nbsp;WiFiBtDevRead
<LI><a href="#[43]">&gt;&gt;</a>&nbsp;&nbsp;&nbsp;R_BSP_SoftwareDelay
<LI><a href="#[6c]">&gt;&gt;</a>&nbsp;&nbsp;&nbsp;TCP_Connect
<LI><a href="#[85]">&gt;&gt;</a>&nbsp;&nbsp;&nbsp;WiFiBtDevConnect
<LI><a href="#[71]">&gt;&gt;</a>&nbsp;&nbsp;&nbsp;mdelay
<LI><a href="#[84]">&gt;&gt;</a>&nbsp;&nbsp;&nbsp;WiFiBtDevGetLocalIP
<LI><a href="#[83]">&gt;&gt;</a>&nbsp;&nbsp;&nbsp;WiFiBtDevConnectWiFi
<LI><a href="#[82]">&gt;&gt;</a>&nbsp;&nbsp;&nbsp;WiFiBtDevEnableDHCP
<LI><a href="#[81]">&gt;&gt;</a>&nbsp;&nbsp;&nbsp;WiFiBtDevSetWorkType
<LI><a href="#[80]">&gt;&gt;</a>&nbsp;&nbsp;&nbsp;WiFiBtDevInit
<LI><a href="#[75]">&gt;&gt;</a>&nbsp;&nbsp;&nbsp;TimerDevicesRegister
<LI><a href="#[7e]">&gt;&gt;</a>&nbsp;&nbsp;&nbsp;UartDevicesRegister
</UL>
<BR>[Called By]<UL><LI><a href="#[8e]">&gt;&gt;</a>&nbsp;&nbsp;&nbsp;hal_entry
</UL>

<P><STRONG><a name="[85]"></a>WiFiBtDevConnect</STRONG> (Thumb, 516 bytes, Stack size 248 bytes, dev_wifi_bt.o(.text.WiFiBtDevConnect))
<BR><BR>[Stack]<UL><LI>Max Depth = 668<LI>Call Chain = WiFiBtDevConnect &rArr; WiFiBtDevSetRPTM &rArr; WiFiBtDevCmdRet &rArr; mdelay &rArr; TimerDeviceFind &rArr; strstr
</UL>
<BR>[Calls]<UL><LI><a href="#[6d]">&gt;&gt;</a>&nbsp;&nbsp;&nbsp;sprintf
<LI><a href="#[5f]">&gt;&gt;</a>&nbsp;&nbsp;&nbsp;printf
<LI><a href="#[6e]">&gt;&gt;</a>&nbsp;&nbsp;&nbsp;strlen
<LI><a href="#[73]">&gt;&gt;</a>&nbsp;&nbsp;&nbsp;strstr
<LI><a href="#[32]">&gt;&gt;</a>&nbsp;&nbsp;&nbsp;__aeabi_memclr
<LI><a href="#[88]">&gt;&gt;</a>&nbsp;&nbsp;&nbsp;WiFiBtDevSetRPTM
<LI><a href="#[71]">&gt;&gt;</a>&nbsp;&nbsp;&nbsp;mdelay
</UL>
<BR>[Called By]<UL><LI><a href="#[7f]">&gt;&gt;</a>&nbsp;&nbsp;&nbsp;WiFiBtAppTest
</UL>

<P><STRONG><a name="[83]"></a>WiFiBtDevConnectWiFi</STRONG> (Thumb, 354 bytes, Stack size 160 bytes, dev_wifi_bt.o(.text.WiFiBtDevConnectWiFi))
<BR><BR>[Stack]<UL><LI>Max Depth = 492<LI>Call Chain = WiFiBtDevConnectWiFi &rArr; WiFiBtDevCmdRet &rArr; mdelay &rArr; TimerDeviceFind &rArr; strstr
</UL>
<BR>[Calls]<UL><LI><a href="#[6d]">&gt;&gt;</a>&nbsp;&nbsp;&nbsp;sprintf
<LI><a href="#[5f]">&gt;&gt;</a>&nbsp;&nbsp;&nbsp;printf
<LI><a href="#[6e]">&gt;&gt;</a>&nbsp;&nbsp;&nbsp;strlen
<LI><a href="#[60]">&gt;&gt;</a>&nbsp;&nbsp;&nbsp;__aeabi_memcpy
<LI><a href="#[6f]">&gt;&gt;</a>&nbsp;&nbsp;&nbsp;WiFiBtDevCmdRet
<LI><a href="#[71]">&gt;&gt;</a>&nbsp;&nbsp;&nbsp;mdelay
</UL>
<BR>[Called By]<UL><LI><a href="#[7f]">&gt;&gt;</a>&nbsp;&nbsp;&nbsp;WiFiBtAppTest
</UL>

<P><STRONG><a name="[82]"></a>WiFiBtDevEnableDHCP</STRONG> (Thumb, 96 bytes, Stack size 32 bytes, dev_wifi_bt.o(.text.WiFiBtDevEnableDHCP))
<BR><BR>[Stack]<UL><LI>Max Depth = 364<LI>Call Chain = WiFiBtDevEnableDHCP &rArr; WiFiBtDevCmdRet &rArr; mdelay &rArr; TimerDeviceFind &rArr; strstr
</UL>
<BR>[Calls]<UL><LI><a href="#[6e]">&gt;&gt;</a>&nbsp;&nbsp;&nbsp;strlen
<LI><a href="#[6f]">&gt;&gt;</a>&nbsp;&nbsp;&nbsp;WiFiBtDevCmdRet
</UL>
<BR>[Called By]<UL><LI><a href="#[80]">&gt;&gt;</a>&nbsp;&nbsp;&nbsp;WiFiBtDevInit
<LI><a href="#[7f]">&gt;&gt;</a>&nbsp;&nbsp;&nbsp;WiFiBtAppTest
</UL>

<P><STRONG><a name="[84]"></a>WiFiBtDevGetLocalIP</STRONG> (Thumb, 156 bytes, Stack size 64 bytes, dev_wifi_bt.o(.text.WiFiBtDevGetLocalIP))
<BR><BR>[Stack]<UL><LI>Max Depth = 116<LI>Call Chain = WiFiBtDevGetLocalIP &rArr; mdelay &rArr; TimerDeviceFind &rArr; strstr
</UL>
<BR>[Calls]<UL><LI><a href="#[6e]">&gt;&gt;</a>&nbsp;&nbsp;&nbsp;strlen
<LI><a href="#[60]">&gt;&gt;</a>&nbsp;&nbsp;&nbsp;__aeabi_memcpy
<LI><a href="#[71]">&gt;&gt;</a>&nbsp;&nbsp;&nbsp;mdelay
</UL>
<BR>[Called By]<UL><LI><a href="#[7f]">&gt;&gt;</a>&nbsp;&nbsp;&nbsp;WiFiBtAppTest
</UL>

<P><STRONG><a name="[80]"></a>WiFiBtDevInit</STRONG> (Thumb, 200 bytes, Stack size 16 bytes, dev_wifi_bt.o(.text.WiFiBtDevInit))
<BR><BR>[Stack]<UL><LI>Max Depth = 444<LI>Call Chain = WiFiBtDevInit &rArr; WiFiBtDevSetWorkType &rArr; WiFiBtDevCmdRet &rArr; mdelay &rArr; TimerDeviceFind &rArr; strstr
</UL>
<BR>[Calls]<UL><LI><a href="#[76]">&gt;&gt;</a>&nbsp;&nbsp;&nbsp;__aeabi_assert
<LI><a href="#[5d]">&gt;&gt;</a>&nbsp;&nbsp;&nbsp;RingBufferNew
<LI><a href="#[89]">&gt;&gt;</a>&nbsp;&nbsp;&nbsp;WiFiBtDevReset
<LI><a href="#[7a]">&gt;&gt;</a>&nbsp;&nbsp;&nbsp;UartDeviceFind
<LI><a href="#[71]">&gt;&gt;</a>&nbsp;&nbsp;&nbsp;mdelay
<LI><a href="#[82]">&gt;&gt;</a>&nbsp;&nbsp;&nbsp;WiFiBtDevEnableDHCP
<LI><a href="#[81]">&gt;&gt;</a>&nbsp;&nbsp;&nbsp;WiFiBtDevSetWorkType
</UL>
<BR>[Called By]<UL><LI><a href="#[7f]">&gt;&gt;</a>&nbsp;&nbsp;&nbsp;WiFiBtAppTest
</UL>

<P><STRONG><a name="[86]"></a>WiFiBtDevRead</STRONG> (Thumb, 142 bytes, Stack size 40 bytes, dev_wifi_bt.o(.text.WiFiBtDevRead))
<BR><BR>[Stack]<UL><LI>Max Depth = 40<LI>Call Chain = WiFiBtDevRead
</UL>
<BR>[Called By]<UL><LI><a href="#[7f]">&gt;&gt;</a>&nbsp;&nbsp;&nbsp;WiFiBtAppTest
</UL>

<P><STRONG><a name="[89]"></a>WiFiBtDevReset</STRONG> (Thumb, 90 bytes, Stack size 88 bytes, dev_wifi_bt.o(.text.WiFiBtDevReset))
<BR><BR>[Stack]<UL><LI>Max Depth = 420<LI>Call Chain = WiFiBtDevReset &rArr; WiFiBtDevCmdRet &rArr; mdelay &rArr; TimerDeviceFind &rArr; strstr
</UL>
<BR>[Calls]<UL><LI><a href="#[6d]">&gt;&gt;</a>&nbsp;&nbsp;&nbsp;sprintf
<LI><a href="#[6e]">&gt;&gt;</a>&nbsp;&nbsp;&nbsp;strlen
<LI><a href="#[6f]">&gt;&gt;</a>&nbsp;&nbsp;&nbsp;WiFiBtDevCmdRet
</UL>
<BR>[Called By]<UL><LI><a href="#[80]">&gt;&gt;</a>&nbsp;&nbsp;&nbsp;WiFiBtDevInit
</UL>

<P><STRONG><a name="[88]"></a>WiFiBtDevSetRPTM</STRONG> (Thumb, 88 bytes, Stack size 88 bytes, dev_wifi_bt.o(.text.WiFiBtDevSetRPTM))
<BR><BR>[Stack]<UL><LI>Max Depth = 420<LI>Call Chain = WiFiBtDevSetRPTM &rArr; WiFiBtDevCmdRet &rArr; mdelay &rArr; TimerDeviceFind &rArr; strstr
</UL>
<BR>[Calls]<UL><LI><a href="#[6d]">&gt;&gt;</a>&nbsp;&nbsp;&nbsp;sprintf
<LI><a href="#[6e]">&gt;&gt;</a>&nbsp;&nbsp;&nbsp;strlen
<LI><a href="#[6f]">&gt;&gt;</a>&nbsp;&nbsp;&nbsp;WiFiBtDevCmdRet
</UL>
<BR>[Called By]<UL><LI><a href="#[85]">&gt;&gt;</a>&nbsp;&nbsp;&nbsp;WiFiBtDevConnect
</UL>

<P><STRONG><a name="[81]"></a>WiFiBtDevSetWorkType</STRONG> (Thumb, 92 bytes, Stack size 96 bytes, dev_wifi_bt.o(.text.WiFiBtDevSetWorkType))
<BR><BR>[Stack]<UL><LI>Max Depth = 428<LI>Call Chain = WiFiBtDevSetWorkType &rArr; WiFiBtDevCmdRet &rArr; mdelay &rArr; TimerDeviceFind &rArr; strstr
</UL>
<BR>[Calls]<UL><LI><a href="#[6d]">&gt;&gt;</a>&nbsp;&nbsp;&nbsp;sprintf
<LI><a href="#[6e]">&gt;&gt;</a>&nbsp;&nbsp;&nbsp;strlen
<LI><a href="#[6f]">&gt;&gt;</a>&nbsp;&nbsp;&nbsp;WiFiBtDevCmdRet
</UL>
<BR>[Called By]<UL><LI><a href="#[80]">&gt;&gt;</a>&nbsp;&nbsp;&nbsp;WiFiBtDevInit
<LI><a href="#[7f]">&gt;&gt;</a>&nbsp;&nbsp;&nbsp;WiFiBtAppTest
</UL>

<P><STRONG><a name="[87]"></a>WiFiBtDevWrite</STRONG> (Thumb, 508 bytes, Stack size 144 bytes, dev_wifi_bt.o(.text.WiFiBtDevWrite))
<BR><BR>[Stack]<UL><LI>Max Depth = 196<LI>Call Chain = WiFiBtDevWrite &rArr; mdelay &rArr; TimerDeviceFind &rArr; strstr
</UL>
<BR>[Calls]<UL><LI><a href="#[6d]">&gt;&gt;</a>&nbsp;&nbsp;&nbsp;sprintf
<LI><a href="#[5f]">&gt;&gt;</a>&nbsp;&nbsp;&nbsp;printf
<LI><a href="#[6e]">&gt;&gt;</a>&nbsp;&nbsp;&nbsp;strlen
<LI><a href="#[73]">&gt;&gt;</a>&nbsp;&nbsp;&nbsp;strstr
<LI><a href="#[71]">&gt;&gt;</a>&nbsp;&nbsp;&nbsp;mdelay
</UL>
<BR>[Called By]<UL><LI><a href="#[7f]">&gt;&gt;</a>&nbsp;&nbsp;&nbsp;WiFiBtAppTest
</UL>

<P><STRONG><a name="[8a]"></a>WiFiNetDataPreDeal</STRONG> (Thumb, 594 bytes, Stack size 40 bytes, dev_wifi_bt.o(.text.WiFiNetDataPreDeal))
<BR><BR>[Stack]<UL><LI>Max Depth = 52<LI>Call Chain = WiFiNetDataPreDeal &rArr; strstr
</UL>
<BR>[Calls]<UL><LI><a href="#[73]">&gt;&gt;</a>&nbsp;&nbsp;&nbsp;strstr
<LI><a href="#[32]">&gt;&gt;</a>&nbsp;&nbsp;&nbsp;__aeabi_memclr
</UL>
<BR>[Called By]<UL><LI><a href="#[22]">&gt;&gt;</a>&nbsp;&nbsp;&nbsp;uart6_callback
</UL>

<P><STRONG><a name="[76]"></a>__aeabi_assert</STRONG> (Thumb, 14 bytes, Stack size 12 bytes, bsp_common.o(.text.__aeabi_assert))
<BR><BR>[Stack]<UL><LI>Max Depth = 12<LI>Call Chain = __aeabi_assert
</UL>
<BR>[Called By]<UL><LI><a href="#[2f]">&gt;&gt;</a>&nbsp;&nbsp;&nbsp;UARTDrvRead
<LI><a href="#[2e]">&gt;&gt;</a>&nbsp;&nbsp;&nbsp;UARTDrvWrite
<LI><a href="#[2d]">&gt;&gt;</a>&nbsp;&nbsp;&nbsp;UARTDrvInit
<LI><a href="#[80]">&gt;&gt;</a>&nbsp;&nbsp;&nbsp;WiFiBtDevInit
</UL>

<P><STRONG><a name="[63]"></a>bsp_clock_init</STRONG> (Thumb, 228 bytes, Stack size 8 bytes, bsp_clocks.o(.text.bsp_clock_init))
<BR><BR>[Stack]<UL><LI>Max Depth = 56<LI>Call Chain = bsp_clock_init &rArr; R_BSP_SoftwareDelay
</UL>
<BR>[Calls]<UL><LI><a href="#[8d]">&gt;&gt;</a>&nbsp;&nbsp;&nbsp;bsp_prv_clock_set_hard_reset
<LI><a href="#[8b]">&gt;&gt;</a>&nbsp;&nbsp;&nbsp;bsp_clock_freq_var_init
<LI><a href="#[8c]">&gt;&gt;</a>&nbsp;&nbsp;&nbsp;R_BSP_FlashCacheEnable
<LI><a href="#[43]">&gt;&gt;</a>&nbsp;&nbsp;&nbsp;R_BSP_SoftwareDelay
</UL>
<BR>[Called By]<UL><LI><a href="#[5a]">&gt;&gt;</a>&nbsp;&nbsp;&nbsp;SystemInit
</UL>

<P><STRONG><a name="[68]"></a>bsp_init</STRONG> (Thumb, 8 bytes, Stack size 4 bytes, bsp_common.o(.text.bsp_init_internal))
<BR><BR>[Stack]<UL><LI>Max Depth = 4<LI>Call Chain = bsp_init
</UL>
<BR>[Called By]<UL><LI><a href="#[5a]">&gt;&gt;</a>&nbsp;&nbsp;&nbsp;SystemInit
</UL>

<P><STRONG><a name="[a5]"></a>bsp_init_internal</STRONG> (Thumb, 8 bytes, Stack size 4 bytes, bsp_common.o(.text.bsp_init_internal), UNUSED)

<P><STRONG><a name="[67]"></a>bsp_irq_cfg</STRONG> (Thumb, 240 bytes, Stack size 48 bytes, bsp_irq.o(.text.bsp_irq_cfg))
<BR><BR>[Stack]<UL><LI>Max Depth = 68<LI>Call Chain = bsp_irq_cfg &rArr; R_BSP_RegisterProtectEnable
</UL>
<BR>[Calls]<UL><LI><a href="#[45]">&gt;&gt;</a>&nbsp;&nbsp;&nbsp;R_BSP_RegisterProtectEnable
<LI><a href="#[44]">&gt;&gt;</a>&nbsp;&nbsp;&nbsp;R_BSP_RegisterProtectDisable
</UL>
<BR>[Called By]<UL><LI><a href="#[5a]">&gt;&gt;</a>&nbsp;&nbsp;&nbsp;SystemInit
</UL>

<P><STRONG><a name="[4c]"></a>bsp_prv_software_delay_loop</STRONG> (Thumb, 8 bytes, Stack size 0 bytes, bsp_delay.o(.text.bsp_prv_software_delay_loop))
<BR><BR>[Calls]<UL><LI><a href="#[4c]">&gt;&gt;</a>&nbsp;&nbsp;&nbsp;bsp_prv_software_delay_loop
</UL>
<BR>[Called By]<UL><LI><a href="#[4c]">&gt;&gt;</a>&nbsp;&nbsp;&nbsp;bsp_prv_software_delay_loop
<LI><a href="#[43]">&gt;&gt;</a>&nbsp;&nbsp;&nbsp;R_BSP_SoftwareDelay
</UL>

<P><STRONG><a name="[13]"></a>fputc</STRONG> (Thumb, 38 bytes, Stack size 24 bytes, printf.o(.text.fputc))
<BR><BR>[Stack]<UL><LI>Max Depth = 60<LI>Call Chain = fputc &rArr; UartDeviceFind &rArr; strstr
</UL>
<BR>[Calls]<UL><LI><a href="#[7a]">&gt;&gt;</a>&nbsp;&nbsp;&nbsp;UartDeviceFind
</UL>
<BR>[Address Reference Count : 1]<UL><LI> printfa.o(i.__0printf)
</UL>
<P><STRONG><a name="[8e]"></a>hal_entry</STRONG> (Thumb, 8 bytes, Stack size 8 bytes, hal_entry.o(.text.hal_entry))
<BR><BR>[Stack]<UL><LI>Max Depth = 812<LI>Call Chain = hal_entry &rArr; WiFiBtAppTest &rArr; WiFiBtDevConnect &rArr; WiFiBtDevSetRPTM &rArr; WiFiBtDevCmdRet &rArr; mdelay &rArr; TimerDeviceFind &rArr; strstr
</UL>
<BR>[Calls]<UL><LI><a href="#[7f]">&gt;&gt;</a>&nbsp;&nbsp;&nbsp;WiFiBtAppTest
</UL>
<BR>[Called By]<UL><LI><a href="#[5b]">&gt;&gt;</a>&nbsp;&nbsp;&nbsp;main
</UL>

<P><STRONG><a name="[5b]"></a>main</STRONG> (Thumb, 20 bytes, Stack size 16 bytes, main.o(.text.main))
<BR><BR>[Stack]<UL><LI>Max Depth = 828<LI>Call Chain = main &rArr; hal_entry &rArr; WiFiBtAppTest &rArr; WiFiBtDevConnect &rArr; WiFiBtDevSetRPTM &rArr; WiFiBtDevCmdRet &rArr; mdelay &rArr; TimerDeviceFind &rArr; strstr
</UL>
<BR>[Calls]<UL><LI><a href="#[8e]">&gt;&gt;</a>&nbsp;&nbsp;&nbsp;hal_entry
</UL>
<BR>[Called By]<UL><LI><a href="#[0]">&gt;&gt;</a>&nbsp;&nbsp;&nbsp;Reset_Handler
</UL>

<P><STRONG><a name="[71]"></a>mdelay</STRONG> (Thumb, 32 bytes, Stack size 16 bytes, delay.o(.text.mdelay))
<BR><BR>[Stack]<UL><LI>Max Depth = 52<LI>Call Chain = mdelay &rArr; TimerDeviceFind &rArr; strstr
</UL>
<BR>[Calls]<UL><LI><a href="#[72]">&gt;&gt;</a>&nbsp;&nbsp;&nbsp;TimerDeviceFind
</UL>
<BR>[Called By]<UL><LI><a href="#[6f]">&gt;&gt;</a>&nbsp;&nbsp;&nbsp;WiFiBtDevCmdRet
<LI><a href="#[70]">&gt;&gt;</a>&nbsp;&nbsp;&nbsp;TCP_Data
<LI><a href="#[87]">&gt;&gt;</a>&nbsp;&nbsp;&nbsp;WiFiBtDevWrite
<LI><a href="#[85]">&gt;&gt;</a>&nbsp;&nbsp;&nbsp;WiFiBtDevConnect
<LI><a href="#[84]">&gt;&gt;</a>&nbsp;&nbsp;&nbsp;WiFiBtDevGetLocalIP
<LI><a href="#[83]">&gt;&gt;</a>&nbsp;&nbsp;&nbsp;WiFiBtDevConnectWiFi
<LI><a href="#[80]">&gt;&gt;</a>&nbsp;&nbsp;&nbsp;WiFiBtDevInit
<LI><a href="#[7f]">&gt;&gt;</a>&nbsp;&nbsp;&nbsp;WiFiBtAppTest
</UL>

<P><STRONG><a name="[e]"></a>sci_uart_eri_isr</STRONG> (Thumb, 154 bytes, Stack size 24 bytes, r_sci_uart.o(.text.sci_uart_eri_isr))
<BR><BR>[Stack]<UL><LI>Max Depth = 64<LI>Call Chain = sci_uart_eri_isr &rArr; r_sci_uart_call_callback
</UL>
<BR>[Calls]<UL><LI><a href="#[92]">&gt;&gt;</a>&nbsp;&nbsp;&nbsp;r_sci_uart_call_callback
<LI><a href="#[91]">&gt;&gt;</a>&nbsp;&nbsp;&nbsp;R_FSP_IsrContextGet
<LI><a href="#[49]">&gt;&gt;</a>&nbsp;&nbsp;&nbsp;R_BSP_IrqStatusClear
<LI><a href="#[90]">&gt;&gt;</a>&nbsp;&nbsp;&nbsp;R_FSP_CurrentIrqGet
<LI><a href="#[55]">&gt;&gt;</a>&nbsp;&nbsp;&nbsp;r_sci_negate_de_pin
</UL>
<BR>[Address Reference Count : 1]<UL><LI> vector_data.o(.application_vectors)
</UL>
<P><STRONG><a name="[b]"></a>sci_uart_rxi_isr</STRONG> (Thumb, 172 bytes, Stack size 24 bytes, r_sci_uart.o(.text.sci_uart_rxi_isr))
<BR><BR>[Stack]<UL><LI>Max Depth = 64<LI>Call Chain = sci_uart_rxi_isr &rArr; r_sci_uart_call_callback
</UL>
<BR>[Calls]<UL><LI><a href="#[60]">&gt;&gt;</a>&nbsp;&nbsp;&nbsp;__aeabi_memcpy
<LI><a href="#[92]">&gt;&gt;</a>&nbsp;&nbsp;&nbsp;r_sci_uart_call_callback
<LI><a href="#[91]">&gt;&gt;</a>&nbsp;&nbsp;&nbsp;R_FSP_IsrContextGet
<LI><a href="#[49]">&gt;&gt;</a>&nbsp;&nbsp;&nbsp;R_BSP_IrqStatusClear
<LI><a href="#[90]">&gt;&gt;</a>&nbsp;&nbsp;&nbsp;R_FSP_CurrentIrqGet
</UL>
<BR>[Address Reference Count : 1]<UL><LI> vector_data.o(.application_vectors)
</UL>
<P><STRONG><a name="[d]"></a>sci_uart_tei_isr</STRONG> (Thumb, 66 bytes, Stack size 16 bytes, r_sci_uart.o(.text.sci_uart_tei_isr))
<BR><BR>[Stack]<UL><LI>Max Depth = 56<LI>Call Chain = sci_uart_tei_isr &rArr; r_sci_uart_call_callback
</UL>
<BR>[Calls]<UL><LI><a href="#[92]">&gt;&gt;</a>&nbsp;&nbsp;&nbsp;r_sci_uart_call_callback
<LI><a href="#[91]">&gt;&gt;</a>&nbsp;&nbsp;&nbsp;R_FSP_IsrContextGet
<LI><a href="#[49]">&gt;&gt;</a>&nbsp;&nbsp;&nbsp;R_BSP_IrqStatusClear
<LI><a href="#[90]">&gt;&gt;</a>&nbsp;&nbsp;&nbsp;R_FSP_CurrentIrqGet
<LI><a href="#[55]">&gt;&gt;</a>&nbsp;&nbsp;&nbsp;r_sci_negate_de_pin
</UL>
<BR>[Address Reference Count : 1]<UL><LI> vector_data.o(.application_vectors)
</UL>
<P><STRONG><a name="[c]"></a>sci_uart_txi_isr</STRONG> (Thumb, 198 bytes, Stack size 24 bytes, r_sci_uart.o(.text.sci_uart_txi_isr))
<BR><BR>[Stack]<UL><LI>Max Depth = 64<LI>Call Chain = sci_uart_txi_isr &rArr; r_sci_uart_call_callback
</UL>
<BR>[Calls]<UL><LI><a href="#[92]">&gt;&gt;</a>&nbsp;&nbsp;&nbsp;r_sci_uart_call_callback
<LI><a href="#[91]">&gt;&gt;</a>&nbsp;&nbsp;&nbsp;R_FSP_IsrContextGet
<LI><a href="#[49]">&gt;&gt;</a>&nbsp;&nbsp;&nbsp;R_BSP_IrqStatusClear
<LI><a href="#[90]">&gt;&gt;</a>&nbsp;&nbsp;&nbsp;R_FSP_CurrentIrqGet
</UL>
<BR>[Address Reference Count : 1]<UL><LI> vector_data.o(.application_vectors)
</UL>
<P><STRONG><a name="[22]"></a>uart6_callback</STRONG> (Thumb, 136 bytes, Stack size 24 bytes, drv_uart.o(.text.uart6_callback))
<BR><BR>[Stack]<UL><LI>Max Depth = 76<LI>Call Chain = uart6_callback &rArr; WiFiNetDataPreDeal &rArr; strstr
</UL>
<BR>[Calls]<UL><LI><a href="#[8a]">&gt;&gt;</a>&nbsp;&nbsp;&nbsp;WiFiNetDataPreDeal
</UL>
<BR>[Address Reference Count : 1]<UL><LI> hal_data.o(.rodata.g_uart6_cfg)
</UL>
<P><STRONG><a name="[23]"></a>uart7_callback</STRONG> (Thumb, 110 bytes, Stack size 8 bytes, drv_uart.o(.text.uart7_callback))
<BR><BR>[Stack]<UL><LI>Max Depth = 8<LI>Call Chain = uart7_callback
</UL>
<BR>[Address Reference Count : 1]<UL><LI> hal_data.o(.rodata.g_uart7_cfg)
</UL>
<P><STRONG><a name="[93]"></a>__0printf</STRONG> (Thumb, 22 bytes, Stack size 24 bytes, printfa.o(i.__0printf), UNUSED)
<BR><BR>[Calls]<UL><LI><a href="#[94]">&gt;&gt;</a>&nbsp;&nbsp;&nbsp;_printf_core
</UL>

<P><STRONG><a name="[a6]"></a>__1printf</STRONG> (Thumb, 0 bytes, Stack size 24 bytes, printfa.o(i.__0printf), UNUSED)

<P><STRONG><a name="[a7]"></a>__2printf</STRONG> (Thumb, 0 bytes, Stack size 24 bytes, printfa.o(i.__0printf), UNUSED)

<P><STRONG><a name="[a8]"></a>__c89printf</STRONG> (Thumb, 0 bytes, Stack size 24 bytes, printfa.o(i.__0printf), UNUSED)

<P><STRONG><a name="[5f]"></a>printf</STRONG> (Thumb, 0 bytes, Stack size 24 bytes, printfa.o(i.__0printf))
<BR><BR>[Stack]<UL><LI>Max Depth = 24<LI>Call Chain = printf
</UL>
<BR>[Called By]<UL><LI><a href="#[74]">&gt;&gt;</a>&nbsp;&nbsp;&nbsp;TimerDeviceList
<LI><a href="#[7b]">&gt;&gt;</a>&nbsp;&nbsp;&nbsp;UartDeviceList
<LI><a href="#[5d]">&gt;&gt;</a>&nbsp;&nbsp;&nbsp;RingBufferNew
<LI><a href="#[6f]">&gt;&gt;</a>&nbsp;&nbsp;&nbsp;WiFiBtDevCmdRet
<LI><a href="#[70]">&gt;&gt;</a>&nbsp;&nbsp;&nbsp;TCP_Data
<LI><a href="#[87]">&gt;&gt;</a>&nbsp;&nbsp;&nbsp;WiFiBtDevWrite
<LI><a href="#[6c]">&gt;&gt;</a>&nbsp;&nbsp;&nbsp;TCP_Connect
<LI><a href="#[85]">&gt;&gt;</a>&nbsp;&nbsp;&nbsp;WiFiBtDevConnect
<LI><a href="#[83]">&gt;&gt;</a>&nbsp;&nbsp;&nbsp;WiFiBtDevConnectWiFi
<LI><a href="#[7f]">&gt;&gt;</a>&nbsp;&nbsp;&nbsp;WiFiBtAppTest
</UL>

<P><STRONG><a name="[95]"></a>__0sprintf</STRONG> (Thumb, 34 bytes, Stack size 24 bytes, printfa.o(i.__0sprintf), UNUSED)
<BR><BR>[Calls]<UL><LI><a href="#[14]">&gt;&gt;</a>&nbsp;&nbsp;&nbsp;_sputc
<LI><a href="#[94]">&gt;&gt;</a>&nbsp;&nbsp;&nbsp;_printf_core
</UL>

<P><STRONG><a name="[a9]"></a>__1sprintf</STRONG> (Thumb, 0 bytes, Stack size 24 bytes, printfa.o(i.__0sprintf), UNUSED)

<P><STRONG><a name="[aa]"></a>__2sprintf</STRONG> (Thumb, 0 bytes, Stack size 24 bytes, printfa.o(i.__0sprintf), UNUSED)

<P><STRONG><a name="[ab]"></a>__c89sprintf</STRONG> (Thumb, 0 bytes, Stack size 24 bytes, printfa.o(i.__0sprintf), UNUSED)

<P><STRONG><a name="[6d]"></a>sprintf</STRONG> (Thumb, 0 bytes, Stack size 24 bytes, printfa.o(i.__0sprintf))
<BR><BR>[Stack]<UL><LI>Max Depth = 24<LI>Call Chain = sprintf
</UL>
<BR>[Called By]<UL><LI><a href="#[88]">&gt;&gt;</a>&nbsp;&nbsp;&nbsp;WiFiBtDevSetRPTM
<LI><a href="#[89]">&gt;&gt;</a>&nbsp;&nbsp;&nbsp;WiFiBtDevReset
<LI><a href="#[87]">&gt;&gt;</a>&nbsp;&nbsp;&nbsp;WiFiBtDevWrite
<LI><a href="#[6c]">&gt;&gt;</a>&nbsp;&nbsp;&nbsp;TCP_Connect
<LI><a href="#[85]">&gt;&gt;</a>&nbsp;&nbsp;&nbsp;WiFiBtDevConnect
<LI><a href="#[83]">&gt;&gt;</a>&nbsp;&nbsp;&nbsp;WiFiBtDevConnectWiFi
<LI><a href="#[81]">&gt;&gt;</a>&nbsp;&nbsp;&nbsp;WiFiBtDevSetWorkType
</UL>

<P><STRONG><a name="[5c]"></a>free</STRONG> (Thumb, 76 bytes, Stack size 8 bytes, malloc2.o(i.__free$2region))
<BR><BR>[Stack]<UL><LI>Max Depth = 8<LI>Call Chain = free
</UL>
<BR>[Called By]<UL><LI><a href="#[12]">&gt;&gt;</a>&nbsp;&nbsp;&nbsp;RingBufferFree
<LI><a href="#[5d]">&gt;&gt;</a>&nbsp;&nbsp;&nbsp;RingBufferNew
</UL>

<P><STRONG><a name="[5e]"></a>malloc</STRONG> (Thumb, 92 bytes, Stack size 20 bytes, malloc2.o(i.__malloc$2region))
<BR><BR>[Stack]<UL><LI>Max Depth = 20<LI>Call Chain = malloc
</UL>
<BR>[Called By]<UL><LI><a href="#[5d]">&gt;&gt;</a>&nbsp;&nbsp;&nbsp;RingBufferNew
</UL>
<P>
<H3>
Local Symbols
</H3>
<P><STRONG><a name="[6f]"></a>WiFiBtDevCmdRet</STRONG> (Thumb, 208 bytes, Stack size 280 bytes, dev_wifi_bt.o(.text.WiFiBtDevCmdRet))
<BR><BR>[Stack]<UL><LI>Max Depth = 332<LI>Call Chain = WiFiBtDevCmdRet &rArr; mdelay &rArr; TimerDeviceFind &rArr; strstr
</UL>
<BR>[Calls]<UL><LI><a href="#[5f]">&gt;&gt;</a>&nbsp;&nbsp;&nbsp;printf
<LI><a href="#[73]">&gt;&gt;</a>&nbsp;&nbsp;&nbsp;strstr
<LI><a href="#[32]">&gt;&gt;</a>&nbsp;&nbsp;&nbsp;__aeabi_memclr
<LI><a href="#[71]">&gt;&gt;</a>&nbsp;&nbsp;&nbsp;mdelay
</UL>
<BR>[Called By]<UL><LI><a href="#[88]">&gt;&gt;</a>&nbsp;&nbsp;&nbsp;WiFiBtDevSetRPTM
<LI><a href="#[89]">&gt;&gt;</a>&nbsp;&nbsp;&nbsp;WiFiBtDevReset
<LI><a href="#[6c]">&gt;&gt;</a>&nbsp;&nbsp;&nbsp;TCP_Connect
<LI><a href="#[83]">&gt;&gt;</a>&nbsp;&nbsp;&nbsp;WiFiBtDevConnectWiFi
<LI><a href="#[82]">&gt;&gt;</a>&nbsp;&nbsp;&nbsp;WiFiBtDevEnableDHCP
<LI><a href="#[81]">&gt;&gt;</a>&nbsp;&nbsp;&nbsp;WiFiBtDevSetWorkType
</UL>

<P><STRONG><a name="[2d]"></a>UARTDrvInit</STRONG> (Thumb, 222 bytes, Stack size 32 bytes, drv_uart.o(.text.UARTDrvInit))
<BR><BR>[Stack]<UL><LI>Max Depth = 80<LI>Call Chain = UARTDrvInit &rArr; RingBufferNew &rArr; printf
</UL>
<BR>[Calls]<UL><LI><a href="#[76]">&gt;&gt;</a>&nbsp;&nbsp;&nbsp;__aeabi_assert
<LI><a href="#[5d]">&gt;&gt;</a>&nbsp;&nbsp;&nbsp;RingBufferNew
</UL>
<BR>[Address Reference Count : 2]<UL><LI> drv_uart.o(.data.gLogDevice)
<LI> drv_uart.o(.data.gWiFiDevice)
</UL>
<P><STRONG><a name="[2e]"></a>UARTDrvWrite</STRONG> (Thumb, 230 bytes, Stack size 40 bytes, drv_uart.o(.text.UARTDrvWrite))
<BR><BR>[Stack]<UL><LI>Max Depth = 52<LI>Call Chain = UARTDrvWrite &rArr; __aeabi_assert
</UL>
<BR>[Calls]<UL><LI><a href="#[79]">&gt;&gt;</a>&nbsp;&nbsp;&nbsp;UART7WaitTxCplt
<LI><a href="#[78]">&gt;&gt;</a>&nbsp;&nbsp;&nbsp;UART6WaitTxCplt
<LI><a href="#[76]">&gt;&gt;</a>&nbsp;&nbsp;&nbsp;__aeabi_assert
</UL>
<BR>[Address Reference Count : 2]<UL><LI> drv_uart.o(.data.gLogDevice)
<LI> drv_uart.o(.data.gWiFiDevice)
</UL>
<P><STRONG><a name="[78]"></a>UART6WaitTxCplt</STRONG> (Thumb, 34 bytes, Stack size 0 bytes, drv_uart.o(.text.UART6WaitTxCplt))
<BR><BR>[Called By]<UL><LI><a href="#[2e]">&gt;&gt;</a>&nbsp;&nbsp;&nbsp;UARTDrvWrite
</UL>

<P><STRONG><a name="[79]"></a>UART7WaitTxCplt</STRONG> (Thumb, 34 bytes, Stack size 0 bytes, drv_uart.o(.text.UART7WaitTxCplt))
<BR><BR>[Called By]<UL><LI><a href="#[2e]">&gt;&gt;</a>&nbsp;&nbsp;&nbsp;UARTDrvWrite
</UL>

<P><STRONG><a name="[2f]"></a>UARTDrvRead</STRONG> (Thumb, 194 bytes, Stack size 32 bytes, drv_uart.o(.text.UARTDrvRead))
<BR><BR>[Stack]<UL><LI>Max Depth = 44<LI>Call Chain = UARTDrvRead &rArr; __aeabi_assert
</UL>
<BR>[Calls]<UL><LI><a href="#[77]">&gt;&gt;</a>&nbsp;&nbsp;&nbsp;UART7WaitRxCplt
<LI><a href="#[76]">&gt;&gt;</a>&nbsp;&nbsp;&nbsp;__aeabi_assert
</UL>
<BR>[Address Reference Count : 2]<UL><LI> drv_uart.o(.data.gLogDevice)
<LI> drv_uart.o(.data.gWiFiDevice)
</UL>
<P><STRONG><a name="[77]"></a>UART7WaitRxCplt</STRONG> (Thumb, 34 bytes, Stack size 0 bytes, drv_uart.o(.text.UART7WaitRxCplt))
<BR><BR>[Called By]<UL><LI><a href="#[2f]">&gt;&gt;</a>&nbsp;&nbsp;&nbsp;UARTDrvRead
</UL>

<P><STRONG><a name="[30]"></a>SystickInit</STRONG> (Thumb, 78 bytes, Stack size 24 bytes, drv_systick.o(.text.SystickInit))
<BR><BR>[Stack]<UL><LI>Max Depth = 48<LI>Call Chain = SystickInit &rArr; SysTick_Config &rArr; __NVIC_SetPriority
</UL>
<BR>[Calls]<UL><LI><a href="#[69]">&gt;&gt;</a>&nbsp;&nbsp;&nbsp;R_BSP_SourceClockHzGet
<LI><a href="#[61]">&gt;&gt;</a>&nbsp;&nbsp;&nbsp;SysTick_Config
</UL>
<BR>[Address Reference Count : 1]<UL><LI> drv_systick.o(.data.gSystickDevice)
</UL>
<P><STRONG><a name="[61]"></a>SysTick_Config</STRONG> (Thumb, 82 bytes, Stack size 16 bytes, drv_systick.o(.text.SysTick_Config))
<BR><BR>[Stack]<UL><LI>Max Depth = 24<LI>Call Chain = SysTick_Config &rArr; __NVIC_SetPriority
</UL>
<BR>[Calls]<UL><LI><a href="#[62]">&gt;&gt;</a>&nbsp;&nbsp;&nbsp;__NVIC_SetPriority
</UL>
<BR>[Called By]<UL><LI><a href="#[30]">&gt;&gt;</a>&nbsp;&nbsp;&nbsp;SystickInit
</UL>

<P><STRONG><a name="[31]"></a>HAL_Delay</STRONG> (Thumb, 114 bytes, Stack size 20 bytes, drv_systick.o(.text.HAL_Delay))
<BR><BR>[Stack]<UL><LI>Max Depth = 20<LI>Call Chain = HAL_Delay
</UL>
<BR>[Address Reference Count : 1]<UL><LI> drv_systick.o(.data.gSystickDevice)
</UL>
<P><STRONG><a name="[62]"></a>__NVIC_SetPriority</STRONG> (Thumb, 58 bytes, Stack size 8 bytes, drv_systick.o(.text.__NVIC_SetPriority))
<BR><BR>[Stack]<UL><LI>Max Depth = 8<LI>Call Chain = __NVIC_SetPriority
</UL>
<BR>[Called By]<UL><LI><a href="#[61]">&gt;&gt;</a>&nbsp;&nbsp;&nbsp;SysTick_Config
</UL>

<P><STRONG><a name="[f]"></a>RingBufferWrite</STRONG> (Thumb, 272 bytes, Stack size 40 bytes, ring_buffer.o(.text.RingBufferWrite))
<BR><BR>[Stack]<UL><LI>Max Depth = 40<LI>Call Chain = RingBufferWrite
</UL>
<BR>[Calls]<UL><LI><a href="#[60]">&gt;&gt;</a>&nbsp;&nbsp;&nbsp;__aeabi_memcpy
</UL>
<BR>[Address Reference Count : 1]<UL><LI> ring_buffer.o(.text.RingBufferNew)
</UL>
<P><STRONG><a name="[10]"></a>RingBufferRead</STRONG> (Thumb, 188 bytes, Stack size 32 bytes, ring_buffer.o(.text.RingBufferRead))
<BR><BR>[Stack]<UL><LI>Max Depth = 32<LI>Call Chain = RingBufferRead
</UL>
<BR>[Calls]<UL><LI><a href="#[60]">&gt;&gt;</a>&nbsp;&nbsp;&nbsp;__aeabi_memcpy
</UL>
<BR>[Address Reference Count : 1]<UL><LI> ring_buffer.o(.text.RingBufferNew)
</UL>
<P><STRONG><a name="[11]"></a>RingBufferClear</STRONG> (Thumb, 82 bytes, Stack size 16 bytes, ring_buffer.o(.text.RingBufferClear))
<BR><BR>[Stack]<UL><LI>Max Depth = 16<LI>Call Chain = RingBufferClear
</UL>
<BR>[Calls]<UL><LI><a href="#[32]">&gt;&gt;</a>&nbsp;&nbsp;&nbsp;__aeabi_memclr
</UL>
<BR>[Address Reference Count : 1]<UL><LI> ring_buffer.o(.text.RingBufferNew)
</UL>
<P><STRONG><a name="[12]"></a>RingBufferFree</STRONG> (Thumb, 86 bytes, Stack size 24 bytes, ring_buffer.o(.text.RingBufferFree))
<BR><BR>[Stack]<UL><LI>Max Depth = 32<LI>Call Chain = RingBufferFree &rArr; free
</UL>
<BR>[Calls]<UL><LI><a href="#[5c]">&gt;&gt;</a>&nbsp;&nbsp;&nbsp;free
</UL>
<BR>[Address Reference Count : 1]<UL><LI> ring_buffer.o(.text.RingBufferNew)
</UL>
<P><STRONG><a name="[8c]"></a>R_BSP_FlashCacheEnable</STRONG> (Thumb, 64 bytes, Stack size 0 bytes, bsp_clocks.o(.text.R_BSP_FlashCacheEnable))
<BR><BR>[Called By]<UL><LI><a href="#[63]">&gt;&gt;</a>&nbsp;&nbsp;&nbsp;bsp_clock_init
</UL>

<P><STRONG><a name="[8b]"></a>bsp_clock_freq_var_init</STRONG> (Thumb, 64 bytes, Stack size 8 bytes, bsp_clocks.o(.text.bsp_clock_freq_var_init))
<BR><BR>[Stack]<UL><LI>Max Depth = 12<LI>Call Chain = bsp_clock_freq_var_init &rArr; SystemCoreClockUpdate
</UL>
<BR>[Calls]<UL><LI><a href="#[66]">&gt;&gt;</a>&nbsp;&nbsp;&nbsp;SystemCoreClockUpdate
</UL>
<BR>[Called By]<UL><LI><a href="#[63]">&gt;&gt;</a>&nbsp;&nbsp;&nbsp;bsp_clock_init
</UL>

<P><STRONG><a name="[8d]"></a>bsp_prv_clock_set_hard_reset</STRONG> (Thumb, 50 bytes, Stack size 8 bytes, bsp_clocks.o(.text.bsp_prv_clock_set_hard_reset))
<BR><BR>[Stack]<UL><LI>Max Depth = 12<LI>Call Chain = bsp_prv_clock_set_hard_reset &rArr; SystemCoreClockUpdate
</UL>
<BR>[Calls]<UL><LI><a href="#[66]">&gt;&gt;</a>&nbsp;&nbsp;&nbsp;SystemCoreClockUpdate
</UL>
<BR>[Called By]<UL><LI><a href="#[63]">&gt;&gt;</a>&nbsp;&nbsp;&nbsp;bsp_clock_init
</UL>

<P><STRONG><a name="[41]"></a>bsp_group_irq_call</STRONG> (Thumb, 46 bytes, Stack size 16 bytes, bsp_group_irq.o(.text.bsp_group_irq_call))
<BR><BR>[Stack]<UL><LI>Max Depth = 16<LI>Call Chain = bsp_group_irq_call
</UL>
<BR>[Called By]<UL><LI><a href="#[1]">&gt;&gt;</a>&nbsp;&nbsp;&nbsp;NMI_Handler
</UL>

<P><STRONG><a name="[4e]"></a>r_ioport_pins_config</STRONG> (Thumb, 86 bytes, Stack size 24 bytes, r_ioport.o(.text.r_ioport_pins_config))
<BR><BR>[Stack]<UL><LI>Max Depth = 76<LI>Call Chain = r_ioport_pins_config &rArr; bsp_vbatt_init &rArr; R_BSP_RegisterProtectEnable
</UL>
<BR>[Calls]<UL><LI><a href="#[52]">&gt;&gt;</a>&nbsp;&nbsp;&nbsp;R_BSP_PinAccessDisable
<LI><a href="#[51]">&gt;&gt;</a>&nbsp;&nbsp;&nbsp;r_ioport_pfs_write
<LI><a href="#[50]">&gt;&gt;</a>&nbsp;&nbsp;&nbsp;R_BSP_PinAccessEnable
<LI><a href="#[4f]">&gt;&gt;</a>&nbsp;&nbsp;&nbsp;bsp_vbatt_init
</UL>
<BR>[Called By]<UL><LI><a href="#[17]">&gt;&gt;</a>&nbsp;&nbsp;&nbsp;R_IOPORT_PinsCfg
<LI><a href="#[15]">&gt;&gt;</a>&nbsp;&nbsp;&nbsp;R_IOPORT_Open
</UL>

<P><STRONG><a name="[4f]"></a>bsp_vbatt_init</STRONG> (Thumb, 262 bytes, Stack size 32 bytes, r_ioport.o(.text.bsp_vbatt_init))
<BR><BR>[Stack]<UL><LI>Max Depth = 52<LI>Call Chain = bsp_vbatt_init &rArr; R_BSP_RegisterProtectEnable
</UL>
<BR>[Calls]<UL><LI><a href="#[45]">&gt;&gt;</a>&nbsp;&nbsp;&nbsp;R_BSP_RegisterProtectEnable
<LI><a href="#[44]">&gt;&gt;</a>&nbsp;&nbsp;&nbsp;R_BSP_RegisterProtectDisable
</UL>
<BR>[Called By]<UL><LI><a href="#[18]">&gt;&gt;</a>&nbsp;&nbsp;&nbsp;R_IOPORT_PinCfg
<LI><a href="#[4e]">&gt;&gt;</a>&nbsp;&nbsp;&nbsp;r_ioport_pins_config
</UL>

<P><STRONG><a name="[50]"></a>R_BSP_PinAccessEnable</STRONG> (Thumb, 86 bytes, Stack size 16 bytes, r_ioport.o(.text.R_BSP_PinAccessEnable))
<BR><BR>[Stack]<UL><LI>Max Depth = 16<LI>Call Chain = R_BSP_PinAccessEnable
</UL>
<BR>[Called By]<UL><LI><a href="#[18]">&gt;&gt;</a>&nbsp;&nbsp;&nbsp;R_IOPORT_PinCfg
<LI><a href="#[4e]">&gt;&gt;</a>&nbsp;&nbsp;&nbsp;r_ioport_pins_config
</UL>

<P><STRONG><a name="[51]"></a>r_ioport_pfs_write</STRONG> (Thumb, 102 bytes, Stack size 8 bytes, r_ioport.o(.text.r_ioport_pfs_write))
<BR><BR>[Stack]<UL><LI>Max Depth = 8<LI>Call Chain = r_ioport_pfs_write
</UL>
<BR>[Called By]<UL><LI><a href="#[18]">&gt;&gt;</a>&nbsp;&nbsp;&nbsp;R_IOPORT_PinCfg
<LI><a href="#[4e]">&gt;&gt;</a>&nbsp;&nbsp;&nbsp;r_ioport_pins_config
</UL>

<P><STRONG><a name="[52]"></a>R_BSP_PinAccessDisable</STRONG> (Thumb, 102 bytes, Stack size 16 bytes, r_ioport.o(.text.R_BSP_PinAccessDisable))
<BR><BR>[Stack]<UL><LI>Max Depth = 16<LI>Call Chain = R_BSP_PinAccessDisable
</UL>
<BR>[Called By]<UL><LI><a href="#[18]">&gt;&gt;</a>&nbsp;&nbsp;&nbsp;R_IOPORT_PinCfg
<LI><a href="#[4e]">&gt;&gt;</a>&nbsp;&nbsp;&nbsp;r_ioport_pins_config
</UL>

<P><STRONG><a name="[53]"></a>r_ioport_hw_pin_event_output_data_write</STRONG> (Thumb, 120 bytes, Stack size 20 bytes, r_ioport.o(.text.r_ioport_hw_pin_event_output_data_write))
<BR><BR>[Stack]<UL><LI>Max Depth = 20<LI>Call Chain = r_ioport_hw_pin_event_output_data_write
</UL>
<BR>[Called By]<UL><LI><a href="#[1a]">&gt;&gt;</a>&nbsp;&nbsp;&nbsp;R_IOPORT_PinEventOutputWrite
</UL>

<P><STRONG><a name="[54]"></a>R_BSP_PinRead</STRONG> (Thumb, 38 bytes, Stack size 4 bytes, r_ioport.o(.text.R_BSP_PinRead))
<BR><BR>[Stack]<UL><LI>Max Depth = 4<LI>Call Chain = R_BSP_PinRead
</UL>
<BR>[Called By]<UL><LI><a href="#[1b]">&gt;&gt;</a>&nbsp;&nbsp;&nbsp;R_IOPORT_PinRead
</UL>

<P><STRONG><a name="[58]"></a>r_sci_irqs_cfg</STRONG> (Thumb, 64 bytes, Stack size 16 bytes, r_sci_uart.o(.text.r_sci_irqs_cfg))
<BR><BR>[Stack]<UL><LI>Max Depth = 72<LI>Call Chain = r_sci_irqs_cfg &rArr; r_sci_irq_cfg &rArr; R_BSP_IrqCfg &rArr; R_FSP_IsrContextSet
</UL>
<BR>[Calls]<UL><LI><a href="#[8f]">&gt;&gt;</a>&nbsp;&nbsp;&nbsp;r_sci_irq_cfg
</UL>
<BR>[Called By]<UL><LI><a href="#[24]">&gt;&gt;</a>&nbsp;&nbsp;&nbsp;R_SCI_UART_Open
</UL>

<P><STRONG><a name="[55]"></a>r_sci_negate_de_pin</STRONG> (Thumb, 8 bytes, Stack size 4 bytes, r_sci_uart.o(.text.r_sci_negate_de_pin))
<BR><BR>[Stack]<UL><LI>Max Depth = 4<LI>Call Chain = r_sci_negate_de_pin
</UL>
<BR>[Called By]<UL><LI><a href="#[e]">&gt;&gt;</a>&nbsp;&nbsp;&nbsp;sci_uart_eri_isr
<LI><a href="#[d]">&gt;&gt;</a>&nbsp;&nbsp;&nbsp;sci_uart_tei_isr
<LI><a href="#[2b]">&gt;&gt;</a>&nbsp;&nbsp;&nbsp;R_SCI_UART_Close
<LI><a href="#[29]">&gt;&gt;</a>&nbsp;&nbsp;&nbsp;R_SCI_UART_Abort
<LI><a href="#[24]">&gt;&gt;</a>&nbsp;&nbsp;&nbsp;R_SCI_UART_Open
</UL>

<P><STRONG><a name="[59]"></a>r_sci_uart_config_set</STRONG> (Thumb, 284 bytes, Stack size 32 bytes, r_sci_uart.o(.text.r_sci_uart_config_set))
<BR><BR>[Stack]<UL><LI>Max Depth = 40<LI>Call Chain = r_sci_uart_config_set &rArr; r_sci_uart_baud_set
</UL>
<BR>[Calls]<UL><LI><a href="#[56]">&gt;&gt;</a>&nbsp;&nbsp;&nbsp;r_sci_uart_baud_set
</UL>
<BR>[Called By]<UL><LI><a href="#[24]">&gt;&gt;</a>&nbsp;&nbsp;&nbsp;R_SCI_UART_Open
</UL>

<P><STRONG><a name="[4a]"></a>R_BSP_IrqEnable</STRONG> (Thumb, 22 bytes, Stack size 16 bytes, r_sci_uart.o(.text.R_BSP_IrqEnable))
<BR><BR>[Stack]<UL><LI>Max Depth = 36<LI>Call Chain = R_BSP_IrqEnable &rArr; R_BSP_IrqClearPending &rArr; R_BSP_IrqStatusClear
</UL>
<BR>[Calls]<UL><LI><a href="#[4b]">&gt;&gt;</a>&nbsp;&nbsp;&nbsp;R_BSP_IrqEnableNoClear
<LI><a href="#[48]">&gt;&gt;</a>&nbsp;&nbsp;&nbsp;R_BSP_IrqClearPending
</UL>
<BR>[Called By]<UL><LI><a href="#[24]">&gt;&gt;</a>&nbsp;&nbsp;&nbsp;R_SCI_UART_Open
</UL>

<P><STRONG><a name="[56]"></a>r_sci_uart_baud_set</STRONG> (Thumb, 68 bytes, Stack size 8 bytes, r_sci_uart.o(.text.r_sci_uart_baud_set))
<BR><BR>[Stack]<UL><LI>Max Depth = 8<LI>Call Chain = r_sci_uart_baud_set
</UL>
<BR>[Called By]<UL><LI><a href="#[27]">&gt;&gt;</a>&nbsp;&nbsp;&nbsp;R_SCI_UART_BaudSet
<LI><a href="#[59]">&gt;&gt;</a>&nbsp;&nbsp;&nbsp;r_sci_uart_config_set
</UL>

<P><STRONG><a name="[57]"></a>R_BSP_IrqDisable</STRONG> (Thumb, 46 bytes, Stack size 8 bytes, r_sci_uart.o(.text.R_BSP_IrqDisable))
<BR><BR>[Stack]<UL><LI>Max Depth = 8<LI>Call Chain = R_BSP_IrqDisable
</UL>
<BR>[Called By]<UL><LI><a href="#[2b]">&gt;&gt;</a>&nbsp;&nbsp;&nbsp;R_SCI_UART_Close
<LI><a href="#[8f]">&gt;&gt;</a>&nbsp;&nbsp;&nbsp;r_sci_irq_cfg
</UL>

<P><STRONG><a name="[8f]"></a>r_sci_irq_cfg</STRONG> (Thumb, 40 bytes, Stack size 24 bytes, r_sci_uart.o(.text.r_sci_irq_cfg))
<BR><BR>[Stack]<UL><LI>Max Depth = 56<LI>Call Chain = r_sci_irq_cfg &rArr; R_BSP_IrqCfg &rArr; R_FSP_IsrContextSet
</UL>
<BR>[Calls]<UL><LI><a href="#[46]">&gt;&gt;</a>&nbsp;&nbsp;&nbsp;R_BSP_IrqCfg
<LI><a href="#[49]">&gt;&gt;</a>&nbsp;&nbsp;&nbsp;R_BSP_IrqStatusClear
<LI><a href="#[57]">&gt;&gt;</a>&nbsp;&nbsp;&nbsp;R_BSP_IrqDisable
</UL>
<BR>[Called By]<UL><LI><a href="#[58]">&gt;&gt;</a>&nbsp;&nbsp;&nbsp;r_sci_irqs_cfg
</UL>

<P><STRONG><a name="[48]"></a>R_BSP_IrqClearPending</STRONG> (Thumb, 50 bytes, Stack size 16 bytes, r_sci_uart.o(.text.R_BSP_IrqClearPending))
<BR><BR>[Stack]<UL><LI>Max Depth = 20<LI>Call Chain = R_BSP_IrqClearPending &rArr; R_BSP_IrqStatusClear
</UL>
<BR>[Calls]<UL><LI><a href="#[49]">&gt;&gt;</a>&nbsp;&nbsp;&nbsp;R_BSP_IrqStatusClear
</UL>
<BR>[Called By]<UL><LI><a href="#[4a]">&gt;&gt;</a>&nbsp;&nbsp;&nbsp;R_BSP_IrqEnable
</UL>

<P><STRONG><a name="[4b]"></a>R_BSP_IrqEnableNoClear</STRONG> (Thumb, 36 bytes, Stack size 8 bytes, r_sci_uart.o(.text.R_BSP_IrqEnableNoClear))
<BR><BR>[Stack]<UL><LI>Max Depth = 8<LI>Call Chain = R_BSP_IrqEnableNoClear
</UL>
<BR>[Called By]<UL><LI><a href="#[4a]">&gt;&gt;</a>&nbsp;&nbsp;&nbsp;R_BSP_IrqEnable
</UL>

<P><STRONG><a name="[90]"></a>R_FSP_CurrentIrqGet</STRONG> (Thumb, 26 bytes, Stack size 8 bytes, r_sci_uart.o(.text.R_FSP_CurrentIrqGet))
<BR><BR>[Stack]<UL><LI>Max Depth = 8<LI>Call Chain = R_FSP_CurrentIrqGet
</UL>
<BR>[Called By]<UL><LI><a href="#[e]">&gt;&gt;</a>&nbsp;&nbsp;&nbsp;sci_uart_eri_isr
<LI><a href="#[d]">&gt;&gt;</a>&nbsp;&nbsp;&nbsp;sci_uart_tei_isr
<LI><a href="#[b]">&gt;&gt;</a>&nbsp;&nbsp;&nbsp;sci_uart_rxi_isr
<LI><a href="#[c]">&gt;&gt;</a>&nbsp;&nbsp;&nbsp;sci_uart_txi_isr
</UL>

<P><STRONG><a name="[49]"></a>R_BSP_IrqStatusClear</STRONG> (Thumb, 36 bytes, Stack size 4 bytes, r_sci_uart.o(.text.R_BSP_IrqStatusClear))
<BR><BR>[Stack]<UL><LI>Max Depth = 4<LI>Call Chain = R_BSP_IrqStatusClear
</UL>
<BR>[Called By]<UL><LI><a href="#[e]">&gt;&gt;</a>&nbsp;&nbsp;&nbsp;sci_uart_eri_isr
<LI><a href="#[d]">&gt;&gt;</a>&nbsp;&nbsp;&nbsp;sci_uart_tei_isr
<LI><a href="#[b]">&gt;&gt;</a>&nbsp;&nbsp;&nbsp;sci_uart_rxi_isr
<LI><a href="#[c]">&gt;&gt;</a>&nbsp;&nbsp;&nbsp;sci_uart_txi_isr
<LI><a href="#[48]">&gt;&gt;</a>&nbsp;&nbsp;&nbsp;R_BSP_IrqClearPending
<LI><a href="#[8f]">&gt;&gt;</a>&nbsp;&nbsp;&nbsp;r_sci_irq_cfg
</UL>

<P><STRONG><a name="[91]"></a>R_FSP_IsrContextGet</STRONG> (Thumb, 22 bytes, Stack size 4 bytes, r_sci_uart.o(.text.R_FSP_IsrContextGet))
<BR><BR>[Stack]<UL><LI>Max Depth = 4<LI>Call Chain = R_FSP_IsrContextGet
</UL>
<BR>[Called By]<UL><LI><a href="#[e]">&gt;&gt;</a>&nbsp;&nbsp;&nbsp;sci_uart_eri_isr
<LI><a href="#[d]">&gt;&gt;</a>&nbsp;&nbsp;&nbsp;sci_uart_tei_isr
<LI><a href="#[b]">&gt;&gt;</a>&nbsp;&nbsp;&nbsp;sci_uart_rxi_isr
<LI><a href="#[c]">&gt;&gt;</a>&nbsp;&nbsp;&nbsp;sci_uart_txi_isr
</UL>

<P><STRONG><a name="[92]"></a>r_sci_uart_call_callback</STRONG> (Thumb, 124 bytes, Stack size 40 bytes, r_sci_uart.o(.text.r_sci_uart_call_callback))
<BR><BR>[Stack]<UL><LI>Max Depth = 40<LI>Call Chain = r_sci_uart_call_callback
</UL>
<BR>[Called By]<UL><LI><a href="#[e]">&gt;&gt;</a>&nbsp;&nbsp;&nbsp;sci_uart_eri_isr
<LI><a href="#[d]">&gt;&gt;</a>&nbsp;&nbsp;&nbsp;sci_uart_tei_isr
<LI><a href="#[b]">&gt;&gt;</a>&nbsp;&nbsp;&nbsp;sci_uart_rxi_isr
<LI><a href="#[c]">&gt;&gt;</a>&nbsp;&nbsp;&nbsp;sci_uart_txi_isr
</UL>

<P><STRONG><a name="[46]"></a>R_BSP_IrqCfg</STRONG> (Thumb, 38 bytes, Stack size 24 bytes, r_sci_uart.o(.text.R_BSP_IrqCfg))
<BR><BR>[Stack]<UL><LI>Max Depth = 32<LI>Call Chain = R_BSP_IrqCfg &rArr; R_FSP_IsrContextSet
</UL>
<BR>[Calls]<UL><LI><a href="#[47]">&gt;&gt;</a>&nbsp;&nbsp;&nbsp;R_FSP_IsrContextSet
</UL>
<BR>[Called By]<UL><LI><a href="#[8f]">&gt;&gt;</a>&nbsp;&nbsp;&nbsp;r_sci_irq_cfg
</UL>

<P><STRONG><a name="[47]"></a>R_FSP_IsrContextSet</STRONG> (Thumb, 26 bytes, Stack size 8 bytes, r_sci_uart.o(.text.R_FSP_IsrContextSet))
<BR><BR>[Stack]<UL><LI>Max Depth = 8<LI>Call Chain = R_FSP_IsrContextSet
</UL>
<BR>[Called By]<UL><LI><a href="#[46]">&gt;&gt;</a>&nbsp;&nbsp;&nbsp;R_BSP_IrqCfg
</UL>

<P><STRONG><a name="[96]"></a>_fp_digits</STRONG> (Thumb, 366 bytes, Stack size 64 bytes, printfa.o(i._fp_digits), UNUSED)
<BR><BR>[Calls]<UL><LI><a href="#[35]">&gt;&gt;</a>&nbsp;&nbsp;&nbsp;__aeabi_uldivmod
<LI><a href="#[3e]">&gt;&gt;</a>&nbsp;&nbsp;&nbsp;__aeabi_dmul
<LI><a href="#[3f]">&gt;&gt;</a>&nbsp;&nbsp;&nbsp;__aeabi_ddiv
<LI><a href="#[38]">&gt;&gt;</a>&nbsp;&nbsp;&nbsp;__aeabi_dadd
<LI><a href="#[40]">&gt;&gt;</a>&nbsp;&nbsp;&nbsp;__aeabi_d2ulz
<LI><a href="#[97]">&gt;&gt;</a>&nbsp;&nbsp;&nbsp;__aeabi_cdrcmple
</UL>
<BR>[Called By]<UL><LI><a href="#[94]">&gt;&gt;</a>&nbsp;&nbsp;&nbsp;_printf_core
</UL>

<P><STRONG><a name="[94]"></a>_printf_core</STRONG> (Thumb, 1744 bytes, Stack size 136 bytes, printfa.o(i._printf_core), UNUSED)
<BR><BR>[Calls]<UL><LI><a href="#[35]">&gt;&gt;</a>&nbsp;&nbsp;&nbsp;__aeabi_uldivmod
<LI><a href="#[9a]">&gt;&gt;</a>&nbsp;&nbsp;&nbsp;__aeabi_uidivmod
<LI><a href="#[98]">&gt;&gt;</a>&nbsp;&nbsp;&nbsp;_printf_pre_padding
<LI><a href="#[99]">&gt;&gt;</a>&nbsp;&nbsp;&nbsp;_printf_post_padding
<LI><a href="#[96]">&gt;&gt;</a>&nbsp;&nbsp;&nbsp;_fp_digits
</UL>
<BR>[Called By]<UL><LI><a href="#[95]">&gt;&gt;</a>&nbsp;&nbsp;&nbsp;__0sprintf
<LI><a href="#[93]">&gt;&gt;</a>&nbsp;&nbsp;&nbsp;__0printf
</UL>

<P><STRONG><a name="[99]"></a>_printf_post_padding</STRONG> (Thumb, 36 bytes, Stack size 24 bytes, printfa.o(i._printf_post_padding), UNUSED)
<BR><BR>[Called By]<UL><LI><a href="#[94]">&gt;&gt;</a>&nbsp;&nbsp;&nbsp;_printf_core
</UL>

<P><STRONG><a name="[98]"></a>_printf_pre_padding</STRONG> (Thumb, 46 bytes, Stack size 24 bytes, printfa.o(i._printf_pre_padding), UNUSED)
<BR><BR>[Called By]<UL><LI><a href="#[94]">&gt;&gt;</a>&nbsp;&nbsp;&nbsp;_printf_core
</UL>

<P><STRONG><a name="[14]"></a>_sputc</STRONG> (Thumb, 10 bytes, Stack size 0 bytes, printfa.o(i._sputc))
<BR><BR>[Called By]<UL><LI><a href="#[95]">&gt;&gt;</a>&nbsp;&nbsp;&nbsp;__0sprintf
</UL>
<BR>[Address Reference Count : 1]<UL><LI> printfa.o(i.__0sprintf)
</UL><P>
<H3>
Undefined Global Symbols
</H3><HR></body></html>
