Component: Arm Compiler for Embedded 6.19 Tool: armlink [5e73cb00]

==============================================================================

Section Cross References

    app_wifi_bt.o(.text.WiFiBtAppTest) refers to dev_uart.o(.text.UartDevicesRegister) for UartDevicesRegister
    app_wifi_bt.o(.text.WiFiBtAppTest) refers to dev_timer.o(.text.TimerDevicesRegister) for TimerDevicesRegister
    app_wifi_bt.o(.text.WiFiBtAppTest) refers to dev_wifi_bt.o(.text.WiFiBtDevInit) for WiFiBtDevInit
    app_wifi_bt.o(.text.WiFiBtAppTest) refers to app_wifi_bt.o(.rodata.str1.1) for .L.str
    app_wifi_bt.o(.text.WiFiBtAppTest) refers to printfa.o(i.__0printf) for printf
    app_wifi_bt.o(.text.WiFiBtAppTest) refers to dev_wifi_bt.o(.text.WiFiBtDevSetWorkType) for WiFiBtDevSetWorkType
    app_wifi_bt.o(.text.WiFiBtAppTest) refers to dev_wifi_bt.o(.text.WiFiBtDevEnableDHCP) for WiFiBtDevEnableDHCP
    app_wifi_bt.o(.text.WiFiBtAppTest) refers to dev_wifi_bt.o(.text.WiFiBtDevConnectWiFi) for WiFiBtDevConnectWiFi
    app_wifi_bt.o(.text.WiFiBtAppTest) refers to dev_wifi_bt.o(.text.WiFiBtDevGetLocalIP) for WiFiBtDevGetLocalIP
    app_wifi_bt.o(.text.WiFiBtAppTest) refers to delay.o(.text.mdelay) for mdelay
    app_wifi_bt.o(.text.WiFiBtAppTest) refers to app_wifi_bt.o(.rodata..L__const.WiFiBtAppTest.connect) for .L__const.WiFiBtAppTest.connect
    app_wifi_bt.o(.text.WiFiBtAppTest) refers to dev_wifi_bt.o(.text.WiFiBtDevConnect) for WiFiBtDevConnect
    app_wifi_bt.o(.text.WiFiBtAppTest) refers to dev_wifi_bt.o(.text.TCP_Connect) for TCP_Connect
    app_wifi_bt.o(.text.WiFiBtAppTest) refers to bsp_delay.o(.text.R_BSP_SoftwareDelay) for R_BSP_SoftwareDelay
    app_wifi_bt.o(.text.WiFiBtAppTest) refers to memseta.o(.text) for __aeabi_memclr
    app_wifi_bt.o(.text.WiFiBtAppTest) refers to dev_wifi_bt.o(.text.WiFiBtDevRead) for WiFiBtDevRead
    app_wifi_bt.o(.text.WiFiBtAppTest) refers to dev_wifi_bt.o(.text.WiFiBtDevWrite) for WiFiBtDevWrite
    app_wifi_bt.o(.text.WiFiBtAppTest) refers to dev_wifi_bt.o(.text.TCP_Data) for TCP_Data
    app_wifi_bt.o(.ARM.exidx.text.WiFiBtAppTest) refers to app_wifi_bt.o(.text.WiFiBtAppTest) for [Anonymous Symbol]
    app_wifi_bt.o(.rodata..L__const.WiFiBtAppTest.connect) refers to app_wifi_bt.o(.rodata.str1.1) for [Anonymous Symbol]
    dev_wifi_bt.o(.text.WiFiBtDevInit) refers to dev_wifi_bt.o(.rodata.str1.1) for .L.str
    dev_wifi_bt.o(.text.WiFiBtDevInit) refers to dev_uart.o(.text.UartDeviceFind) for UartDeviceFind
    dev_wifi_bt.o(.text.WiFiBtDevInit) refers to dev_wifi_bt.o(.bss.pWiFiBtDev) for pWiFiBtDev
    dev_wifi_bt.o(.text.WiFiBtDevInit) refers to dev_wifi_bt.o(.text.WiFiBtDevReset) for WiFiBtDevReset
    dev_wifi_bt.o(.text.WiFiBtDevInit) refers to delay.o(.text.mdelay) for mdelay
    dev_wifi_bt.o(.text.WiFiBtDevInit) refers to dev_wifi_bt.o(.text.WiFiBtDevSetWorkType) for WiFiBtDevSetWorkType
    dev_wifi_bt.o(.text.WiFiBtDevInit) refers to dev_wifi_bt.o(.text.WiFiBtDevEnableDHCP) for WiFiBtDevEnableDHCP
    dev_wifi_bt.o(.text.WiFiBtDevInit) refers to ring_buffer.o(.text.RingBufferNew) for RingBufferNew
    dev_wifi_bt.o(.text.WiFiBtDevInit) refers to dev_wifi_bt.o(.bss.gNetBuffer) for gNetBuffer
    dev_wifi_bt.o(.text.WiFiBtDevInit) refers to bsp_common.o(.text.__aeabi_assert) for __aeabi_assert
    dev_wifi_bt.o(.ARM.exidx.text.WiFiBtDevInit) refers to dev_wifi_bt.o(.text.WiFiBtDevInit) for [Anonymous Symbol]
    dev_wifi_bt.o(.text.WiFiBtDevReset) refers to dev_wifi_bt.o(.rodata.str1.1) for .L.str.4
    dev_wifi_bt.o(.text.WiFiBtDevReset) refers to printfa.o(i.__0sprintf) for sprintf
    dev_wifi_bt.o(.text.WiFiBtDevReset) refers to dev_wifi_bt.o(.bss.pWiFiBtDev) for pWiFiBtDev
    dev_wifi_bt.o(.text.WiFiBtDevReset) refers to strlen.o(.text) for strlen
    dev_wifi_bt.o(.text.WiFiBtDevReset) refers to dev_wifi_bt.o(.text.WiFiBtDevCmdRet) for WiFiBtDevCmdRet
    dev_wifi_bt.o(.ARM.exidx.text.WiFiBtDevReset) refers to dev_wifi_bt.o(.text.WiFiBtDevReset) for [Anonymous Symbol]
    dev_wifi_bt.o(.text.WiFiBtDevSetWorkType) refers to dev_wifi_bt.o(.rodata.str1.1) for .L.str.6
    dev_wifi_bt.o(.text.WiFiBtDevSetWorkType) refers to printfa.o(i.__0sprintf) for sprintf
    dev_wifi_bt.o(.text.WiFiBtDevSetWorkType) refers to dev_wifi_bt.o(.bss.pWiFiBtDev) for pWiFiBtDev
    dev_wifi_bt.o(.text.WiFiBtDevSetWorkType) refers to strlen.o(.text) for strlen
    dev_wifi_bt.o(.text.WiFiBtDevSetWorkType) refers to dev_wifi_bt.o(.text.WiFiBtDevCmdRet) for WiFiBtDevCmdRet
    dev_wifi_bt.o(.ARM.exidx.text.WiFiBtDevSetWorkType) refers to dev_wifi_bt.o(.text.WiFiBtDevSetWorkType) for [Anonymous Symbol]
    dev_wifi_bt.o(.text.WiFiBtDevEnableDHCP) refers to dev_wifi_bt.o(.rodata.str1.1) for .L.str.8
    dev_wifi_bt.o(.text.WiFiBtDevEnableDHCP) refers to dev_wifi_bt.o(.bss.pWiFiBtDev) for pWiFiBtDev
    dev_wifi_bt.o(.text.WiFiBtDevEnableDHCP) refers to strlen.o(.text) for strlen
[...]
    r_sci_uart_call_callback                 0x000033f1   Thumb Code   124  r_sci_uart.o(.text.r_sci_uart_call_callback)
    [Anonymous Symbol]                       0x000033f0   Section        0  r_sci_uart.o(.text.r_sci_uart_call_callback)
    r_sci_uart_config_set                    0x0000346d   Thumb Code   284  r_sci_uart.o(.text.r_sci_uart_config_set)
    [Anonymous Symbol]                       0x0000346c   Section        0  r_sci_uart.o(.text.r_sci_uart_config_set)
    [Anonymous Symbol]                       0x00003588   Section        0  r_sci_uart.o(.text.sci_uart_eri_isr)
    [Anonymous Symbol]                       0x00003624   Section        0  r_sci_uart.o(.text.sci_uart_rxi_isr)
    [Anonymous Symbol]                       0x000036d0   Section        0  r_sci_uart.o(.text.sci_uart_tei_isr)
    [Anonymous Symbol]                       0x00003714   Section        0  r_sci_uart.o(.text.sci_uart_txi_isr)
    [Anonymous Symbol]                       0x000037dc   Section        0  drv_uart.o(.text.uart6_callback)
    [Anonymous Symbol]                       0x00003864   Section        0  drv_uart.o(.text.uart7_callback)
    i.__0printf                              0x000038d4   Section        0  printfa.o(i.__0printf)
    i.__0sprintf                             0x000038f4   Section        0  printfa.o(i.__0sprintf)
    i.__free$2region                         0x0000391c   Section        0  malloc2.o(i.__free$2region)
    i.__malloc$2region                       0x0000396c   Section        0  malloc2.o(i.__malloc$2region)
    _fp_digits                               0x000039d9   Thumb Code   366  printfa.o(i._fp_digits)
    i._fp_digits                             0x000039d8   Section        0  printfa.o(i._fp_digits)
    _printf_core                             0x00003b5d   Thumb Code  1744  printfa.o(i._printf_core)
    i._printf_core                           0x00003b5c   Section        0  printfa.o(i._printf_core)
    _printf_post_padding                     0x00004239   Thumb Code    36  printfa.o(i._printf_post_padding)
    i._printf_post_padding                   0x00004238   Section        0  printfa.o(i._printf_post_padding)
    _printf_pre_padding                      0x0000425d   Thumb Code    46  printfa.o(i._printf_pre_padding)
    i._printf_pre_padding                    0x0000425c   Section        0  printfa.o(i._printf_pre_padding)
    _sputc                                   0x0000428b   Thumb Code    10  printfa.o(i._sputc)
    i._sputc                                 0x0000428a   Section        0  printfa.o(i._sputc)
    .L__const.WiFiBtAppTest.connect          0x00004294   Data          24  app_wifi_bt.o(.rodata..L__const.WiFiBtAppTest.connect)
    .L__const.WiFiBtDevConnectWiFi.join      0x000042ac   Data          32  dev_wifi_bt.o(.rodata.cst32)
    .L__const.WiFiBtDevGetLocalIP.lkstt      0x000042cc   Data          32  dev_wifi_bt.o(.rodata.cst32)
    g_prcr_masks                             0x000044e4   Data           8  bsp_register_protection.o(.rodata.g_prcr_masks)
    [Anonymous Symbol]                       0x000044e4   Section        0  bsp_register_protection.o(.rodata.g_prcr_masks)
    g_vbatt_pins_input                       0x00004600   Data          12  r_ioport.o(.rodata.g_vbatt_pins_input)
    [Anonymous Symbol]                       0x00004600   Section        0  r_ioport.o(.rodata.g_vbatt_pins_input)
    .L.str.4                                 0x0000460c   Data          11  app_wifi_bt.o(.rodata.str1.1)
    [Anonymous Symbol]                       0x0000460c   Section        0  app_wifi_bt.o(.rodata.str1.1)
    .L.str.8                                 0x00004617   Data          18  app_wifi_bt.o(.rodata.str1.1)
    .L.str                                   0x00004629   Data          30  app_wifi_bt.o(.rodata.str1.1)
    .L.str.7                                 0x00004647   Data          25  app_wifi_bt.o(.rodata.str1.1)
    .L.str.6                                 0x00004660   Data          25  app_wifi_bt.o(.rodata.str1.1)
    .L.str.9                                 0x00004679   Data          28  app_wifi_bt.o(.rodata.str1.1)
    .L.str.3                                 0x00004695   Data          25  app_wifi_bt.o(.rodata.str1.1)
    .L.str.2                                 0x000046bc   Data          10  app_wifi_bt.o(.rodata.str1.1)
    .L.str.1                                 0x000046c6   Data           4  app_wifi_bt.o(.rodata.str1.1)
    .L.str.27                                0x000046ca   Data           5  dev_wifi_bt.o(.rodata.str1.1)
    [Anonymous Symbol]                       0x000046ca   Section        0  dev_wifi_bt.o(.rodata.str1.1)
    .L.str.8                                 0x000046cf   Data          11  dev_wifi_bt.o(.rodata.str1.1)
    .L.str.29                                0x000046da   Data          12  dev_wifi_bt.o(.rodata.str1.1)
    .L.str.7                                 0x000046e6   Data          14  dev_wifi_bt.o(.rodata.str1.1)
    .L.str.30                                0x000046f4   Data          10  dev_wifi_bt.o(.rodata.str1.1)
    .L.str.4                                 0x000046fe   Data           7  dev_wifi_bt.o(.rodata.str1.1)
    .L.str.16                                0x00004705   Data          25  dev_wifi_bt.o(.rodata.str1.1)
    .L.str.26                                0x0000471e   Data          17  dev_wifi_bt.o(.rodata.str1.1)
    .L.str.22                                0x0000472f   Data          24  dev_wifi_bt.o(.rodata.str1.1)
    .L.str.9                                 0x00004741   Data          20  dev_wifi_bt.o(.rodata.str1.1)
    .L.str.28                                0x00004747   Data          14  dev_wifi_bt.o(.rodata.str1.1)
    .L.str.10                                0x00004755   Data          11  dev_wifi_bt.o(.rodata.str1.1)
    .L.str.6                                 0x00004755   Data          13  dev_wifi_bt.o(.rodata.str1.1)
    .L.str.13                                0x00004762   Data          16  dev_wifi_bt.o(.rodata.str1.1)
    .L.str.11                                0x00004772   Data          13  dev_wifi_bt.o(.rodata.str1.1)
    .L.str.12                                0x0000477a   Data           5  dev_wifi_bt.o(.rodata.str1.1)
    .L.str.2                                 0x0000477c   Data           3  dev_wifi_bt.o(.rodata.str1.1)
    .L.str.2                                 0x0000477c   Data           3  dev_wifi_bt.o(.rodata.str1.1)
    .L.str.23                                0x0000477f   Data          32  dev_wifi_bt.o(.rodata.str1.1)
    .L.str.14                                0x00004782   Data          11  dev_wifi_bt.o(.rodata.str1.1)
    .L.str.15                                0x0000478d   Data           7  dev_wifi_bt.o(.rodata.str1.1)
    .L.str.17                                0x0000479f   Data          21  dev_wifi_bt.o(.rodata.str1.1)
    .L.str.21                                0x000047b4   Data          20  dev_wifi_bt.o(.rodata.str1.1)
    .L.str.19                                0x000047c8   Data           5  dev_wifi_bt.o(.rodata.str1.1)
    .L.str.20                                0x000047cd   Data           6  dev_wifi_bt.o(.rodata.str1.1)
    .L.str.3                                 0x000047d3   Data           9  dev_wifi_bt.o(.rodata.str1.1)
    .L.str.5                                 0x000047dc   Data           4  dev_wifi_bt.o(.rodata.str1.1)
    .L.str.40                                0x000047e0   Data           5  dev_wifi_bt.o(.rodata.str1.1)
    .L.str.18                                0x000047e5   Data           3  dev_wifi_bt.o(.rodata.str1.1)
    .L.str.2                                 0x000047e8   Data          37  dev_wifi_bt.o(.rodata.str1.1)
    .L.str                                   0x0000480d   Data           5  dev_wifi_bt.o(.rodata.str1.1)
    .L.str.1                                 0x00004812   Data          19  dev_wifi_bt.o(.rodata.str1.1)
    .L.str.24                                0x0000481c   Data          14  dev_wifi_bt.o(.rodata.str1.1)
    .L.str.25                                0x00004825   Data           3  dev_wifi_bt.o(.rodata.str1.1)
    .L.str                                   0x00004828   Data          22  dev_uart.o(.rodata.str1.1)
    [Anonymous Symbol]                       0x00004828   Section        0  dev_uart.o(.rodata.str1.1)
    .L.str.1                                 0x0000483e   Data           6  dev_uart.o(.rodata.str1.1)
    .L.str.1                                 0x0000483e   Data           6  dev_uart.o(.rodata.str1.1)
    .L.str                                   0x00004844   Data          23  dev_timer.o(.rodata.str1.1)
    [Anonymous Symbol]                       0x00004844   Section        0  dev_timer.o(.rodata.str1.1)
    .L.str.2                                 0x0000485b   Data          19  drv_uart.o(.rodata.str1.1)
    [Anonymous Symbol]                       0x0000485b   Section        0  drv_uart.o(.rodata.str1.1)
    .L.str.31                                0x00004867   Data           9  dev_wifi_bt.o(.rodata.str1.1)
    .L.str                                   0x0000486e   Data           4  drv_uart.o(.rodata.str1.1)
    .L.str.32                                0x00004870   Data          10  dev_wifi_bt.o(.rodata.str1.1)
    .L.str.3                                 0x00004872   Data          20  drv_uart.o(.rodata.str1.1)
    .L.str.33                                0x0000487a   Data           8  dev_wifi_bt.o(.rodata.str1.1)
    .L.str.34                                0x00004882   Data           9  dev_wifi_bt.o(.rodata.str1.1)
    .L.str.1                                 0x00004886   Data          19  drv_uart.o(.rodata.str1.1)
    .L.str.35                                0x0000488b   Data          10  dev_wifi_bt.o(.rodata.str1.1)
    .L.str.36                                0x00004895   Data          11  dev_wifi_bt.o(.rodata.str1.1)
    .L.str.37                                0x000048a0   Data          17  dev_wifi_bt.o(.rodata.str1.1)
    .L.str                                   0x000048a3   Data           8  drv_systick.o(.rodata.str1.1)
    [Anonymous Symbol]                       0x000048a3   Section        0  drv_systick.o(.rodata.str1.1)
    .L.str                                   0x000048ab   Data          33  ring_buffer.o(.rodata.str1.1)
    [Anonymous Symbol]                       0x000048ab   Section        0  ring_buffer.o(.rodata.str1.1)
    .L.str.38                                0x000048b1   Data          14  dev_wifi_bt.o(.rodata.str1.1)
    .L.str.39                                0x000048bf   Data           9  dev_wifi_bt.o(.rodata.str1.1)
    __tagsym$$used.0                         0x000048cc   Number         0  bsp_common.o(.version)
    g_fsp_version                            0x000048cc   Data           4  bsp_common.o(.version)
    [Anonymous Symbol]                       0x000048cc   Section        0  bsp_common.o(.version)
    __tagsym$$used.1                         0x000048d0   Number         0  bsp_common.o(.version)
    g_fsp_version_string                     0x000048d0   Data           6  bsp_common.o(.version)
    [Anonymous Symbol]                       0x000048d0   Section        0  bsp_common.o(.version)
    __tagsym$$used.2                         0x000048d6   Number         0  bsp_common.o(.version)
    g_fsp_version_build_string               0x000048d6   Data          68  bsp_common.o(.version)
    [Anonymous Symbol]                       0x000048d6   Section        0  bsp_common.o(.version)
    __tagsym$$used.0                         0x0100a100   Number         0  bsp_rom_registers.o(.option_setting_ofs0)
    g_bsp_rom_ofs0                           0x0100a100   Data           4  bsp_rom_registers.o(.option_setting_ofs0)
    [Anonymous Symbol]                       0x0100a100   Section        0  bsp_rom_registers.o(.option_setting_ofs0)
    __tagsym$$used.1                         0x0100a110   Number         0  bsp_rom_registers.o(.option_setting_dualsel)
    g_bsp_rom_dualsel                        0x0100a110   Data           4  bsp_rom_registers.o(.option_setting_dualsel)
    [Anonymous Symbol]                       0x0100a110   Section        0  bsp_rom_registers.o(.option_setting_dualsel)
    __tagsym$$used.2                         0x0100a134   Number         0  bsp_rom_registers.o(.option_setting_sas)
    g_bsp_rom_sas                            0x0100a134   Data           4  bsp_rom_registers.o(.option_setting_sas)
    [Anonymous Symbol]                       0x0100a134   Section        0  bsp_rom_registers.o(.option_setting_sas)
    __tagsym$$used.3                         0x0100a200   Number         0  bsp_rom_registers.o(.option_setting_ofs1_sec)
    g_bsp_rom_ofs1_sec                       0x0100a200   Data           4  bsp_rom_registers.o(.option_setting_ofs1_sec)
    [Anonymous Symbol]                       0x0100a200   Section        0  bsp_rom_registers.o(.option_setting_ofs1_sec)
    __tagsym$$used.4                         0x0100a210   Number         0  bsp_rom_registers.o(.option_setting_banksel_sec)
    g_bsp_rom_banksel_sec                    0x0100a210   Data           4  bsp_rom_registers.o(.option_setting_banksel_sec)
    [Anonymous Symbol]                       0x0100a210   Section        0  bsp_rom_registers.o(.option_setting_banksel_sec)
    __tagsym$$used.5                         0x0100a240   Number         0  bsp_rom_registers.o(.option_setting_bps_sec0)
    g_bsp_rom_bps_sec0                       0x0100a240   Data           4  bsp_rom_registers.o(.option_setting_bps_sec0)
    [Anonymous Symbol]                       0x0100a240   Section        0  bsp_rom_registers.o(.option_setting_bps_sec0)
    __tagsym$$used.6                         0x0100a244   Number         0  bsp_rom_registers.o(.option_setting_bps_sec1)
    g_bsp_rom_bps_sec1                       0x0100a244   Data           4  bsp_rom_registers.o(.option_setting_bps_sec1)
    [Anonymous Symbol]                       0x0100a244   Section        0  bsp_rom_registers.o(.option_setting_bps_sec1)
    __tagsym$$used.7                         0x0100a248   Number         0  bsp_rom_registers.o(.option_setting_bps_sec2)
    g_bsp_rom_bps_sec2                       0x0100a248   Data           4  bsp_rom_registers.o(.option_setting_bps_sec2)
    [Anonymous Symbol]                       0x0100a248   Section        0  bsp_rom_registers.o(.option_setting_bps_sec2)
    __tagsym$$used.8                         0x0100a24c   Number         0  bsp_rom_registers.o(.option_setting_bps_sec3)
    g_bsp_rom_bps_sec3                       0x0100a24c   Data           4  bsp_rom_registers.o(.option_setting_bps_sec3)
    [Anonymous Symbol]                       0x0100a24c   Section        0  bsp_rom_registers.o(.option_setting_bps_sec3)
    __tagsym$$used.9                         0x0100a260   Number         0  bsp_rom_registers.o(.option_setting_pbps_sec0)
    g_bsp_rom_pbps_sec0                      0x0100a260   Data           4  bsp_rom_registers.o(.option_setting_pbps_sec0)
    [Anonymous Symbol]                       0x0100a260   Section        0  bsp_rom_registers.o(.option_setting_pbps_sec0)
    __tagsym$$used.10                        0x0100a264   Number         0  bsp_rom_registers.o(.option_setting_pbps_sec1)
    g_bsp_rom_pbps_sec1                      0x0100a264   Data           4  bsp_rom_registers.o(.option_setting_pbps_sec1)
    [Anonymous Symbol]                       0x0100a264   Section        0  bsp_rom_registers.o(.option_setting_pbps_sec1)
    __tagsym$$used.11                        0x0100a268   Number         0  bsp_rom_registers.o(.option_setting_pbps_sec2)
    g_bsp_rom_pbps_sec2                      0x0100a268   Data           4  bsp_rom_registers.o(.option_setting_pbps_sec2)
    [Anonymous Symbol]                       0x0100a268   Section        0  bsp_rom_registers.o(.option_setting_pbps_sec2)
    __tagsym$$used.12                        0x0100a26c   Number         0  bsp_rom_registers.o(.option_setting_pbps_sec3)
    g_bsp_rom_pbps_sec3                      0x0100a26c   Data           4  bsp_rom_registers.o(.option_setting_pbps_sec3)
    [Anonymous Symbol]                       0x0100a26c   Section        0  bsp_rom_registers.o(.option_setting_pbps_sec3)
    __tagsym$$used.13                        0x0100a280   Number         0  bsp_rom_registers.o(.option_setting_ofs1_sel)
    g_bsp_rom_ofs1_sel                       0x0100a280   Data           4  bsp_rom_registers.o(.option_setting_ofs1_sel)
    [Anonymous Symbol]                       0x0100a280   Section        0  bsp_rom_registers.o(.option_setting_ofs1_sel)
    __tagsym$$used.14                        0x0100a290   Number         0  bsp_rom_registers.o(.option_setting_banksel_sel)
    g_bsp_rom_banksel_sel                    0x0100a290   Data           4  bsp_rom_registers.o(.option_setting_banksel_sel)
    [Anonymous Symbol]                       0x0100a290   Section        0  bsp_rom_registers.o(.option_setting_banksel_sel)
    __tagsym$$used.15                        0x0100a2c0   Number         0  bsp_rom_registers.o(.option_setting_bps_sel0)
    g_bsp_rom_bps_sel0                       0x0100a2c0   Data           4  bsp_rom_registers.o(.option_setting_bps_sel0)
    [Anonymous Symbol]                       0x0100a2c0   Section        0  bsp_rom_registers.o(.option_setting_bps_sel0)
    __tagsym$$used.16                        0x0100a2c4   Number         0  bsp_rom_registers.o(.option_setting_bps_sel1)
    g_bsp_rom_bps_sel1                       0x0100a2c4   Data           4  bsp_rom_registers.o(.option_setting_bps_sel1)
    [Anonymous Symbol]                       0x0100a2c4   Section        0  bsp_rom_registers.o(.option_setting_bps_sel1)
    __tagsym$$used.17                        0x0100a2c8   Number         0  bsp_rom_registers.o(.option_setting_bps_sel2)
    g_bsp_rom_bps_sel2                       0x0100a2c8   Data           4  bsp_rom_registers.o(.option_setting_bps_sel2)
    [Anonymous Symbol]                       0x0100a2c8   Section        0  bsp_rom_registers.o(.option_setting_bps_sel2)
    __tagsym$$used.18                        0x0100a2cc   Number         0  bsp_rom_registers.o(.option_setting_bps_sel3)
    g_bsp_rom_bps_sel3                       0x0100a2cc   Data           4  bsp_rom_registers.o(.option_setting_bps_sel3)
    [Anonymous Symbol]                       0x0100a2cc   Section        0  bsp_rom_registers.o(.option_setting_bps_sel3)
    .data                                    0x20000000   Section        4  mvars.o(.data)
    .data                                    0x20000004   Section        4  mvars.o(.data)
    gLogDevice                               0x20000008   Data          24  drv_uart.o(.data.gLogDevice)
    [Anonymous Symbol]                       0x20000008   Section        0  drv_uart.o(.data.gLogDevice)
    gSystickDevice                           0x20000020   Data          32  drv_systick.o(.data.gSystickDevice)
    [Anonymous Symbol]                       0x20000020   Section        0  drv_systick.o(.data.gSystickDevice)
    gWiFiDevice                              0x20000040   Data          24  drv_uart.o(.data.gWiFiDevice)
    [Anonymous Symbol]                       0x20000040   Section        0  drv_uart.o(.data.gWiFiDevice)
    WiFiNetDataPreDeal.index                 0x20000064   Data           4  dev_wifi_bt.o(.bss.WiFiNetDataPreDeal.index)
    [Anonymous Symbol]                       0x20000064   Section        0  dev_wifi_bt.o(.bss.WiFiNetDataPreDeal.index)
    WiFiNetDataPreDeal.status                0x20000068   Data           4  dev_wifi_bt.o(.bss.WiFiNetDataPreDeal.status)
    [Anonymous Symbol]                       0x20000068   Section        0  dev_wifi_bt.o(.bss.WiFiNetDataPreDeal.status)
    backcnt                                  0x200000c0   Data           1  dev_wifi_bt.o(.bss.backcnt)
    [Anonymous Symbol]                       0x200000c0   Section        0  dev_wifi_bt.o(.bss.backcnt)
    dwTick                                   0x200000c4   Data           4  drv_systick.o(.bss.dwTick)
    [Anonymous Symbol]                       0x200000c4   Section        0  drv_systick.o(.bss.dwTick)
    gDataLength                              0x200000c8   Data           4  dev_wifi_bt.o(.bss.gDataLength)
    [Anonymous Symbol]                       0x200000c8   Section        0  dev_wifi_bt.o(.bss.gDataLength)
    gDetectBuff                              0x200000cc   Data         256  dev_wifi_bt.o(.bss.gDetectBuff)
    [Anonymous Symbol]                       0x200000cc   Section        0  dev_wifi_bt.o(.bss.gDetectBuff)
    gHeadTimerDev                            0x200001cc   Data           4  dev_timer.o(.bss.gHeadTimerDev)
    [Anonymous Symbol]                       0x200001cc   Section        0  dev_timer.o(.bss.gHeadTimerDev)
    gHeadUartDev                             0x200001d0   Data           4  dev_uart.o(.bss.gHeadUartDev)
    [Anonymous Symbol]                       0x200001d0   Section        0  dev_uart.o(.bss.gHeadUartDev)
    gNetBuffer                               0x200001d4   Data           4  dev_wifi_bt.o(.bss.gNetBuffer)
    [Anonymous Symbol]                       0x200001d4   Section        0  dev_wifi_bt.o(.bss.gNetBuffer)
    gSocketPort                              0x200001d8   Data           4  dev_wifi_bt.o(.bss.gSocketPort)
    [Anonymous Symbol]                       0x200001d8   Section        0  dev_wifi_bt.o(.bss.gSocketPort)
    gUart6TxCplt                             0x200001dc   Data           1  drv_uart.o(.bss.gUart6TxCplt)
    [Anonymous Symbol]                       0x200001dc   Section        0  drv_uart.o(.bss.gUart6TxCplt)
    gUart7RxCplt                             0x200001dd   Data           1  drv_uart.o(.bss.gUart7RxCplt)
    [Anonymous Symbol]                       0x200001dd   Section        0  drv_uart.o(.bss.gUart7RxCplt)
    gUart7TxCplt                             0x200001de   Data           1  drv_uart.o(.bss.gUart7TxCplt)
    [Anonymous Symbol]                       0x200001de   Section        0  drv_uart.o(.bss.gUart7TxCplt)
    gWiFiBuffer                              0x200001e0   Data           4  drv_uart.o(.bss.gWiFiBuffer)
    [Anonymous Symbol]                       0x200001e0   Section        0  drv_uart.o(.bss.gWiFiBuffer)
    pWiFiBtDev                               0x20000418   Data           4  dev_wifi_bt.o(.bss.pWiFiBtDev)
    [Anonymous Symbol]                       0x20000418   Section        0  dev_wifi_bt.o(.bss.pWiFiBtDev)
    __tagsym$$used.0                         0x2000041c   Number         0  bsp_clocks.o(.bss.noinit)
    g_clock_freq                             0x2000041c   Data          28  bsp_clocks.o(.bss.noinit)
    [Anonymous Symbol]                       0x2000041c   Section        0  bsp_clocks.o(.bss.noinit)
    __tagsym$$used.2                         0x20000438   Number         0  startup.o(.bss.heap)
    g_heap                                   0x20000438   Data        8192  startup.o(.bss.heap)
    [Anonymous Symbol]                       0x20000438   Section        0  startup.o(.bss.heap)
    __tagsym$$used.0                         0x20002438   Number         0  startup.o(.bss.stack)
    g_main_stack                             0x20002438   Data        8192  startup.o(.bss.stack)
    [Anonymous Symbol]                       0x20002438   Section        0  startup.o(.bss.stack)

    Global Symbols

    Symbol Name                              Value     Ov Type        Size  Object(Section)

    BuildAttributes$$THM_ISAv4$E$P$D$K$B$S$7EM$8M$VFPi5$EXTD16$VFPS$VFMA$PE$A:L22UL41UL21$X:L11$S22US41US21$IEEE1$IW$USESV6$~STKCKD$USESV7$WCHAR32$ENUMINT$~SHL$OSPACE$ROPI$MICROLIB$REQ8$PRES8$EABIv2 0x00000000   Number         0  anon$$obj.o ABSOLUTE
    Image$$__tz_FLASH_S$$Base                0x00000000   Number         0  anon$$obj.o ABSOLUTE
    __Vectors                                0x00000000   Data          64  startup.o(.fixed_vectors)
    g_vector_table                           0x00000040   Data         384  vector_data.o(.application_vectors)
    Image$$DATA$$Length                      0x00000060   Number         0  anon$$obj.o ABSOLUTE
    Image$$INIT_ARRAY$$Base                  0x000001c0   Number         0  anon$$obj.o ABSOLUTE
    Image$$INIT_ARRAY$$Limit                 0x000001c0   Number         0  anon$$obj.o ABSOLUTE
    __aeabi_memcpy                           0x000001c1   Thumb Code    36  memcpya.o(.text)
    __aeabi_memcpy4                          0x000001c1   Thumb Code     0  memcpya.o(.text)
    __aeabi_memcpy8                          0x000001c1   Thumb Code     0  memcpya.o(.text)
    __aeabi_memset                           0x000001e5   Thumb Code    14  memseta.o(.text)
    __aeabi_memset4                          0x000001e5   Thumb Code     0  memseta.o(.text)
    __aeabi_memset8                          0x000001e5   Thumb Code     0  memseta.o(.text)
    __aeabi_memclr                           0x000001f3   Thumb Code     4  memseta.o(.text)
    __aeabi_memclr4                          0x000001f3   Thumb Code     0  memseta.o(.text)
    __aeabi_memclr8                          0x000001f3   Thumb Code     0  memseta.o(.text)
    _memset$wrapper                          0x000001f7   Thumb Code    18  memseta.o(.text)
    strstr                                   0x00000209   Thumb Code    36  strstr.o(.text)
    strlen                                   0x0000022d   Thumb Code    14  strlen.o(.text)
    __aeabi_uidiv                            0x0000023b   Thumb Code     0  uidiv.o(.text)
    __aeabi_uidivmod                         0x0000023b   Thumb Code    44  uidiv.o(.text)
    __aeabi_uldivmod                         0x00000267   Thumb Code    98  uldiv.o(.text)
    __I$use$fp                               0x000002c9   Thumb Code     0  iusefp.o(.text)
    __aeabi_dadd                             0x000002c9   Thumb Code   322  dadd.o(.text)
    Image$$BSS$$ZI$$Length                   0x000003bc   Number         0  anon$$obj.o ABSOLUTE
    __aeabi_dsub                             0x0000040b   Thumb Code     6  dadd.o(.text)
    __aeabi_drsub                            0x00000411   Thumb Code     6  dadd.o(.text)
    __aeabi_dmul                             0x00000417   Thumb Code   228  dmul.o(.text)
    __aeabi_ddiv                             0x000004fb   Thumb Code   222  ddiv.o(.text)
    __aeabi_d2ulz                            0x000005d9   Thumb Code    48  dfixul.o(.text)
    __aeabi_cdrcmple                         0x00000609   Thumb Code    48  cdrcmple.o(.text)
    __aeabi_llsl                             0x00000639   Thumb Code    30  llshl.o(.text)
    _ll_shift_l                              0x00000639   Thumb Code     0  llshl.o(.text)
    __aeabi_llsr                             0x00000657   Thumb Code    32  llushr.o(.text)
    _ll_ushift_r                             0x00000657   Thumb Code     0  llushr.o(.text)
    __aeabi_lasr                             0x00000677   Thumb Code    36  llsshr.o(.text)
    _ll_sshift_r                             0x00000677   Thumb Code     0  llsshr.o(.text)
    _double_round                            0x0000069b   Thumb Code    30  depilogue.o(.text)
    _double_epilogue                         0x000006b9   Thumb Code   156  depilogue.o(.text)
    BusFault_Handler                         0x00000755   Thumb Code     4  startup.o(.text.Default_Handler)
    DebugMon_Handler                         0x00000755   Thumb Code     4  startup.o(.text.Default_Handler)
    Default_Handler                          0x00000755   Thumb Code     4  startup.o(.text.Default_Handler)
    HardFault_Handler                        0x00000755   Thumb Code     4  startup.o(.text.Default_Handler)
    MemManage_Handler                        0x00000755   Thumb Code     4  startup.o(.text.Default_Handler)
    PendSV_Handler                           0x00000755   Thumb Code     4  startup.o(.text.Default_Handler)
    SVC_Handler                              0x00000755   Thumb Code     4  startup.o(.text.Default_Handler)
    SecureFault_Handler                      0x00000755   Thumb Code     4  startup.o(.text.Default_Handler)
    UsageFault_Handler                       0x00000755   Thumb Code     4  startup.o(.text.Default_Handler)
    NMI_Handler                              0x000007cd   Thumb Code    82  bsp_group_irq.o(.text.NMI_Handler)
    R_BSP_Init_RTC                           0x00000861   Thumb Code   138  bsp_clocks.o(.text.R_BSP_Init_RTC)
    R_BSP_RegisterProtectDisable             0x00000ac1   Thumb Code   114  bsp_register_protection.o(.text.R_BSP_RegisterProtectDisable)
    R_BSP_RegisterProtectEnable              0x00000b35   Thumb Code   134  bsp_register_protection.o(.text.R_BSP_RegisterProtectEnable)
    R_BSP_SoftwareDelay                      0x00000bbd   Thumb Code   154  bsp_delay.o(.text.R_BSP_SoftwareDelay)
    R_BSP_SourceClockHzGet                   0x00000c59   Thumb Code    26  bsp_clocks.o(.text.R_BSP_SourceClockHzGet)
    R_BSP_WarmStart                          0x00000c75   Thumb Code    50  hal_entry.o(.text.R_BSP_WarmStart)
    R_IOPORT_Close                           0x00000cf9   Thumb Code    18  r_ioport.o(.text.R_IOPORT_Close)
    R_IOPORT_Open                            0x00000d0d   Thumb Code    36  r_ioport.o(.text.R_IOPORT_Open)
    R_IOPORT_PinCfg                          0x00000d31   Thumb Code    56  r_ioport.o(.text.R_IOPORT_PinCfg)
    R_IOPORT_PinEventInputRead               0x00000d69   Thumb Code    88  r_ioport.o(.text.R_IOPORT_PinEventInputRead)
    R_IOPORT_PinEventOutputWrite             0x00000dc1   Thumb Code   100  r_ioport.o(.text.R_IOPORT_PinEventOutputWrite)
    R_IOPORT_PinRead                         0x00000e25   Thumb Code    26  r_ioport.o(.text.R_IOPORT_PinRead)
    R_IOPORT_PinWrite                        0x00000e41   Thumb Code   114  r_ioport.o(.text.R_IOPORT_PinWrite)
    R_IOPORT_PinsCfg                         0x00000eb5   Thumb Code    20  r_ioport.o(.text.R_IOPORT_PinsCfg)
    R_IOPORT_PortDirectionSet                0x00000ec9   Thumb Code    96  r_ioport.o(.text.R_IOPORT_PortDirectionSet)
    R_IOPORT_PortEventInputRead              0x00000f29   Thumb Code    44  r_ioport.o(.text.R_IOPORT_PortEventInputRead)
    R_IOPORT_PortEventOutputWrite            0x00000f55   Thumb Code    84  r_ioport.o(.text.R_IOPORT_PortEventOutputWrite)
    R_IOPORT_PortRead                        0x00000fa9   Thumb Code    42  r_ioport.o(.text.R_IOPORT_PortRead)
    R_IOPORT_PortWrite                       0x00000fd5   Thumb Code    84  r_ioport.o(.text.R_IOPORT_PortWrite)
    R_SCI_UART_Abort                         0x00001029   Thumb Code   102  r_sci_uart.o(.text.R_SCI_UART_Abort)
    R_SCI_UART_BaudSet                       0x00001091   Thumb Code    74  r_sci_uart.o(.text.R_SCI_UART_BaudSet)
    R_SCI_UART_CallbackSet                   0x000010dd   Thumb Code    38  r_sci_uart.o(.text.R_SCI_UART_CallbackSet)
    R_SCI_UART_Close                         0x00001105   Thumb Code   140  r_sci_uart.o(.text.R_SCI_UART_Close)
    R_SCI_UART_InfoGet                       0x00001191   Thumb Code    24  r_sci_uart.o(.text.R_SCI_UART_InfoGet)
    R_SCI_UART_Open                          0x000011a9   Thumb Code   388  r_sci_uart.o(.text.R_SCI_UART_Open)
    R_SCI_UART_Read                          0x0000132d   Thumb Code    34  r_sci_uart.o(.text.R_SCI_UART_Read)
    R_SCI_UART_ReadStop                      0x00001351   Thumb Code    28  r_sci_uart.o(.text.R_SCI_UART_ReadStop)
    R_SCI_UART_Write                         0x0000136d   Thumb Code   112  r_sci_uart.o(.text.R_SCI_UART_Write)
    Reset_Handler                            0x000013dd   Thumb Code    14  startup.o(.text.Reset_Handler)
    RingBufferNew                            0x00001499   Thumb Code   186  ring_buffer.o(.text.RingBufferNew)
    SysTick_Handler                          0x00001775   Thumb Code    16  drv_systick.o(.text.SysTick_Handler)
    SystemCoreClockUpdate                    0x00001785   Thumb Code    58  bsp_clocks.o(.text.SystemCoreClockUpdate)
    SystemInit                               0x000017c1   Thumb Code   272  system.o(.text.SystemInit)
    SystickTimerDevicesCreate                0x00001921   Thumb Code    28  drv_systick.o(.text.SystickTimerDevicesCreate)
    TCP_Connect                              0x0000193d   Thumb Code   430  dev_wifi_bt.o(.text.TCP_Connect)
    TCP_Data                                 0x00001aed   Thumb Code    86  dev_wifi_bt.o(.text.TCP_Data)
    TimerDeviceFind                          0x00001b45   Thumb Code    66  dev_timer.o(.text.TimerDeviceFind)
    TimerDeviceInsert                        0x00001b89   Thumb Code    56  dev_timer.o(.text.TimerDeviceInsert)
    TimerDeviceList                          0x00001bc1   Thumb Code    76  dev_timer.o(.text.TimerDeviceList)
    TimerDevicesRegister                     0x00001c0d   Thumb Code    12  dev_timer.o(.text.TimerDevicesRegister)
    UartDeviceFind                           0x00001f11   Thumb Code    66  dev_uart.o(.text.UartDeviceFind)
    UartDeviceInsert                         0x00001f55   Thumb Code    56  dev_uart.o(.text.UartDeviceInsert)
    UartDeviceList                           0x00001f8d   Thumb Code    76  dev_uart.o(.text.UartDeviceList)
    UartDevicesCreate                        0x00001fd9   Thumb Code    40  drv_uart.o(.text.UartDevicesCreate)
    UartDevicesRegister                      0x00002001   Thumb Code    12  dev_uart.o(.text.UartDevicesRegister)
    WiFiBtAppTest                            0x0000200d   Thumb Code   458  app_wifi_bt.o(.text.WiFiBtAppTest)
    WiFiBtDevConnect                         0x000022a9   Thumb Code   516  dev_wifi_bt.o(.text.WiFiBtDevConnect)
    WiFiBtDevConnectWiFi                     0x000024ad   Thumb Code   354  dev_wifi_bt.o(.text.WiFiBtDevConnectWiFi)
    WiFiBtDevEnableDHCP                      0x00002611   Thumb Code    96  dev_wifi_bt.o(.text.WiFiBtDevEnableDHCP)
    WiFiBtDevGetLocalIP                      0x00002671   Thumb Code   156  dev_wifi_bt.o(.text.WiFiBtDevGetLocalIP)
    WiFiBtDevInit                            0x0000270d   Thumb Code   200  dev_wifi_bt.o(.text.WiFiBtDevInit)
    WiFiBtDevRead                            0x000027d5   Thumb Code   142  dev_wifi_bt.o(.text.WiFiBtDevRead)
    WiFiBtDevReset                           0x00002865   Thumb Code    90  dev_wifi_bt.o(.text.WiFiBtDevReset)
    WiFiBtDevSetRPTM                         0x000028c1   Thumb Code    88  dev_wifi_bt.o(.text.WiFiBtDevSetRPTM)
    WiFiBtDevSetWorkType                     0x00002919   Thumb Code    92  dev_wifi_bt.o(.text.WiFiBtDevSetWorkType)
    WiFiBtDevWrite                           0x00002975   Thumb Code   508  dev_wifi_bt.o(.text.WiFiBtDevWrite)
    WiFiNetDataPreDeal                       0x00002b71   Thumb Code   594  dev_wifi_bt.o(.text.WiFiNetDataPreDeal)
    __aeabi_assert                           0x00002e01   Thumb Code    14  bsp_common.o(.text.__aeabi_assert)
    bsp_clock_init                           0x00002e51   Thumb Code   228  bsp_clocks.o(.text.bsp_clock_init)
    bsp_init                                 0x00002f65   Thumb Code     8  bsp_common.o(.text.bsp_init_internal)
    bsp_init_internal                        0x00002f65   Thumb Code     8  bsp_common.o(.text.bsp_init_internal)
    bsp_irq_cfg                              0x00002f6d   Thumb Code   240  bsp_irq.o(.text.bsp_irq_cfg)
    bsp_prv_software_delay_loop              0x00003091   Thumb Code     8  bsp_delay.o(.text.bsp_prv_software_delay_loop)
    fputc                                    0x000031a1   Thumb Code    38  printf.o(.text.fputc)
    hal_entry                                0x000031c9   Thumb Code     8  hal_entry.o(.text.hal_entry)
    main                                     0x000031d1   Thumb Code    20  main.o(.text.main)
    mdelay                                   0x000031e5   Thumb Code    32  delay.o(.text.mdelay)
    sci_uart_eri_isr                         0x00003589   Thumb Code   154  r_sci_uart.o(.text.sci_uart_eri_isr)
    sci_uart_rxi_isr                         0x00003625   Thumb Code   172  r_sci_uart.o(.text.sci_uart_rxi_isr)
    sci_uart_tei_isr                         0x000036d1   Thumb Code    66  r_sci_uart.o(.text.sci_uart_tei_isr)
    sci_uart_txi_isr                         0x00003715   Thumb Code   198  r_sci_uart.o(.text.sci_uart_txi_isr)
    uart6_callback                           0x000037dd   Thumb Code   136  drv_uart.o(.text.uart6_callback)
    uart7_callback                           0x00003865   Thumb Code   110  drv_uart.o(.text.uart7_callback)
    __0printf                                0x000038d5   Thumb Code    22  printfa.o(i.__0printf)
    __1printf                                0x000038d5   Thumb Code     0  printfa.o(i.__0printf)
    __2printf                                0x000038d5   Thumb Code     0  printfa.o(i.__0printf)
    __c89printf                              0x000038d5   Thumb Code     0  printfa.o(i.__0printf)
    printf                                   0x000038d5   Thumb Code     0  printfa.o(i.__0printf)
    __0sprintf                               0x000038f5   Thumb Code    34  printfa.o(i.__0sprintf)
    __1sprintf                               0x000038f5   Thumb Code     0  printfa.o(i.__0sprintf)
    __2sprintf                               0x000038f5   Thumb Code     0  printfa.o(i.__0sprintf)
    __c89sprintf                             0x000038f5   Thumb Code     0  printfa.o(i.__0sprintf)
    sprintf                                  0x000038f5   Thumb Code     0  printfa.o(i.__0sprintf)
    free                                     0x0000391d   Thumb Code    76  malloc2.o(i.__free$2region)
    malloc                                   0x0000396d   Thumb Code    92  malloc2.o(i.__malloc$2region)
    g_bsp_pin_cfg                            0x000042ec   Data           8  pin_data.o(.rodata.g_bsp_pin_cfg)
    g_bsp_pin_cfg_data                       0x000042f4   Data          48  pin_data.o(.rodata.g_bsp_pin_cfg_data)
    g_interrupt_event_link_select            0x00004324   Data         384  vector_data.o(.rodata.g_interrupt_event_link_select)
    g_ioport                                 0x000044a4   Data          12  common_data.o(.rodata.g_ioport)
    g_ioport_on_ioport                       0x000044b0   Data          52  r_ioport.o(.rodata.g_ioport_on_ioport)
    g_uart6                                  0x000044ec   Data          12  hal_data.o(.rodata.g_uart6)
    g_uart6_cfg                              0x000044f8   Data          68  hal_data.o(.rodata.g_uart6_cfg)
    g_uart6_cfg_extend                       0x0000453c   Data          40  hal_data.o(.rodata.g_uart6_cfg_extend)
    g_uart7                                  0x00004564   Data          12  hal_data.o(.rodata.g_uart7)
    g_uart7_cfg                              0x00004570   Data          68  hal_data.o(.rodata.g_uart7_cfg)
    g_uart7_cfg_extend                       0x000045b4   Data          40  hal_data.o(.rodata.g_uart7_cfg_extend)
    g_uart_on_sci                            0x000045dc   Data          36  r_sci_uart.o(.rodata.g_uart_on_sci)
    Load$$DATA$$Base                         0x0000491c   Number         0  anon$$obj.o ABSOLUTE
    Image$$__tz_FLASH_C$$Base                0x00009000   Number         0  anon$$obj.o ABSOLUTE
    Image$$__tz_FLASH_N$$Base                0x00010000   Number         0  anon$$obj.o ABSOLUTE
    Image$$__tz_DATA_FLASH_N$$Base           0x08000000   Number         0  anon$$obj.o ABSOLUTE
    Image$$__tz_DATA_FLASH_S$$Base           0x08000000   Number         0  anon$$obj.o ABSOLUTE
    Image$$DATA$$Base                        0x20000000   Number         0  anon$$obj.o ABSOLUTE
    Image$$__tz_RAM_S$$Base                  0x20000000   Number         0  anon$$obj.o ABSOLUTE
    __microlib_freelist                      0x20000000   Data           4  mvars.o(.data)
    __microlib_freelist_initialised          0x20000004   Data           4  mvars.o(.data)
    g_uart6_baud_setting                     0x20000058   Data           4  hal_data.o(.data.g_uart6_baud_setting)
    g_uart7_baud_setting                     0x2000005c   Data           4  hal_data.o(.data.g_uart7_baud_setting)
    Image$$BSS$$ZI$$Base                     0x20000060   Number         0  anon$$obj.o ABSOLUTE
    SystemCoreClock                          0x20000060   Data           4  system.o(.bss.SystemCoreClock)
    __stdout                                 0x2000006c   Data          84  printf.o(.bss.__stdout)
    g_bsp_group_irq_sources                  0x200001e4   Data          64  bsp_group_irq.o(.bss.g_bsp_group_irq_sources)
    g_ioport_ctrl                            0x20000224   Data           8  common_data.o(.bss.g_ioport_ctrl)
    g_protect_counters                       0x2000022c   Data           8  bsp_register_protection.o(.bss.g_protect_counters)
    g_protect_pfswe_counter                  0x20000234   Data           4  bsp_io.o(.bss.g_protect_pfswe_counter)
    g_uart6_ctrl                             0x20000238   Data          48  hal_data.o(.bss.g_uart6_ctrl)
    g_uart7_ctrl                             0x20000268   Data          48  hal_data.o(.bss.g_uart7_ctrl)
    gp_renesas_isr_context                   0x20000298   Data         384  bsp_irq.o(.bss.gp_renesas_isr_context)
    Image$$ARM_LIB_HEAP$$ZI$$Base            0x20000438   Number         0  anon$$obj.o ABSOLUTE
    Image$$ARM_LIB_HEAP$$ZI$$Limit           0x20002438   Number         0  anon$$obj.o ABSOLUTE
    Image$$__tz_RAM_C$$Base                  0x20080000   Number         0  anon$$obj.o ABSOLUTE
    Image$$__tz_RAM_N$$Base                  0x20080000   Number         0  anon$$obj.o ABSOLUTE



==============================================================================

Memory Map of the image

  Image Entry point : 0x000013dd

  Load Region LOAD_REGION_FLASH (Base: 0x00000000, Size: 0x00004980, Max: 0x00100000, ABSOLUTE)

    Execution Region __tz_FLASH_S (Exec base: 0x00000000, Load base: 0x00000000, Size: 0x00000000, Max: 0x00000000, ABSOLUTE)

    Exec Addr    Load Addr    Size         Type   Attr      Idx    E Section Name        Object

    0x00000000        -       0x00000000   Zero   RW            1    __tz_FLASH_S.bss    anon$$obj.o


    Execution Region VECTORS (Exec base: 0x00000000, Load base: 0x00000000, Size: 0x000001c0, Max: 0xffffffff, ABSOLUTE, FIXED)

    Exec Addr    Load Addr    Size         Type   Attr      Idx    E Section Name        Object

    0x00000000   0x00000000   0x00000040   Data   RO          258    .fixed_vectors      startup.o
    0x00000040   0x00000040   0x00000180   Data   RO          591    .application_vectors  vector_data.o


    Execution Region MCUBOOT_SCE9_KEY (Exec base: 0x000001c0, Load base: 0x000001c0, Size: 0x00000000, Max: 0xffffffff, ABSOLUTE, FIXED)

    **** No section assigned to this execution region ****


    Execution Region INIT_ARRAY (Exec base: 0x000001c0, Load base: 0x000001c0, Size: 0x00000000, Max: 0xffffffff, ABSOLUTE, FIXED)

    **** No section assigned to this execution region ****


    Execution Region USB_DESC_FS (Exec base: 0x000001c0, Load base: 0x000001c0, Size: 0x00000000, Max: 0xffffffff, ABSOLUTE, FIXED)

    **** No section assigned to this execution region ****


    Execution Region RO_CODE_DATA (Exec base: 0x000001c0, Load base: 0x000001c0, Size: 0x0000475c, Max: 0xffffffff, ABSOLUTE, FIXED)

    Exec Addr    Load Addr    Size         Type   Attr      Idx    E Section Name        Object

    0x000001c0   0x000001c0   0x00000024   Code   RO          601    .text               mc_w.l(memcpya.o)
    0x000001e4   0x000001e4   0x00000024   Code   RO          603    .text               mc_w.l(memseta.o)
    0x00000208   0x00000208   0x00000024   Code   RO          605    .text               mc_w.l(strstr.o)
    0x0000022c   0x0000022c   0x0000000e   Code   RO          607    .text               mc_w.l(strlen.o)
    0x0000023a   0x0000023a   0x0000002c   Code   RO          676    .text               mc_w.l(uidiv.o)
    0x00000266   0x00000266   0x00000062   Code   RO          678    .text               mc_w.l(uldiv.o)
    0x000002c8   0x000002c8   0x00000000   Code   RO          682    .text               mc_w.l(iusefp.o)
    0x000002c8   0x000002c8   0x0000014e   Code   RO          683    .text               mf_w.l(dadd.o)
    0x00000416   0x00000416   0x000000e4   Code   RO          685    .text               mf_w.l(dmul.o)
    0x000004fa   0x000004fa   0x000000de   Code   RO          687    .text               mf_w.l(ddiv.o)
    0x000005d8   0x000005d8   0x00000030   Code   RO          689    .text               mf_w.l(dfixul.o)
    0x00000608   0x00000608   0x00000030   Code   RO          691    .text               mf_w.l(cdrcmple.o)
    0x00000638   0x00000638   0x0000001e   Code   RO          693    .text               mc_w.l(llshl.o)
    0x00000656   0x00000656   0x00000020   Code   RO          695    .text               mc_w.l(llushr.o)
    0x00000676   0x00000676   0x00000024   Code   RO          697    .text               mc_w.l(llsshr.o)
    0x0000069a   0x0000069a   0x000000ba   Code   RO          699    .text               mf_w.l(depilogue.o)
    0x00000754   0x00000754   0x00000004   Code   RO          255    .text.Default_Handler  startup.o
    0x00000758   0x00000758   0x00000072   Code   RO          181    .text.HAL_Delay     drv_systick.o
    0x000007ca   0x000007ca   0x00000002   PAD
    0x000007cc   0x000007cc   0x00000052   Code   RO          348    .text.NMI_Handler   bsp_group_irq.o
    0x0000081e   0x0000081e   0x00000002   PAD
    0x00000820   0x00000820   0x00000040   Code   RO          297    .text.R_BSP_FlashCacheEnable  bsp_clocks.o
    0x00000860   0x00000860   0x0000008a   Code   RO          309    .text.R_BSP_Init_RTC  bsp_clocks.o
    0x000008ea   0x000008ea   0x00000002   PAD
    0x000008ec   0x000008ec   0x00000026   Code   RO          533    .text.R_BSP_IrqCfg  r_sci_uart.o
    0x00000912   0x00000912   0x00000002   PAD
    0x00000914   0x00000914   0x00000032   Code   RO          527    .text.R_BSP_IrqClearPending  r_sci_uart.o
    0x00000946   0x00000946   0x00000002   PAD
    0x00000948   0x00000948   0x0000002e   Code   RO          503    .text.R_BSP_IrqDisable  r_sci_uart.o
    0x00000976   0x00000976   0x00000002   PAD
    0x00000978   0x00000978   0x00000016   Code   RO          501    .text.R_BSP_IrqEnable  r_sci_uart.o
    0x0000098e   0x0000098e   0x00000002   PAD
    0x00000990   0x00000990   0x00000024   Code   RO          529    .text.R_BSP_IrqEnableNoClear  r_sci_uart.o
    0x000009b4   0x000009b4   0x00000024   Code   RO          515    .text.R_BSP_IrqStatusClear  r_sci_uart.o
    0x000009d8   0x000009d8   0x00000066   Code   RO          462    .text.R_BSP_PinAccessDisable  r_ioport.o
    0x00000a3e   0x00000a3e   0x00000002   PAD
    0x00000a40   0x00000a40   0x00000056   Code   RO          458    .text.R_BSP_PinAccessEnable  r_ioport.o
    0x00000a96   0x00000a96   0x00000002   PAD
    0x00000a98   0x00000a98   0x00000026   Code   RO          464    .text.R_BSP_PinRead  r_ioport.o
    0x00000abe   0x00000abe   0x00000002   PAD
    0x00000ac0   0x00000ac0   0x00000072   Code   RO          379    .text.R_BSP_RegisterProtectDisable  bsp_register_protection.o
    0x00000b32   0x00000b32   0x00000002   PAD
    0x00000b34   0x00000b34   0x00000086   Code   RO          377    .text.R_BSP_RegisterProtectEnable  bsp_register_protection.o
    0x00000bba   0x00000bba   0x00000002   PAD
    0x00000bbc   0x00000bbc   0x0000009a   Code   RO          335    .text.R_BSP_SoftwareDelay  bsp_delay.o
    0x00000c56   0x00000c56   0x00000002   PAD
    0x00000c58   0x00000c58   0x0000001a   Code   RO          307    .text.R_BSP_SourceClockHzGet  bsp_clocks.o
    0x00000c72   0x00000c72   0x00000002   PAD
    0x00000c74   0x00000c74   0x00000032   Code   RO          244    .text.R_BSP_WarmStart  hal_entry.o
    0x00000ca6   0x00000ca6   0x00000002   PAD
    0x00000ca8   0x00000ca8   0x0000001a   Code   RO          513    .text.R_FSP_CurrentIrqGet  r_sci_uart.o
    0x00000cc2   0x00000cc2   0x00000002   PAD
    0x00000cc4   0x00000cc4   0x00000016   Code   RO          517    .text.R_FSP_IsrContextGet  r_sci_uart.o
    0x00000cda   0x00000cda   0x00000002   PAD
    0x00000cdc   0x00000cdc   0x0000001a   Code   RO          535    .text.R_FSP_IsrContextSet  r_sci_uart.o
    0x00000cf6   0x00000cf6   0x00000002   PAD
    0x00000cf8   0x00000cf8   0x00000012   Code   RO          430    .text.R_IOPORT_Close  r_ioport.o
    0x00000d0a   0x00000d0a   0x00000002   PAD
    0x00000d0c   0x00000d0c   0x00000024   Code   RO          428    .text.R_IOPORT_Open  r_ioport.o
    0x00000d30   0x00000d30   0x00000038   Code   RO          434    .text.R_IOPORT_PinCfg  r_ioport.o
    0x00000d68   0x00000d68   0x00000058   Code   RO          436    .text.R_IOPORT_PinEventInputRead  r_ioport.o
    0x00000dc0   0x00000dc0   0x00000064   Code   RO          438    .text.R_IOPORT_PinEventOutputWrite  r_ioport.o
    0x00000e24   0x00000e24   0x0000001a   Code   RO          440    .text.R_IOPORT_PinRead  r_ioport.o
    0x00000e3e   0x00000e3e   0x00000002   PAD
    0x00000e40   0x00000e40   0x00000072   Code   RO          442    .text.R_IOPORT_PinWrite  r_ioport.o
    0x00000eb2   0x00000eb2   0x00000002   PAD
    0x00000eb4   0x00000eb4   0x00000014   Code   RO          432    .text.R_IOPORT_PinsCfg  r_ioport.o
    0x00000ec8   0x00000ec8   0x00000060   Code   RO          444    .text.R_IOPORT_PortDirectionSet  r_ioport.o
    0x00000f28   0x00000f28   0x0000002c   Code   RO          446    .text.R_IOPORT_PortEventInputRead  r_ioport.o
    0x00000f54   0x00000f54   0x00000054   Code   RO          448    .text.R_IOPORT_PortEventOutputWrite  r_ioport.o
    0x00000fa8   0x00000fa8   0x0000002a   Code   RO          450    .text.R_IOPORT_PortRead  r_ioport.o
    0x00000fd2   0x00000fd2   0x00000002   PAD
    0x00000fd4   0x00000fd4   0x00000054   Code   RO          452    .text.R_IOPORT_PortWrite  r_ioport.o
    0x00001028   0x00001028   0x00000066   Code   RO          487    .text.R_SCI_UART_Abort  r_sci_uart.o
    0x0000108e   0x0000108e   0x00000002   PAD
    0x00001090   0x00001090   0x0000004a   Code   RO          483    .text.R_SCI_UART_BaudSet  r_sci_uart.o
    0x000010da   0x000010da   0x00000002   PAD
    0x000010dc   0x000010dc   0x00000026   Code   RO          489    .text.R_SCI_UART_CallbackSet  r_sci_uart.o
    0x00001102   0x00001102   0x00000002   PAD
    0x00001104   0x00001104   0x0000008c   Code   RO          491    .text.R_SCI_UART_Close  r_sci_uart.o
    0x00001190   0x00001190   0x00000018   Code   RO          485    .text.R_SCI_UART_InfoGet  r_sci_uart.o
    0x000011a8   0x000011a8   0x00000184   Code   RO          477    .text.R_SCI_UART_Open  r_sci_uart.o
    0x0000132c   0x0000132c   0x00000022   Code   RO          479    .text.R_SCI_UART_Read  r_sci_uart.o
    0x0000134e   0x0000134e   0x00000002   PAD
    0x00001350   0x00001350   0x0000001c   Code   RO          493    .text.R_SCI_UART_ReadStop  r_sci_uart.o
    0x0000136c   0x0000136c   0x00000070   Code   RO          481    .text.R_SCI_UART_Write  r_sci_uart.o
    0x000013dc   0x000013dc   0x0000000e   Code   RO          253  * .text.Reset_Handler  startup.o
    0x000013ea   0x000013ea   0x00000002   PAD
    0x000013ec   0x000013ec   0x00000052   Code   RO          217    .text.RingBufferClear  ring_buffer.o
    0x0000143e   0x0000143e   0x00000002   PAD
    0x00001440   0x00001440   0x00000056   Code   RO          219    .text.RingBufferFree  ring_buffer.o
    0x00001496   0x00001496   0x00000002   PAD
    0x00001498   0x00001498   0x000000ba   Code   RO          211    .text.RingBufferNew  ring_buffer.o
    0x00001552   0x00001552   0x00000002   PAD
    0x00001554   0x00001554   0x000000bc   Code   RO          215    .text.RingBufferRead  ring_buffer.o
    0x00001610   0x00001610   0x00000110   Code   RO          213    .text.RingBufferWrite  ring_buffer.o
    0x00001720   0x00001720   0x00000052   Code   RO          183    .text.SysTick_Config  drv_systick.o
    0x00001772   0x00001772   0x00000002   PAD
    0x00001774   0x00001774   0x00000010   Code   RO          177    .text.SysTick_Handler  drv_systick.o
    0x00001784   0x00001784   0x0000003a   Code   RO          285    .text.SystemCoreClockUpdate  bsp_clocks.o
    0x000017be   0x000017be   0x00000002   PAD
    0x000017c0   0x000017c0   0x00000110   Code   RO          267    .text.SystemInit    system.o
    0x000018d0   0x000018d0   0x0000004e   Code   RO          179    .text.SystickInit   drv_systick.o
    0x0000191e   0x0000191e   0x00000002   PAD
    0x00001920   0x00001920   0x0000001c   Code   RO          175    .text.SystickTimerDevicesCreate  drv_systick.o
    0x0000193c   0x0000193c   0x000001ae   Code   RO           82    .text.TCP_Connect   dev_wifi_bt.o
    0x00001aea   0x00001aea   0x00000002   PAD
    0x00001aec   0x00001aec   0x00000056   Code   RO           84    .text.TCP_Data      dev_wifi_bt.o
    0x00001b42   0x00001b42   0x00000002   PAD
    0x00001b44   0x00001b44   0x00000042   Code   RO          132    .text.TimerDeviceFind  dev_timer.o
    0x00001b86   0x00001b86   0x00000002   PAD
    0x00001b88   0x00001b88   0x00000038   Code   RO          130    .text.TimerDeviceInsert  dev_timer.o
    0x00001bc0   0x00001bc0   0x0000004c   Code   RO          128    .text.TimerDeviceList  dev_timer.o
    0x00001c0c   0x00001c0c   0x0000000c   Code   RO          126    .text.TimerDevicesRegister  dev_timer.o
    0x00001c18   0x00001c18   0x00000022   Code   RO          155    .text.UART6WaitTxCplt  drv_uart.o
    0x00001c3a   0x00001c3a   0x00000002   PAD
    0x00001c3c   0x00001c3c   0x00000022   Code   RO          159    .text.UART7WaitRxCplt  drv_uart.o
    0x00001c5e   0x00001c5e   0x00000002   PAD
    0x00001c60   0x00001c60   0x00000022   Code   RO          157    .text.UART7WaitTxCplt  drv_uart.o
    0x00001c82   0x00001c82   0x00000002   PAD
    0x00001c84   0x00001c84   0x000000de   Code   RO          149    .text.UARTDrvInit   drv_uart.o
    0x00001d62   0x00001d62   0x00000002   PAD
    0x00001d64   0x00001d64   0x000000c2   Code   RO          153    .text.UARTDrvRead   drv_uart.o
    0x00001e26   0x00001e26   0x00000002   PAD
    0x00001e28   0x00001e28   0x000000e6   Code   RO          151    .text.UARTDrvWrite  drv_uart.o
    0x00001f0e   0x00001f0e   0x00000002   PAD
    0x00001f10   0x00001f10   0x00000042   Code   RO          115    .text.UartDeviceFind  dev_uart.o
    0x00001f52   0x00001f52   0x00000002   PAD
    0x00001f54   0x00001f54   0x00000038   Code   RO          113    .text.UartDeviceInsert  dev_uart.o
    0x00001f8c   0x00001f8c   0x0000004c   Code   RO          111    .text.UartDeviceList  dev_uart.o
    0x00001fd8   0x00001fd8   0x00000028   Code   RO          143    .text.UartDevicesCreate  drv_uart.o
    0x00002000   0x00002000   0x0000000c   Code   RO          109    .text.UartDevicesRegister  dev_uart.o
    0x0000200c   0x0000200c   0x000001ca   Code   RO           40    .text.WiFiBtAppTest  app_wifi_bt.o
    0x000021d6   0x000021d6   0x00000002   PAD
    0x000021d8   0x000021d8   0x000000d0   Code   RO           60    .text.WiFiBtDevCmdRet  dev_wifi_bt.o
    0x000022a8   0x000022a8   0x00000204   Code   RO           74    .text.WiFiBtDevConnect  dev_wifi_bt.o
    0x000024ac   0x000024ac   0x00000162   Code   RO           68    .text.WiFiBtDevConnectWiFi  dev_wifi_bt.o
    0x0000260e   0x0000260e   0x00000002   PAD
    0x00002610   0x00002610   0x00000060   Code   RO           56    .text.WiFiBtDevEnableDHCP  dev_wifi_bt.o
    0x00002670   0x00002670   0x0000009c   Code   RO           72    .text.WiFiBtDevGetLocalIP  dev_wifi_bt.o
    0x0000270c   0x0000270c   0x000000c8   Code   RO           50    .text.WiFiBtDevInit  dev_wifi_bt.o
    0x000027d4   0x000027d4   0x0000008e   Code   RO           80    .text.WiFiBtDevRead  dev_wifi_bt.o
    0x00002862   0x00002862   0x00000002   PAD
    0x00002864   0x00002864   0x0000005a   Code   RO           52    .text.WiFiBtDevReset  dev_wifi_bt.o
    0x000028be   0x000028be   0x00000002   PAD
    0x000028c0   0x000028c0   0x00000058   Code   RO           62    .text.WiFiBtDevSetRPTM  dev_wifi_bt.o
    0x00002918   0x00002918   0x0000005c   Code   RO           54    .text.WiFiBtDevSetWorkType  dev_wifi_bt.o
    0x00002974   0x00002974   0x000001fc   Code   RO           78    .text.WiFiBtDevWrite  dev_wifi_bt.o
    0x00002b70   0x00002b70   0x00000252   Code   RO           58    .text.WiFiNetDataPreDeal  dev_wifi_bt.o
    0x00002dc2   0x00002dc2   0x00000002   PAD
    0x00002dc4   0x00002dc4   0x0000003a   Code   RO          185    .text.__NVIC_SetPriority  drv_systick.o
    0x00002dfe   0x00002dfe   0x00000002   PAD
    0x00002e00   0x00002e00   0x0000000e   Code   RO          323    .text.__aeabi_assert  bsp_common.o
    0x00002e0e   0x00002e0e   0x00000002   PAD
    0x00002e10   0x00002e10   0x00000040   Code   RO          299    .text.bsp_clock_freq_var_init  bsp_clocks.o
    0x00002e50   0x00002e50   0x000000e4   Code   RO          295    .text.bsp_clock_init  bsp_clocks.o
    0x00002f34   0x00002f34   0x0000002e   Code   RO          350    .text.bsp_group_irq_call  bsp_group_irq.o
    0x00002f62   0x00002f62   0x00000002   PAD
    0x00002f64   0x00002f64   0x00000008   Code   RO          319    .text.bsp_init_internal  bsp_common.o
    0x00002f6c   0x00002f6c   0x000000f0   Code   RO          367    .text.bsp_irq_cfg   bsp_irq.o
    0x0000305c   0x0000305c   0x00000032   Code   RO          301    .text.bsp_prv_clock_set_hard_reset  bsp_clocks.o
    0x0000308e   0x0000308e   0x00000002   PAD
    0x00003090   0x00003090   0x00000008   Code   RO          337    .text.bsp_prv_software_delay_loop  bsp_delay.o
    0x00003098   0x00003098   0x00000106   Code   RO          456    .text.bsp_vbatt_init  r_ioport.o
    0x0000319e   0x0000319e   0x00000002   PAD
    0x000031a0   0x000031a0   0x00000026   Code   RO          229    .text.fputc         printf.o
    0x000031c6   0x000031c6   0x00000002   PAD
    0x000031c8   0x000031c8   0x00000008   Code   RO          242    .text.hal_entry     hal_entry.o
    0x000031d0   0x000031d0   0x00000014   Code   RO          575    .text.main          main.o
    0x000031e4   0x000031e4   0x00000020   Code   RO          199    .text.mdelay        delay.o
    0x00003204   0x00003204   0x00000078   Code   RO          466    .text.r_ioport_hw_pin_event_output_data_write  r_ioport.o
    0x0000327c   0x0000327c   0x00000066   Code   RO          460    .text.r_ioport_pfs_write  r_ioport.o
    0x000032e2   0x000032e2   0x00000002   PAD
    0x000032e4   0x000032e4   0x00000056   Code   RO          454    .text.r_ioport_pins_config  r_ioport.o
    0x0000333a   0x0000333a   0x00000002   PAD
    0x0000333c   0x0000333c   0x00000028   Code   RO          531    .text.r_sci_irq_cfg  r_sci_uart.o
    0x00003364   0x00003364   0x00000040   Code   RO          495    .text.r_sci_irqs_cfg  r_sci_uart.o
    0x000033a4   0x000033a4   0x00000008   Code   RO          497    .text.r_sci_negate_de_pin  r_sci_uart.o
    0x000033ac   0x000033ac   0x00000044   Code   RO          505    .text.r_sci_uart_baud_set  r_sci_uart.o
    0x000033f0   0x000033f0   0x0000007c   Code   RO          519    .text.r_sci_uart_call_callback  r_sci_uart.o
    0x0000346c   0x0000346c   0x0000011c   Code   RO          499    .text.r_sci_uart_config_set  r_sci_uart.o
    0x00003588   0x00003588   0x0000009a   Code   RO          525    .text.sci_uart_eri_isr  r_sci_uart.o
    0x00003622   0x00003622   0x00000002   PAD
    0x00003624   0x00003624   0x000000ac   Code   RO          521    .text.sci_uart_rxi_isr  r_sci_uart.o
    0x000036d0   0x000036d0   0x00000042   Code   RO          523    .text.sci_uart_tei_isr  r_sci_uart.o
    0x00003712   0x00003712   0x00000002   PAD
    0x00003714   0x00003714   0x000000c6   Code   RO          511    .text.sci_uart_txi_isr  r_sci_uart.o
    0x000037da   0x000037da   0x00000002   PAD
    0x000037dc   0x000037dc   0x00000088   Code   RO          145    .text.uart6_callback  drv_uart.o
    0x00003864   0x00003864   0x0000006e   Code   RO          147    .text.uart7_callback  drv_uart.o
    0x000038d2   0x000038d2   0x00000002   PAD
    0x000038d4   0x000038d4   0x00000020   Code   RO          612    i.__0printf         mc_w.l(printfa.o)
    0x000038f4   0x000038f4   0x00000028   Code   RO          614    i.__0sprintf        mc_w.l(printfa.o)
    0x0000391c   0x0000391c   0x00000050   Code   RO          639    i.__free$2region    mc_w.l(malloc2.o)
    0x0000396c   0x0000396c   0x0000006c   Code   RO          640    i.__malloc$2region  mc_w.l(malloc2.o)
    0x000039d8   0x000039d8   0x00000184   Code   RO          619    i._fp_digits        mc_w.l(printfa.o)
    0x00003b5c   0x00003b5c   0x000006dc   Code   RO          620    i._printf_core      mc_w.l(printfa.o)
    0x00004238   0x00004238   0x00000024   Code   RO          621    i._printf_post_padding  mc_w.l(printfa.o)
    0x0000425c   0x0000425c   0x0000002e   Code   RO          622    i._printf_pre_padding  mc_w.l(printfa.o)
    0x0000428a   0x0000428a   0x0000000a   Code   RO          624    i._sputc            mc_w.l(printfa.o)
    0x00004294   0x00004294   0x00000018   Data   RO           43    .rodata..L__const.WiFiBtAppTest.connect  app_wifi_bt.o
    0x000042ac   0x000042ac   0x00000040   Data   RO          101    .rodata.cst32       dev_wifi_bt.o
    0x000042ec   0x000042ec   0x00000008   Data   RO          585    .rodata.g_bsp_pin_cfg  pin_data.o
    0x000042f4   0x000042f4   0x00000030   Data   RO          584    .rodata.g_bsp_pin_cfg_data  pin_data.o
    0x00004324   0x00004324   0x00000180   Data   RO          592    .rodata.g_interrupt_event_link_select  vector_data.o
    0x000044a4   0x000044a4   0x0000000c   Data   RO          550    .rodata.g_ioport    common_data.o
    0x000044b0   0x000044b0   0x00000034   Data   RO          468    .rodata.g_ioport_on_ioport  r_ioport.o
    0x000044e4   0x000044e4   0x00000008   Data   RO          382    .rodata.g_prcr_masks  bsp_register_protection.o
    0x000044ec   0x000044ec   0x0000000c   Data   RO          563    .rodata.g_uart6     hal_data.o
    0x000044f8   0x000044f8   0x00000044   Data   RO          561    .rodata.g_uart6_cfg  hal_data.o
    0x0000453c   0x0000453c   0x00000028   Data   RO          560    .rodata.g_uart6_cfg_extend  hal_data.o
    0x00004564   0x00004564   0x0000000c   Data   RO          568    .rodata.g_uart7     hal_data.o
    0x00004570   0x00004570   0x00000044   Data   RO          566    .rodata.g_uart7_cfg  hal_data.o
    0x000045b4   0x000045b4   0x00000028   Data   RO          565    .rodata.g_uart7_cfg_extend  hal_data.o
    0x000045dc   0x000045dc   0x00000024   Data   RO          537    .rodata.g_uart_on_sci  r_sci_uart.o
    0x00004600   0x00004600   0x0000000c   Data   RO          469    .rodata.g_vbatt_pins_input  r_ioport.o
    0x0000460c   0x0000460c   0x000000be   Data   RO           42    .rodata.str1.1      app_wifi_bt.o
    0x000046ca   0x000046ca   0x0000015e   Data   RO           92    .rodata.str1.1      dev_wifi_bt.o
    0x00004828   0x00004828   0x0000001c   Data   RO          118    .rodata.str1.1      dev_uart.o
    0x00004844   0x00004844   0x00000017   Data   RO          135    .rodata.str1.1      dev_timer.o
    0x0000485b   0x0000485b   0x00000048   Data   RO          167    .rodata.str1.1      drv_uart.o
    0x000048a3   0x000048a3   0x00000008   Data   RO          189    .rodata.str1.1      drv_systick.o
    0x000048ab   0x000048ab   0x00000021   Data   RO          221    .rodata.str1.1      ring_buffer.o
    0x000048cc   0x000048cc   0x00000004   Data   RO          325    .version            bsp_common.o
    0x000048d0   0x000048d0   0x00000006   Data   RO          326    .version            bsp_common.o
    0x000048d6   0x000048d6   0x00000044   Data   RO          327    .version            bsp_common.o


    Execution Region __tz_RAM_S (Exec base: 0x20000000, Load base: 0x0000491c, Size: 0x00000000, Max: 0x00000000, ABSOLUTE)

    Exec Addr    Load Addr    Size         Type   Attr      Idx    E Section Name        Object

    0x20000000        -       0x00000000   Zero   RW            2    __tz_RAM_S.bss      anon$$obj.o


    Execution Region DTC_VECTOR_TABLE (Exec base: 0x20000000, Load base: 0x0000491c, Size: 0x00000000, Max: 0x00080000, ABSOLUTE, UNINIT)

    **** No section assigned to this execution region ****


    Execution Region DATA (Exec base: 0x20000000, Load base: 0x0000491c, Size: 0x00000060, Max: 0xffffffff, ABSOLUTE)

    Exec Addr    Load Addr    Size         Type   Attr      Idx    E Section Name        Object

    0x20000000   0x0000491c   0x00000004   Data   RW          680    .data               mc_w.l(mvars.o)
    0x20000004   0x00004920   0x00000004   Data   RW          681    .data               mc_w.l(mvars.o)
    0x20000008   0x00004924   0x00000018   Data   RW          161    .data.gLogDevice    drv_uart.o
    0x20000020   0x0000493c   0x00000020   Data   RW          187    .data.gSystickDevice  drv_systick.o
    0x20000040   0x0000495c   0x00000018   Data   RW          162    .data.gWiFiDevice   drv_uart.o
    0x20000058   0x00004974   0x00000004   Data   RW          559    .data.g_uart6_baud_setting  hal_data.o
    0x2000005c   0x00004978   0x00000004   Data   RW          564    .data.g_uart7_baud_setting  hal_data.o


    Execution Region BSS (Exec base: 0x20000060, Load base: 0x0000497c, Size: 0x000003bc, Max: 0xffffffff, ABSOLUTE)

    Exec Addr    Load Addr    Size         Type   Attr      Idx    E Section Name        Object

    0x20000060        -       0x00000004   Zero   RW          271    .bss.SystemCoreClock  system.o
    0x20000064        -       0x00000004   Zero   RW           95    .bss.WiFiNetDataPreDeal.index  dev_wifi_bt.o
    0x20000068        -       0x00000004   Zero   RW           96    .bss.WiFiNetDataPreDeal.status  dev_wifi_bt.o
    0x2000006c        -       0x00000054   Zero   RW          234    .bss.__stdout       printf.o
    0x200000c0        -       0x00000001   Zero   RW          100    .bss.backcnt        dev_wifi_bt.o
    0x200000c1   0x0000497c   0x00000003   PAD
    0x200000c4        -       0x00000004   Zero   RW          188    .bss.dwTick         drv_systick.o
    0x200000c8        -       0x00000004   Zero   RW           99    .bss.gDataLength    dev_wifi_bt.o
    0x200000cc        -       0x00000100   Zero   RW           97    .bss.gDetectBuff    dev_wifi_bt.o
    0x200001cc        -       0x00000004   Zero   RW          134    .bss.gHeadTimerDev  dev_timer.o
    0x200001d0        -       0x00000004   Zero   RW          117    .bss.gHeadUartDev   dev_uart.o
    0x200001d4        -       0x00000004   Zero   RW           94    .bss.gNetBuffer     dev_wifi_bt.o
    0x200001d8        -       0x00000004   Zero   RW           98    .bss.gSocketPort    dev_wifi_bt.o
    0x200001dc        -       0x00000001   Zero   RW          163    .bss.gUart6TxCplt   drv_uart.o
    0x200001dd        -       0x00000001   Zero   RW          165    .bss.gUart7RxCplt   drv_uart.o
    0x200001de        -       0x00000001   Zero   RW          166    .bss.gUart7TxCplt   drv_uart.o
    0x200001df   0x0000497c   0x00000001   PAD
    0x200001e0        -       0x00000004   Zero   RW          164    .bss.gWiFiBuffer    drv_uart.o
    0x200001e4        -       0x00000040   Zero   RW          352    .bss.g_bsp_group_irq_sources  bsp_group_irq.o
    0x20000224        -       0x00000008   Zero   RW          549    .bss.g_ioport_ctrl  common_data.o
    0x2000022c        -       0x00000008   Zero   RW          381    .bss.g_protect_counters  bsp_register_protection.o
    0x20000234        -       0x00000004   Zero   RW          361    .bss.g_protect_pfswe_counter  bsp_io.o
    0x20000238        -       0x00000030   Zero   RW          562    .bss.g_uart6_ctrl   hal_data.o
    0x20000268        -       0x00000030   Zero   RW          567    .bss.g_uart7_ctrl   hal_data.o
    0x20000298        -       0x00000180   Zero   RW          370    .bss.gp_renesas_isr_context  bsp_irq.o
    0x20000418        -       0x00000004   Zero   RW           93    .bss.pWiFiBtDev     dev_wifi_bt.o


    Execution Region NOINIT (Exec base: 0x2000041c, Load base: 0x0000497c, Size: 0x0000001c, Max: 0xffffffff, ABSOLUTE, UNINIT)

    Exec Addr    Load Addr    Size         Type   Attr      Idx    E Section Name        Object

    0x2000041c        -       0x0000001c   Zero   RW          311    .bss.noinit         bsp_clocks.o


    Execution Region ARM_LIB_HEAP (Exec base: 0x20000438, Load base: 0x00004980, Size: 0x00002000, Max: 0xffffffff, ABSOLUTE, UNINIT)

    Exec Addr    Load Addr    Size         Type   Attr      Idx    E Section Name        Object

    0x20000438        -       0x00002000   Zero   RW          259    .bss.heap           startup.o


    Execution Region ARM_LIB_STACK (Exec base: 0x20002438, Load base: 0x00004980, Size: 0x00000000, Max: 0x00000000, ABSOLUTE, UNINIT)

    Exec Addr    Load Addr    Size         Type   Attr      Idx    E Section Name        Object

    0x20002438        -       0x00000000   Zero   RW            3    ARM_LIB_STACK.bss   anon$$obj.o


    Execution Region STACK (Exec base: 0x20002438, Load base: 0x00004980, Size: 0x00002000, Max: 0xffffffff, ABSOLUTE, UNINIT)

    Exec Addr    Load Addr    Size         Type   Attr      Idx    E Section Name        Object

    0x20002438        -       0x00002000   Zero   RW          257    .bss.stack          startup.o


    Execution Region RAM_END (Exec base: 0x20004438, Load base: 0x00004980, Size: 0x00000004, Max: 0x00000004, ABSOLUTE)

    Exec Addr    Load Addr    Size         Type   Attr      Idx    E Section Name        Object

    0x20004438        -       0x00000004   Zero   RW            4    RAM_END.bss         anon$$obj.o


    Execution Region __tz_RAM_C (Exec base: 0x20080000, Load base: 0x00004980, Size: 0x00000000, Max: 0x00000000, ABSOLUTE)

    Exec Addr    Load Addr    Size         Type   Attr      Idx    E Section Name        Object

    0x20080000        -       0x00000000   Zero   RW            5    __tz_RAM_C.bss      anon$$obj.o


    Execution Region __tz_RAM_N (Exec base: 0x20080000, Load base: 0x00004980, Size: 0x00000000, Max: 0x00000000, ABSOLUTE)

    Exec Addr    Load Addr    Size         Type   Attr      Idx    E Section Name        Object

    0x20080000        -       0x00000000   Zero   RW            6    __tz_RAM_N.bss      anon$$obj.o


    Execution Region RAM_LIMIT (Exec base: 0x20080000, Load base: 0x00004980, Size: 0x00000004, Max: 0x00000004, ABSOLUTE)

    Exec Addr    Load Addr    Size         Type   Attr      Idx    E Section Name        Object

    0x20080000        -       0x00000004   Zero   RW            7    RAM_LIMIT.bss       anon$$obj.o


    Execution Region OSPI_DEVICE_0_NO_LOAD (Exec base: 0x68000000, Load base: 0x00004980, Size: 0x00000000, Max: 0xffffffff, ABSOLUTE, UNINIT)

    **** No section assigned to this execution region ****


    Execution Region OSPI_DEVICE_1_NO_LOAD (Exec base: 0x70000000, Load base: 0x00004980, Size: 0x00000000, Max: 0xffffffff, ABSOLUTE, UNINIT)

    **** No section assigned to this execution region ****



  Load Region LOAD_REGION_NSC_FLASH (Base: 0x00009000, Size: 0x00000000, Max: 0xffffffff, ABSOLUTE)

    Execution Region __tz_FLASH_C (Exec base: 0x00009000, Load base: 0x00009000, Size: 0x00000000, Max: 0x00000000, ABSOLUTE)

    Exec Addr    Load Addr    Size         Type   Attr      Idx    E Section Name        Object

    0x00009000        -       0x00000000   Zero   RW            8    __tz_FLASH_C.bss    anon$$obj.o


    Execution Region EXEC_NSCR (Exec base: 0x00009000, Load base: 0x00009000, Size: 0x00000000, Max: 0xffffffff, ABSOLUTE, FIXED)

    **** No section assigned to this execution region ****


    Execution Region __tz_FLASH_N (Exec base: 0x00010000, Load base: 0x00009000, Size: 0x00000000, Max: 0x00000000, ABSOLUTE)

    Exec Addr    Load Addr    Size         Type   Attr      Idx    E Section Name        Object

    0x00010000        -       0x00000000   Zero   RW            9    __tz_FLASH_N.bss    anon$$obj.o



  Load Region LOAD_REGION_ID_CODE (Base: 0x00000000, Size: 0x00000000, Max: 0x00000004, ABSOLUTE)

    Execution Region __tz_ID_CODE_S (Exec base: 0x00000000, Load base: 0x00000000, Size: 0x00000000, Max: 0x00000000, ABSOLUTE)

    Exec Addr    Load Addr    Size         Type   Attr      Idx    E Section Name        Object

    0x00000000        -       0x00000000   Zero   RW           10    __tz_ID_CODE_S.bss  anon$$obj.o


    Execution Region __tz_ID_CODE_N (Exec base: 0x00000000, Load base: 0x00000000, Size: 0x00000000, Max: 0x00000000, ABSOLUTE)

    Exec Addr    Load Addr    Size         Type   Attr      Idx    E Section Name        Object

    0x00000000        -       0x00000000   Zero   RW           11    __tz_ID_CODE_N.bss  anon$$obj.o



  Load Region LOAD_REGION_OPTION_SETTING (Base: 0x0100a100, Size: 0x00000080, Max: 0x00000100, ABSOLUTE)

    Execution Region __tz_OPTION_SETTING_S (Exec base: 0x0100a100, Load base: 0x0100a100, Size: 0x00000000, Max: 0x00000000, ABSOLUTE)

    Exec Addr    Load Addr    Size         Type   Attr      Idx    E Section Name        Object

    0x0100a100        -       0x00000000   Zero   RW           12    __tz_OPTION_SETTING_S.bss  anon$$obj.o


    Execution Region OFS0 (Exec base: 0x0100a100, Load base: 0x0100a100, Size: 0x00000004, Max: 0xffffffff, ABSOLUTE, FIXED)

    Exec Addr    Load Addr    Size         Type   Attr      Idx    E Section Name        Object

    0x0100a100   0x0100a100   0x00000004   Data   RO          390    .option_setting_ofs0  bsp_rom_registers.o


    Execution Region UNUSED_0 (Exec base: 0x0100a104, Load base: 0x0100a104, Size: 0x00000000, Max: 0x00000000, ABSOLUTE, FIXED)

    Exec Addr    Load Addr    Size         Type   Attr      Idx    E Section Name        Object

    0x0100a104        -       0x00000000   Zero   RW           13    UNUSED_0.bss        anon$$obj.o


    Execution Region OFS2 (Exec base: 0x0100a104, Load base: 0x0100a104, Size: 0x00000000, Max: 0xffffffff, ABSOLUTE, FIXED)

    **** No section assigned to this execution region ****


    Execution Region UNUSED_1 (Exec base: 0x0100a104, Load base: 0x0100a104, Size: 0x0000000c, Max: 0x0000000c, ABSOLUTE, FIXED)

    Exec Addr    Load Addr    Size         Type   Attr      Idx    E Section Name        Object

    0x0100a104        -       0x0000000c   Zero   RW           14    UNUSED_1.bss        anon$$obj.o


    Execution Region DUALSEL (Exec base: 0x0100a110, Load base: 0x0100a110, Size: 0x00000004, Max: 0xffffffff, ABSOLUTE, FIXED)

    Exec Addr    Load Addr    Size         Type   Attr      Idx    E Section Name        Object

    0x0100a110   0x0100a110   0x00000004   Data   RO          391    .option_setting_dualsel  bsp_rom_registers.o


    Execution Region UNUSED_2 (Exec base: 0x0100a114, Load base: 0x0100a114, Size: 0x00000020, Max: 0x00000020, ABSOLUTE, FIXED)

    Exec Addr    Load Addr    Size         Type   Attr      Idx    E Section Name        Object

    0x0100a114        -       0x00000020   Zero   RW           15    UNUSED_2.bss        anon$$obj.o


    Execution Region SAS (Exec base: 0x0100a134, Load base: 0x0100a134, Size: 0x00000004, Max: 0xffffffff, ABSOLUTE, FIXED)

    Exec Addr    Load Addr    Size         Type   Attr      Idx    E Section Name        Object

    0x0100a134   0x0100a134   0x00000004   Data   RO          392    .option_setting_sas  bsp_rom_registers.o


    Execution Region UNUSED_3 (Exec base: 0x0100a138, Load base: 0x0100a138, Size: 0x00000048, Max: 0x00000048, ABSOLUTE, FIXED)

    Exec Addr    Load Addr    Size         Type   Attr      Idx    E Section Name        Object

    0x0100a138        -       0x00000048   Zero   RW           16    UNUSED_3.bss        anon$$obj.o


    Execution Region __tz_OPTION_SETTING_N (Exec base: 0x0100a180, Load base: 0x0100a180, Size: 0x00000000, Max: 0x00000000, ABSOLUTE)

    Exec Addr    Load Addr    Size         Type   Attr      Idx    E Section Name        Object

    0x0100a180        -       0x00000000   Zero   RW           17    __tz_OPTION_SETTING_N.bss  anon$$obj.o



  Load Region LOAD_REGION_OPTION_SETTING_S (Base: 0x0100a200, Size: 0x00000100, Max: 0x00000100, ABSOLUTE)

    Execution Region __tz_OPTION_SETTING_S_S (Exec base: 0x0100a200, Load base: 0x0100a200, Size: 0x00000000, Max: 0x00000000, ABSOLUTE)

    Exec Addr    Load Addr    Size         Type   Attr      Idx    E Section Name        Object

    0x0100a200        -       0x00000000   Zero   RW           18    __tz_OPTION_SETTING_S_S.bss  anon$$obj.o


    Execution Region OFS1_SEC (Exec base: 0x0100a200, Load base: 0x0100a200, Size: 0x00000004, Max: 0xffffffff, ABSOLUTE, FIXED)

    Exec Addr    Load Addr    Size         Type   Attr      Idx    E Section Name        Object

    0x0100a200   0x0100a200   0x00000004   Data   RO          393    .option_setting_ofs1_sec  bsp_rom_registers.o


    Execution Region UNUSED_7 (Exec base: 0x0100a204, Load base: 0x0100a204, Size: 0x00000000, Max: 0x00000000, ABSOLUTE, FIXED)

    Exec Addr    Load Addr    Size         Type   Attr      Idx    E Section Name        Object

    0x0100a204        -       0x00000000   Zero   RW           19    UNUSED_7.bss        anon$$obj.o


    Execution Region OFS3_SEC (Exec base: 0x0100a204, Load base: 0x0100a204, Size: 0x00000000, Max: 0xffffffff, ABSOLUTE, FIXED)

    **** No section assigned to this execution region ****


    Execution Region UNUSED_8 (Exec base: 0x0100a204, Load base: 0x0100a204, Size: 0x0000000c, Max: 0x0000000c, ABSOLUTE, FIXED)

    Exec Addr    Load Addr    Size         Type   Attr      Idx    E Section Name        Object

    0x0100a204        -       0x0000000c   Zero   RW           20    UNUSED_8.bss        anon$$obj.o


    Execution Region BANKSEL_SEC (Exec base: 0x0100a210, Load base: 0x0100a210, Size: 0x00000004, Max: 0xffffffff, ABSOLUTE, FIXED)

    Exec Addr    Load Addr    Size         Type   Attr      Idx    E Section Name        Object

    0x0100a210   0x0100a210   0x00000004   Data   RO          394    .option_setting_banksel_sec  bsp_rom_registers.o


    Execution Region UNUSED_9 (Exec base: 0x0100a214, Load base: 0x0100a214, Size: 0x0000002c, Max: 0x0000002c, ABSOLUTE, FIXED)

    Exec Addr    Load Addr    Size         Type   Attr      Idx    E Section Name        Object

    0x0100a214        -       0x0000002c   Zero   RW           21    UNUSED_9.bss        anon$$obj.o


    Execution Region BPS_SEC (Exec base: 0x0100a240, Load base: 0x0100a240, Size: 0x00000010, Max: 0xffffffff, ABSOLUTE, FIXED)

    Exec Addr    Load Addr    Size         Type   Attr      Idx    E Section Name        Object

    0x0100a240   0x0100a240   0x00000004   Data   RO          395    .option_setting_bps_sec0  bsp_rom_registers.o
    0x0100a244   0x0100a244   0x00000004   Data   RO          396    .option_setting_bps_sec1  bsp_rom_registers.o
    0x0100a248   0x0100a248   0x00000004   Data   RO          397    .option_setting_bps_sec2  bsp_rom_registers.o
    0x0100a24c   0x0100a24c   0x00000004   Data   RO          398    .option_setting_bps_sec3  bsp_rom_registers.o


    Execution Region UNUSED_10 (Exec base: 0x0100a250, Load base: 0x0100a250, Size: 0x00000010, Max: 0x00000010, ABSOLUTE, FIXED)

    Exec Addr    Load Addr    Size         Type   Attr      Idx    E Section Name        Object

    0x0100a250        -       0x00000010   Zero   RW           22    UNUSED_10.bss       anon$$obj.o


    Execution Region PBPS_SEC (Exec base: 0x0100a260, Load base: 0x0100a260, Size: 0x00000010, Max: 0xffffffff, ABSOLUTE, FIXED)

    Exec Addr    Load Addr    Size         Type   Attr      Idx    E Section Name        Object

    0x0100a260   0x0100a260   0x00000004   Data   RO          399    .option_setting_pbps_sec0  bsp_rom_registers.o
    0x0100a264   0x0100a264   0x00000004   Data   RO          400    .option_setting_pbps_sec1  bsp_rom_registers.o
    0x0100a268   0x0100a268   0x00000004   Data   RO          401    .option_setting_pbps_sec2  bsp_rom_registers.o
    0x0100a26c   0x0100a26c   0x00000004   Data   RO          402    .option_setting_pbps_sec3  bsp_rom_registers.o


    Execution Region UNUSED_11 (Exec base: 0x0100a270, Load base: 0x0100a270, Size: 0x00000010, Max: 0x00000010, ABSOLUTE, FIXED)

    Exec Addr    Load Addr    Size         Type   Attr      Idx    E Section Name        Object

    0x0100a270        -       0x00000010   Zero   RW           23    UNUSED_11.bss       anon$$obj.o


    Execution Region OFS1_SEL (Exec base: 0x0100a280, Load base: 0x0100a280, Size: 0x00000004, Max: 0xffffffff, ABSOLUTE, FIXED)

    Exec Addr    Load Addr    Size         Type   Attr      Idx    E Section Name        Object

    0x0100a280   0x0100a280   0x00000004   Data   RO          403    .option_setting_ofs1_sel  bsp_rom_registers.o


    Execution Region UNUSED_12 (Exec base: 0x0100a284, Load base: 0x0100a284, Size: 0x00000000, Max: 0x00000000, ABSOLUTE, FIXED)

    Exec Addr    Load Addr    Size         Type   Attr      Idx    E Section Name        Object

    0x0100a284        -       0x00000000   Zero   RW           24    UNUSED_12.bss       anon$$obj.o


    Execution Region OFS3_SEL (Exec base: 0x0100a284, Load base: 0x0100a284, Size: 0x00000000, Max: 0xffffffff, ABSOLUTE, FIXED)

    **** No section assigned to this execution region ****


    Execution Region UNUSED_13 (Exec base: 0x0100a284, Load base: 0x0100a284, Size: 0x0000000c, Max: 0x0000000c, ABSOLUTE, FIXED)

    Exec Addr    Load Addr    Size         Type   Attr      Idx    E Section Name        Object

    0x0100a284        -       0x0000000c   Zero   RW           25    UNUSED_13.bss       anon$$obj.o


    Execution Region BANKSEL_SEL (Exec base: 0x0100a290, Load base: 0x0100a290, Size: 0x00000004, Max: 0xffffffff, ABSOLUTE, FIXED)

    Exec Addr    Load Addr    Size         Type   Attr      Idx    E Section Name        Object

    0x0100a290   0x0100a290   0x00000004   Data   RO          404    .option_setting_banksel_sel  bsp_rom_registers.o


    Execution Region UNUSED_14 (Exec base: 0x0100a294, Load base: 0x0100a294, Size: 0x0000002c, Max: 0x0000002c, ABSOLUTE, FIXED)

    Exec Addr    Load Addr    Size         Type   Attr      Idx    E Section Name        Object

    0x0100a294        -       0x0000002c   Zero   RW           26    UNUSED_14.bss       anon$$obj.o


    Execution Region BPS_SEL (Exec base: 0x0100a2c0, Load base: 0x0100a2c0, Size: 0x00000010, Max: 0xffffffff, ABSOLUTE, FIXED)

    Exec Addr    Load Addr    Size         Type   Attr      Idx    E Section Name        Object

    0x0100a2c0   0x0100a2c0   0x00000004   Data   RO          405    .option_setting_bps_sel0  bsp_rom_registers.o
    0x0100a2c4   0x0100a2c4   0x00000004   Data   RO          406    .option_setting_bps_sel1  bsp_rom_registers.o
    0x0100a2c8   0x0100a2c8   0x00000004   Data   RO          407    .option_setting_bps_sel2  bsp_rom_registers.o
    0x0100a2cc   0x0100a2cc   0x00000004   Data   RO          408    .option_setting_bps_sel3  bsp_rom_registers.o


    Execution Region UNUSED_15 (Exec base: 0x0100a2d0, Load base: 0x0100a2d0, Size: 0x00000030, Max: 0x00000030, ABSOLUTE, FIXED)

    Exec Addr    Load Addr    Size         Type   Attr      Idx    E Section Name        Object

    0x0100a2d0        -       0x00000030   Zero   RW           27    UNUSED_15.bss       anon$$obj.o


    Execution Region __tz_OPTION_SETTING_S_N (Exec base: 0x0100a300, Load base: 0x0100a300, Size: 0x00000000, Max: 0x00000000, ABSOLUTE)

    Exec Addr    Load Addr    Size         Type   Attr      Idx    E Section Name        Object

    0x0100a300        -       0x00000000   Zero   RW           28    __tz_OPTION_SETTING_S_N.bss  anon$$obj.o



  Load Region LOAD_REGION_DATA_FLASH (Base: 0x08000000, Size: 0x00000000, Max: 0x00002000, ABSOLUTE)

    Execution Region __tz_DATA_FLASH_S (Exec base: 0x08000000, Load base: 0x08000000, Size: 0x00000000, Max: 0x00000000, ABSOLUTE)

    Exec Addr    Load Addr    Size         Type   Attr      Idx    E Section Name        Object

    0x08000000        -       0x00000000   Zero   RW           29    __tz_DATA_FLASH_S.bss  anon$$obj.o


    Execution Region DATA_FLASH (Exec base: 0x08000000, Load base: 0x08000000, Size: 0x00000000, Max: 0xffffffff, ABSOLUTE)

    **** No section assigned to this execution region ****


    Execution Region __tz_DATA_FLASH_N (Exec base: 0x08000000, Load base: 0x08000000, Size: 0x00000000, Max: 0x00000000, ABSOLUTE)

    Exec Addr    Load Addr    Size         Type   Attr      Idx    E Section Name        Object

    0x08000000        -       0x00000000   Zero   RW           30    __tz_DATA_FLASH_N.bss  anon$$obj.o



  Load Region LOAD_REGION_QSPI_FLASH (Base: 0x60000000, Size: 0x00000000, Max: 0x04000000, ABSOLUTE)

    Execution Region __tz_QSPI_FLASH_S (Exec base: 0x60000000, Load base: 0x60000000, Size: 0x00000000, Max: 0x00000000, ABSOLUTE)

    Exec Addr    Load Addr    Size         Type   Attr      Idx    E Section Name        Object

    0x60000000        -       0x00000000   Zero   RW           31    __tz_QSPI_FLASH_S.bss  anon$$obj.o


    Execution Region QSPI_FLASH (Exec base: 0x60000000, Load base: 0x60000000, Size: 0x00000000, Max: 0xffffffff, ABSOLUTE, FIXED)

    **** No section assigned to this execution region ****


    Execution Region __tz_QSPI_FLASH_N (Exec base: 0x60000000, Load base: 0x60000000, Size: 0x00000000, Max: 0x00000000, ABSOLUTE)

    Exec Addr    Load Addr    Size         Type   Attr      Idx    E Section Name        Object

    0x60000000        -       0x00000000   Zero   RW           32    __tz_QSPI_FLASH_N.bss  anon$$obj.o



  Load Region LOAD_REGION_OSPI_DEVICE_0 (Base: 0x68000000, Size: 0x00000000, Max: 0x08000000, ABSOLUTE)

    Execution Region __tz_OSPI_DEVICE_0_S (Exec base: 0x68000000, Load base: 0x68000000, Size: 0x00000000, Max: 0x00000000, ABSOLUTE)

    Exec Addr    Load Addr    Size         Type   Attr      Idx    E Section Name        Object

    0x68000000        -       0x00000000   Zero   RW           33    __tz_OSPI_DEVICE_0_S.bss  anon$$obj.o


    Execution Region OSPI_DEVICE_0 (Exec base: 0x68000000, Load base: 0x68000000, Size: 0x00000000, Max: 0xffffffff, ABSOLUTE, FIXED)

    **** No section assigned to this execution region ****


    Execution Region __tz_OSPI_DEVICE_0_N (Exec base: 0x68000000, Load base: 0x68000000, Size: 0x00000000, Max: 0x00000000, ABSOLUTE)

    Exec Addr    Load Addr    Size         Type   Attr      Idx    E Section Name        Object

    0x68000000        -       0x00000000   Zero   RW           34    __tz_OSPI_DEVICE_0_N.bss  anon$$obj.o



  Load Region LOAD_REGION_OSPI_DEVICE_1 (Base: 0x70000000, Size: 0x00000000, Max: 0x10000000, ABSOLUTE)

    Execution Region __tz_OSPI_DEVICE_1_S (Exec base: 0x70000000, Load base: 0x70000000, Size: 0x00000000, Max: 0x00000000, ABSOLUTE)

    Exec Addr    Load Addr    Size         Type   Attr      Idx    E Section Name        Object

    0x70000000        -       0x00000000   Zero   RW           35    __tz_OSPI_DEVICE_1_S.bss  anon$$obj.o


    Execution Region OSPI_DEVICE_1 (Exec base: 0x70000000, Load base: 0x70000000, Size: 0x00000000, Max: 0xffffffff, ABSOLUTE, FIXED)

    **** No section assigned to this execution region ****


    Execution Region __tz_OSPI_DEVICE_1_N (Exec base: 0x70000000, Load base: 0x70000000, Size: 0x00000000, Max: 0x00000000, ABSOLUTE)

    Exec Addr    Load Addr    Size         Type   Attr      Idx    E Section Name        Object

    0x70000000        -       0x00000000   Zero   RW           36    __tz_OSPI_DEVICE_1_N.bss  anon$$obj.o



  Load Region LOAD_REGION_SDRAM (Base: 0x80010000, Size: 0x00000000, Max: 0x00000000, ABSOLUTE)

    Execution Region __tz_SDRAM_S (Exec base: 0x80010000, Load base: 0x80010000, Size: 0x00000000, Max: 0x00000000, ABSOLUTE)

    Exec Addr    Load Addr    Size         Type   Attr      Idx    E Section Name        Object

    0x80010000        -       0x00000000   Zero   RW           37    __tz_SDRAM_S.bss    anon$$obj.o


    Execution Region SDRAM (Exec base: 0x80010000, Load base: 0x80010000, Size: 0x00000000, Max: 0xffffffff, ABSOLUTE, FIXED)

    **** No section assigned to this execution region ****


    Execution Region __tz_SDRAM_N (Exec base: 0x80010000, Load base: 0x80010000, Size: 0x00000000, Max: 0x00000000, ABSOLUTE)

    Exec Addr    Load Addr    Size         Type   Attr      Idx    E Section Name        Object

    0x80010000        -       0x00000000   Zero   RW           38    __tz_SDRAM_N.bss    anon$$obj.o


==============================================================================

Image component sizes


      Code (inc. data)   RO Data    RW Data    ZI Data      Debug   Object Name

       458          0        214          0          0       1689   app_wifi_bt.o
       628          0          0          0         28      32297   bsp_clocks.o
        22          0         78          0          0       9584   bsp_common.o
       162          0          0          0          0       1330   bsp_delay.o
       128          0          0          0         64      13620   bsp_group_irq.o
         0          0          0          0          4        511   bsp_io.o
       240          0          0          0        384      17319   bsp_irq.o
       248          0          8          0          8      21442   bsp_register_protection.o
         0          0         76          0          0       1174   bsp_rom_registers.o
         0          0         12          0          8      17459   common_data.o
        32          0          0          0          0       1413   delay.o
       210          0         23          0          4       1545   dev_timer.o
       210          0         28          0          4       1490   dev_uart.o
      3560          6        414          0        281       9012   dev_wifi_bt.o
       376          0          8         32          4       4331   drv_systick.o
      1034          0         72         48          7      11768   drv_uart.o
         0          0        240          8         96      30280   hal_data.o
        58          0          0          0          0        821   hal_entry.o
        20          0          0          0          0        439   main.o
         0          0         56          0          0       7984   pin_data.o
        38          0          0          0         84       1414   printf.o
      1604          0         64          0          0      49443   r_ioport.o
      2420          0         36          0          0      64782   r_sci_uart.o
       814          0         33          0          0       2770   ring_buffer.o
        18          0         64          0      16384        967   startup.o
       272          0          0          0          4       3760   system.o
         0          0        768          0          0       9622   vector_data.o

    ----------------------------------------------------------------------
     12672          6       2196         88      17684     318266   Object Totals
         0          0          0          0        316          0   (incl. Generated)
       120          0          2          0          4          0   (incl. Padding)

    ----------------------------------------------------------------------

      Code (inc. data)   RO Data    RW Data    ZI Data      Debug   Library Member Name

         0          0          0          0          0          0   iusefp.o
        30          0          0          0          0         68   llshl.o
        36          0          0          0          0         68   llsshr.o
        32          0          0          0          0         68   llushr.o
       188         20          0          0          0        160   malloc2.o
        36          0          0          0          0         68   memcpya.o
        36          0          0          0          0        108   memseta.o
         0          0          0          8          0          0   mvars.o
      2308         96          0          0          0        604   printfa.o
        14          0          0          0          0         68   strlen.o
        36          0          0          0          0         80   strstr.o
        44          0          0          0          0         80   uidiv.o
        98          0          0          0          0         92   uldiv.o
        48          0          0          0          0         68   cdrcmple.o
       334          0          0          0          0        148   dadd.o
       222          0          0          0          0        100   ddiv.o
       186          0          0          0          0        176   depilogue.o
        48          0          0          0          0         68   dfixul.o
       228          0          0          0          0         96   dmul.o

    ----------------------------------------------------------------------
      3924        116          0          8          0       2120   Library Totals
         0          0          0          0          0          0   (incl. Padding)

    ----------------------------------------------------------------------

      Code (inc. data)   RO Data    RW Data    ZI Data      Debug   Library Name

      2858        116          0          8          0       1464   mc_w.l
      1066          0          0          0          0        656   mf_w.l

    ----------------------------------------------------------------------
      3924        116          0          8          0       2120   Library Totals

    ----------------------------------------------------------------------

==============================================================================


      Code (inc. data)   RO Data    RW Data    ZI Data      Debug   

     16596        122       2196         96      17684     318894   Grand Totals
     16596        122       2196         96      17684     318894   ELF Image Totals
     16596        122       2196         96          0          0   ROM Totals

==============================================================================

    Total RO  Size (Code + RO Data)                18792 (  18.35kB)
    Total RW  Size (RW Data + ZI Data)             17780 (  17.36kB)
    Total ROM Size (Code + RO Data + RW Data)      18888 (  18.45kB)

==============================================================================

